Java HotSpot(TM) 64-Bit Server VM (25.171-b11) for windows-amd64 JRE (1.8.0_171-b11), built on Mar 28 2018 16:06:12 by "java_re" with MS VC++ 10.0 (VS2010)
Memory: 4k page, physical 8275748k(4083312k free), swap 16664356k(10047336k free)
CommandLine flags: -XX:InitialHeapSize=536870912 -XX:InitialTenuringThreshold=1 -XX:MaxHeapSize=536870912 -XX:MaxNewSize=1048576 -XX:MaxTenuringThreshold=1 -XX:NewSize=1048576 -XX:PretenureSizeThreshold=50 -XX:+PrintGC -XX:+PrintGCDetails -XX:+PrintGCTimeStamps -XX:+UseCompressedClassPointers -XX:+UseCompressedOops -XX:-UseLargePagesIndividualAllocation -XX:+UseSerialGC 
0.097: [GC (Allocation Failure) 0.097: [DefNew: 896K->64K(960K), 0.0015261 secs] 1033K->768K(524224K), 0.0016213 secs] [Times: user=0.00 sys=0.00, real=0.00 secs] 
0.130: [GC (Allocation Failure) 0.153: [DefNew: 960K->64K(960K), 0.0012847 secs] 1755K->1488K(524224K), 0.0246716 secs] [Times: user=0.01 sys=0.00, real=0.03 secs] 
0.157: [GC (Allocation Failure) 0.157: [DefNew: 960K->64K(960K), 0.0007822 secs] 2406K->2001K(524224K), 0.0008111 secs] [Times: user=0.00 sys=0.00, real=0.00 secs] 
0.162: [GC (Allocation Failure) 0.162: [DefNew: 960K->64K(960K), 0.0005973 secs] 2961K->2514K(524224K), 0.0006250 secs] [Times: user=0.00 sys=0.00, real=0.00 secs] 
0.165: [GC (Allocation Failure) 0.165: [DefNew: 960K->63K(960K), 0.0007313 secs] 3445K->2992K(524224K), 0.0007609 secs] [Times: user=0.00 sys=0.00, real=0.00 secs] 
0.170: [GC (Allocation Failure) 0.170: [DefNew: 959K->64K(960K), 0.0013144 secs] 3896K->3540K(524224K), 0.0014127 secs] [Times: user=0.00 sys=0.00, real=0.00 secs] 
0.173: [GC (Allocation Failure) 0.173: [DefNew: 960K->64K(960K), 0.0007561 secs] 4467K->4042K(524224K), 0.0007881 secs] [Times: user=0.00 sys=0.00, real=0.00 secs] 
0.178: [GC (Allocation Failure) 0.178: [DefNew: 960K->63K(960K), 0.0009379 secs] 4953K->4549K(524224K), 0.0009959 secs] [Times: user=0.00 sys=0.00, real=0.00 secs] 
0.184: [GC (Allocation Failure) 0.184: [DefNew: 959K->63K(960K), 0.0009161 secs] 5555K->5057K(524224K), 0.0009608 secs] [Times: user=0.02 sys=0.00, real=0.00 secs] 
0.187: [GC (Allocation Failure) 0.187: [DefNew: 959K->63K(960K), 0.0008913 secs] 5999K->5550K(524224K), 0.0009308 secs] [Times: user=0.00 sys=0.00, real=0.00 secs] 
0.192: [GC (Allocation Failure) 0.192: [DefNew: 959K->63K(960K), 0.0007490 secs] 6455K->5948K(524224K), 0.0007783 secs] [Times: user=0.00 sys=0.00, real=0.00 secs] 
0.194: [GC (Allocation Failure) 0.194: [DefNew: 959K->64K(960K), 0.0006621 secs] 6846K->6320K(524224K), 0.0006858 secs] [Times: user=0.00 sys=0.00, real=0.00 secs] 
0.198: [GC (Allocation Failure) 0.198: [DefNew: 960K->63K(960K), 0.0006499 secs] 7219K->6682K(524224K), 0.0006724 secs] [Times: user=0.00 sys=0.00, real=0.00 secs] 
0.202: [GC (Allocation Failure) 0.202: [DefNew: 959K->63K(960K), 0.0010118 secs] 7587K->7064K(524224K), 0.0010493 secs] [Times: user=0.00 sys=0.00, real=0.00 secs] 
0.205: [GC (Allocation Failure) 0.205: [DefNew: 959K->63K(960K), 0.0007498 secs] 7962K->7473K(524224K), 0.0007743 secs] [Times: user=0.00 sys=0.00, real=0.00 secs] 
0.209: [GC (Allocation Failure) 0.209: [DefNew: 959K->64K(960K), 0.0006080 secs] 8371K->7828K(524224K), 0.0006274 secs] [Times: user=0.00 sys=0.00, real=0.00 secs] 
0.212: [GC (Allocation Failure) 0.212: [DefNew: 960K->64K(960K), 0.0008755 secs] 8854K->8310K(524224K), 0.0008996 secs] [Times: user=0.00 sys=0.00, real=0.00 secs] 
0.216: [GC (Allocation Failure) 0.216: [DefNew: 960K->63K(960K), 0.0007313 secs] 9210K->8667K(524224K), 0.0007558 secs] [Times: user=0.02 sys=0.00, real=0.00 secs] 
0.220: [GC (Allocation Failure) 0.220: [DefNew: 959K->64K(960K), 0.0011820 secs] 9565K->9035K(524224K), 0.0012223 secs] [Times: user=0.00 sys=0.00, real=0.00 secs] 
0.224: [GC (Allocation Failure) 0.224: [DefNew: 960K->63K(960K), 0.0016395 secs] 9955K->9702K(524224K), 0.0016830 secs] [Times: user=0.00 sys=0.00, real=0.00 secs] 
0.230: [GC (Allocation Failure) 0.230: [DefNew: 959K->64K(960K), 0.0016577 secs] 10619K->10281K(524224K), 0.0017039 secs] [Times: user=0.02 sys=0.00, real=0.00 secs] 
0.234: [GC (Allocation Failure) 0.234: [DefNew: 960K->63K(960K), 0.0017746 secs] 11218K->10983K(524224K), 0.0018402 secs] [Times: user=0.00 sys=0.00, real=0.00 secs] 
0.239: [GC (Allocation Failure) 0.239: [DefNew: 959K->63K(960K), 0.0016612 secs] 11900K->11576K(524224K), 0.0017055 secs] [Times: user=0.00 sys=0.00, real=0.00 secs] 
0.243: [GC (Allocation Failure) 0.243: [DefNew: 959K->63K(960K), 0.0009335 secs] 12477K->12031K(524224K), 0.0009580 secs] [Times: user=0.00 sys=0.00, real=0.00 secs] 
0.248: [GC (Allocation Failure) 0.248: [DefNew: 959K->63K(960K), 0.0009474 secs] 12928K->12452K(524224K), 0.0009829 secs] [Times: user=0.00 sys=0.00, real=0.00 secs] 
0.254: [GC (Allocation Failure) 0.254: [DefNew: 959K->63K(960K), 0.0011042 secs] 13359K->12992K(524224K), 0.0011358 secs] [Times: user=0.00 sys=0.00, real=0.00 secs] 
0.257: [GC (Allocation Failure) 0.257: [DefNew: 959K->63K(960K), 0.0010110 secs] 13895K->13432K(524224K), 0.0010355 secs] [Times: user=0.00 sys=0.00, real=0.00 secs] 
0.260: [GC (Allocation Failure) 0.260: [DefNew: 959K->64K(960K), 0.0008881 secs] 14333K->13820K(524224K), 0.0009126 secs] [Times: user=0.00 sys=0.00, real=0.00 secs] 
0.262: [GC (Allocation Failure) 0.262: [DefNew: 960K->64K(960K), 0.0008668 secs] 14718K->14219K(524224K), 0.0008897 secs] [Times: user=0.00 sys=0.00, real=0.00 secs] 
0.266: [GC (Allocation Failure) 0.266: [DefNew: 960K->63K(960K), 0.0009892 secs] 15120K->14633K(524224K), 0.0010181 secs] [Times: user=0.00 sys=0.00, real=0.00 secs] 
0.269: [GC (Allocation Failure) 0.269: [DefNew: 959K->63K(960K), 0.0010797 secs] 15532K->15092K(524224K), 0.0011074 secs] [Times: user=0.00 sys=0.00, real=0.00 secs] 
0.276: [GC (Allocation Failure) 0.276: [DefNew: 959K->64K(960K), 0.0015052 secs] 16259K->15839K(524224K), 0.0015443 secs] [Times: user=0.00 sys=0.00, real=0.00 secs] 
0.280: [GC (Allocation Failure) 0.280: [DefNew: 960K->64K(960K), 0.0011753 secs] 16737K->16277K(524224K), 0.0012049 secs] [Times: user=0.00 sys=0.00, real=0.00 secs] 
0.282: [GC (Allocation Failure) 0.282: [DefNew: 960K->63K(960K), 0.0009553 secs] 17175K->16702K(524224K), 0.0009825 secs] [Times: user=0.00 sys=0.00, real=0.00 secs] 
0.287: [GC (Allocation Failure) 0.287: [DefNew: 959K->63K(960K), 0.0010449 secs] 17600K->17142K(524224K), 0.0010777 secs] [Times: user=0.00 sys=0.00, real=0.00 secs] 
0.290: [GC (Allocation Failure) 0.290: [DefNew: 959K->63K(960K), 0.0011022 secs] 18044K->17606K(524224K), 0.0011322 secs] [Times: user=0.00 sys=0.00, real=0.00 secs] 
0.294: [GC (Allocation Failure) 0.294: [DefNew: 959K->63K(960K), 0.0011366 secs] 18507K->18033K(524224K), 0.0011674 secs] [Times: user=0.02 sys=0.00, real=0.00 secs] 
0.297: [GC (Allocation Failure) 0.297: [DefNew: 959K->64K(960K), 0.0015522 secs] 18934K->18514K(524224K), 0.0015984 secs] [Times: user=0.00 sys=0.00, real=0.00 secs] 
0.302: [GC (Allocation Failure) 0.302: [DefNew: 960K->63K(960K), 0.0019212 secs] 19435K->19081K(524224K), 0.0019832 secs] [Times: user=0.00 sys=0.00, real=0.00 secs] 
0.307: [GC (Allocation Failure) 0.307: [DefNew: 959K->63K(960K), 0.0010746 secs] 19979K->19476K(524224K), 0.0011093 secs] [Times: user=0.00 sys=0.00, real=0.00 secs] 
0.310: [GC (Allocation Failure) 0.310: [DefNew: 959K->63K(960K), 0.0009604 secs] 20372K->19750K(524224K), 0.0009849 secs] [Times: user=0.02 sys=0.00, real=0.00 secs] 
0.314: [GC (Allocation Failure) 0.314: [DefNew: 959K->63K(960K), 0.0009395 secs] 20646K->20062K(524224K), 0.0009695 secs] [Times: user=0.00 sys=0.00, real=0.00 secs] 
0.317: [GC (Allocation Failure) 0.317: [DefNew: 959K->63K(960K), 0.0008162 secs] 20959K->20345K(524224K), 0.0008387 secs] [Times: user=0.00 sys=0.00, real=0.00 secs] 
0.321: [GC (Allocation Failure) 0.321: [DefNew: 959K->64K(960K), 0.0010667 secs] 21242K->20793K(524224K), 0.0011267 secs] [Times: user=0.00 sys=0.00, real=0.00 secs] 
0.324: [GC (Allocation Failure) 0.324: [DefNew: 960K->63K(960K), 0.0010311 secs] 21689K->21125K(524224K), 0.0010738 secs] [Times: user=0.00 sys=0.00, real=0.00 secs] 
0.329: [GC (Allocation Failure) 0.329: [DefNew: 959K->63K(960K), 0.0010264 secs] 22022K->21424K(524224K), 0.0010619 secs] [Times: user=0.00 sys=0.00, real=0.00 secs] 
0.330: [GC (Allocation Failure) 0.330: [DefNew: 959K->63K(960K), 0.0008901 secs] 22320K->21710K(524224K), 0.0009122 secs] [Times: user=0.00 sys=0.00, real=0.00 secs] 
0.335: [GC (Allocation Failure) 0.335: [DefNew: 959K->63K(960K), 0.0009276 secs] 22606K->22035K(524224K), 0.0009679 secs] [Times: user=0.00 sys=0.00, real=0.00 secs] 
0.339: [GC (Allocation Failure) 0.339: [DefNew: 959K->63K(960K), 0.0010153 secs] 22931K->22395K(524224K), 0.0010493 secs] [Times: user=0.00 sys=0.00, real=0.00 secs] 
0.342: [GC (Allocation Failure) 0.342: [DefNew: 959K->64K(960K), 0.0010856 secs] 23292K->22694K(524224K), 0.0011267 secs] [Times: user=0.00 sys=0.00, real=0.00 secs] 
0.345: [GC (Allocation Failure) 0.345: [DefNew: 960K->63K(960K), 0.0011465 secs] 23591K->23213K(524224K), 0.0011757 secs] [Times: user=0.00 sys=0.00, real=0.00 secs] 
0.349: [GC (Allocation Failure) 0.349: [DefNew: 959K->64K(960K), 0.0012749 secs] 24110K->23563K(524224K), 0.0013128 secs] [Times: user=0.00 sys=0.00, real=0.00 secs] 
0.353: [GC (Allocation Failure) 0.353: [DefNew: 960K->64K(960K), 0.0011872 secs] 24460K->24033K(524224K), 0.0012215 secs] [Times: user=0.00 sys=0.00, real=0.00 secs] 
0.357: [GC (Allocation Failure) 0.357: [DefNew: 960K->64K(960K), 0.0012760 secs] 24930K->24372K(524224K), 0.0013179 secs] [Times: user=0.01 sys=0.00, real=0.00 secs] 
0.361: [GC (Allocation Failure) 0.361: [DefNew: 960K->63K(960K), 0.0010888 secs] 25269K->24775K(524224K), 0.0011200 secs] [Times: user=0.00 sys=0.00, real=0.00 secs] 
0.363: [GC (Allocation Failure) 0.363: [DefNew: 959K->64K(960K), 0.0010682 secs] 25671K->25137K(524224K), 0.0010995 secs] [Times: user=0.00 sys=0.00, real=0.00 secs] 
0.367: [GC (Allocation Failure) 0.367: [DefNew: 960K->64K(960K), 0.0011366 secs] 26033K->25605K(524224K), 0.0011769 secs] [Times: user=0.00 sys=0.00, real=0.00 secs] 
0.371: [GC (Allocation Failure) 0.371: [DefNew: 960K->64K(960K), 0.0012085 secs] 26502K->26015K(524224K), 0.0012496 secs] [Times: user=0.02 sys=0.00, real=0.00 secs] 
0.375: [GC (Allocation Failure) 0.375: [DefNew: 960K->64K(960K), 0.0011390 secs] 26913K->26303K(524224K), 0.0011682 secs] [Times: user=0.00 sys=0.00, real=0.00 secs] 
0.378: [GC (Allocation Failure) 0.378: [DefNew: 960K->63K(960K), 0.0009466 secs] 27200K->26585K(524224K), 0.0009722 secs] [Times: user=0.00 sys=0.00, real=0.00 secs] 
0.381: [GC (Allocation Failure) 0.381: [DefNew: 959K->63K(960K), 0.0010129 secs] 27482K->26894K(524224K), 0.0010524 secs] [Times: user=0.00 sys=0.00, real=0.00 secs] 
0.386: [GC (Allocation Failure) 0.386: [DefNew: 959K->63K(960K), 0.0011168 secs] 27791K->27308K(524224K), 0.0011591 secs] [Times: user=0.00 sys=0.00, real=0.00 secs] 
0.389: [GC (Allocation Failure) 0.389: [DefNew: 959K->63K(960K), 0.0014135 secs] 28206K->27650K(524224K), 0.0014605 secs] [Times: user=0.00 sys=0.00, real=0.00 secs] 
0.394: [GC (Allocation Failure) 0.394: [DefNew: 959K->63K(960K), 0.0015629 secs] 28547K->27983K(524224K), 0.0016296 secs] [Times: user=0.00 sys=0.00, real=0.00 secs] 
0.399: [GC (Allocation Failure) 0.399: [DefNew: 959K->64K(960K), 0.0023716 secs] 28880K->28581K(524224K), 0.0024450 secs] [Times: user=0.00 sys=0.00, real=0.00 secs] 
0.404: [GC (Allocation Failure) 0.404: [DefNew: 960K->63K(960K), 0.0013013 secs] 29478K->29019K(524224K), 0.0013373 secs] [Times: user=0.00 sys=0.00, real=0.00 secs] 
0.409: [GC (Allocation Failure) 0.409: [DefNew: 959K->64K(960K), 0.0011931 secs] 29916K->29385K(524224K), 0.0012278 secs] [Times: user=0.00 sys=0.00, real=0.00 secs] 
0.418: [GC (Allocation Failure) 0.418: [DefNew: 960K->64K(960K), 0.0025545 secs] 30794K->30249K(524224K), 0.0026268 secs] [Times: user=0.05 sys=0.00, real=0.00 secs] 
0.423: [GC (Allocation Failure) 0.423: [DefNew: 960K->63K(960K), 0.0011528 secs] 31146K->30595K(524224K), 0.0011848 secs] [Times: user=0.00 sys=0.00, real=0.00 secs] 
0.427: [GC (Allocation Failure) 0.427: [DefNew: 959K->63K(960K), 0.0009813 secs] 31492K->30903K(524224K), 0.0010232 secs] [Times: user=0.00 sys=0.00, real=0.00 secs] 
0.429: [GC (Allocation Failure) 0.429: [DefNew: 959K->64K(960K), 0.0009888 secs] 31799K->31163K(524224K), 0.0010291 secs] [Times: user=0.00 sys=0.00, real=0.00 secs] 
0.431: [GC (Allocation Failure) 0.431: [DefNew: 960K->63K(960K), 0.0008450 secs] 32059K->31398K(524224K), 0.0008679 secs] [Times: user=0.00 sys=0.00, real=0.00 secs] 
0.434: [GC (Allocation Failure) 0.434: [DefNew: 959K->64K(960K), 0.0010406 secs] 32295K->31709K(524224K), 0.0010825 secs] [Times: user=0.02 sys=0.00, real=0.00 secs] 
0.437: [GC (Allocation Failure) 0.437: [DefNew: 960K->64K(960K), 0.0010833 secs] 32606K->31974K(524224K), 0.0011066 secs] [Times: user=0.00 sys=0.00, real=0.00 secs] 
0.442: [GC (Allocation Failure) 0.442: [DefNew: 960K->63K(960K), 0.0009869 secs] 32871K->32317K(524224K), 0.0010098 secs] [Times: user=0.00 sys=0.00, real=0.00 secs] 
0.446: [GC (Allocation Failure) 0.446: [DefNew: 959K->63K(960K), 0.0011477 secs] 33218K->32640K(524224K), 0.0011836 secs] [Times: user=0.00 sys=0.00, real=0.00 secs] 
0.448: [GC (Allocation Failure) 0.448: [DefNew: 959K->63K(960K), 0.0014487 secs] 33548K->32904K(524224K), 0.0014953 secs] [Times: user=0.00 sys=0.00, real=0.00 secs] 
0.453: [GC (Allocation Failure) 0.453: [DefNew: 959K->63K(960K), 0.0010441 secs] 33808K->33252K(524224K), 0.0010817 secs] [Times: user=0.00 sys=0.00, real=0.00 secs] 
0.456: [GC (Allocation Failure) 0.456: [DefNew: 959K->63K(960K), 0.0010224 secs] 34180K->33493K(524224K), 0.0010833 secs] [Times: user=0.00 sys=0.00, real=0.00 secs] 
0.460: [GC (Allocation Failure) 0.460: [DefNew: 959K->64K(960K), 0.0008379 secs] 34428K->33736K(524224K), 0.0008593 secs] [Times: user=0.00 sys=0.00, real=0.00 secs] 
0.464: [GC (Allocation Failure) 0.464: [DefNew: 960K->64K(960K), 0.0007561 secs] 34676K->33977K(524224K), 0.0007743 secs] [Times: user=0.00 sys=0.00, real=0.00 secs] 
0.466: [GC (Allocation Failure) 0.466: [DefNew: 960K->63K(960K), 0.0012184 secs] 34914K->34237K(524224K), 0.0012425 secs] [Times: user=0.00 sys=0.00, real=0.00 secs] 
0.470: [GC (Allocation Failure) 0.470: [DefNew: 959K->63K(960K), 0.0008834 secs] 35166K->34521K(524224K), 0.0009090 secs] [Times: user=0.00 sys=0.00, real=0.00 secs] 
0.475: [GC (Allocation Failure) 0.475: [DefNew: 959K->63K(960K), 0.0008644 secs] 35461K->34783K(524224K), 0.0008822 secs] [Times: user=0.00 sys=0.00, real=0.00 secs] 
0.477: [GC (Allocation Failure) 0.477: [DefNew: 959K->64K(960K), 0.0008269 secs] 35733K->35038K(524224K), 0.0008474 secs] [Times: user=0.00 sys=0.00, real=0.00 secs] 
0.481: [GC (Allocation Failure) 0.481: [DefNew: 960K->63K(960K), 0.0009347 secs] 35979K->35298K(524224K), 0.0009616 secs] [Times: user=0.02 sys=0.00, real=0.00 secs] 
0.486: [GC (Allocation Failure) 0.486: [DefNew: 959K->63K(960K), 0.0011978 secs] 36232K->35602K(524224K), 0.0012476 secs] [Times: user=0.00 sys=0.00, real=0.00 secs] 
0.488: [GC (Allocation Failure) 0.488: [DefNew: 959K->63K(960K), 0.0012286 secs] 36534K->35888K(524224K), 0.0012990 secs] [Times: user=0.00 sys=0.00, real=0.00 secs] 
0.492: [GC (Allocation Failure) 0.492: [DefNew: 959K->64K(960K), 0.0010299 secs] 36818K->36175K(524224K), 0.0010734 secs] [Times: user=0.00 sys=0.00, real=0.00 secs] 
0.495: [GC (Allocation Failure) 0.495: [DefNew: 960K->63K(960K), 0.0009564 secs] 37114K->36455K(524224K), 0.0009952 secs] [Times: user=0.00 sys=0.00, real=0.00 secs] 
0.498: [GC (Allocation Failure) 0.498: [DefNew: 959K->63K(960K), 0.0015206 secs] 37382K->36767K(524224K), 0.0015783 secs] [Times: user=0.00 sys=0.00, real=0.00 secs] 
0.504: [GC (Allocation Failure) 0.504: [DefNew: 959K->63K(960K), 0.0011536 secs] 37685K->37116K(524224K), 0.0011915 secs] [Times: user=0.00 sys=0.00, real=0.00 secs] 
0.507: [GC (Allocation Failure) 0.507: [DefNew: 959K->64K(960K), 0.0009248 secs] 38058K->37385K(524224K), 0.0009501 secs] [Times: user=0.00 sys=0.00, real=0.00 secs] 
0.511: [GC (Allocation Failure) 0.511: [DefNew: 960K->64K(960K), 0.0008648 secs] 38324K->37655K(524224K), 0.0008885 secs] [Times: user=0.00 sys=0.00, real=0.00 secs] 
0.515: [GC (Allocation Failure) 0.515: [DefNew: 960K->63K(960K), 0.0010031 secs] 38599K->37917K(524224K), 0.0010694 secs] [Times: user=0.00 sys=0.00, real=0.00 secs] 
0.518: [GC (Allocation Failure) 0.518: [DefNew: 959K->63K(960K), 0.0008786 secs] 38856K->38182K(524224K), 0.0009031 secs] [Times: user=0.00 sys=0.00, real=0.00 secs] 
0.522: [GC (Allocation Failure) 0.522: [DefNew: 959K->63K(960K), 0.0009280 secs] 39112K->38474K(524224K), 0.0009576 secs] [Times: user=0.00 sys=0.00, real=0.00 secs] 
0.526: [GC (Allocation Failure) 0.526: [DefNew: 959K->64K(960K), 0.0010276 secs] 39404K->38758K(524224K), 0.0010754 secs] [Times: user=0.00 sys=0.00, real=0.00 secs] 
0.529: [GC (Allocation Failure) 0.529: [DefNew: 960K->64K(960K), 0.0012519 secs] 39694K->39052K(524224K), 0.0012930 secs] [Times: user=0.00 sys=0.00, real=0.00 secs] 
0.533: [GC (Allocation Failure) 0.533: [DefNew: 960K->63K(960K), 0.0010193 secs] 39982K->39343K(524224K), 0.0010501 secs] [Times: user=0.00 sys=0.00, real=0.00 secs] 
0.536: [GC (Allocation Failure) 0.536: [DefNew: 959K->63K(960K), 0.0010070 secs] 40279K->39622K(524224K), 0.0010319 secs] [Times: user=0.00 sys=0.00, real=0.00 secs] 
0.541: [GC (Allocation Failure) 0.541: [DefNew: 959K->63K(960K), 0.0010698 secs] 40543K->39933K(524224K), 0.0011042 secs] [Times: user=0.00 sys=0.00, real=0.00 secs] 
0.545: [GC (Allocation Failure) 0.545: [DefNew: 959K->64K(960K), 0.0012666 secs] 40853K->40244K(524224K), 0.0013001 secs] [Times: user=0.00 sys=0.00, real=0.00 secs] 
0.548: [GC (Allocation Failure) 0.548: [DefNew: 960K->63K(960K), 0.0012365 secs] 41168K->40575K(524224K), 0.0012733 secs] [Times: user=0.00 sys=0.00, real=0.00 secs] 
0.552: [GC (Allocation Failure) 0.552: [DefNew: 959K->64K(960K), 0.0015166 secs] 41498K->40883K(524224K), 0.0015609 secs] [Times: user=0.00 sys=0.00, real=0.00 secs] 
0.557: [GC (Allocation Failure) 0.557: [DefNew: 960K->64K(960K), 0.0009884 secs] 41818K->41168K(524224K), 0.0010181 secs] [Times: user=0.00 sys=0.00, real=0.00 secs] 
0.559: [GC (Allocation Failure) 0.559: [DefNew: 960K->64K(960K), 0.0009600 secs] 42108K->41436K(524224K), 0.0010007 secs] [Times: user=0.01 sys=0.00, real=0.00 secs] 
0.564: [GC (Allocation Failure) 0.564: [DefNew: 960K->63K(960K), 0.0010082 secs] 42368K->41716K(524224K), 0.0010351 secs] [Times: user=0.00 sys=0.00, real=0.00 secs] 
0.566: [GC (Allocation Failure) 0.566: [DefNew: 959K->63K(960K), 0.0009928 secs] 42653K->41997K(524224K), 0.0010165 secs] [Times: user=0.00 sys=0.00, real=0.00 secs] 
0.571: [GC (Allocation Failure) 0.571: [DefNew: 959K->63K(960K), 0.0011038 secs] 42926K->42289K(524224K), 0.0011457 secs] [Times: user=0.00 sys=0.00, real=0.00 secs] 
0.575: [GC (Allocation Failure) 0.575: [DefNew: 959K->63K(960K), 0.0010943 secs] 43213K->42595K(524224K), 0.0011342 secs] [Times: user=0.02 sys=0.00, real=0.00 secs] 
0.578: [GC (Allocation Failure) 0.578: [DefNew: 959K->64K(960K), 0.0011425 secs] 43533K->42872K(524224K), 0.0011911 secs] [Times: user=0.00 sys=0.00, real=0.00 secs] 
0.582: [GC (Allocation Failure) 0.582: [DefNew: 960K->64K(960K), 0.0010441 secs] 43806K->43151K(524224K), 0.0010702 secs] [Times: user=0.00 sys=0.00, real=0.00 secs] 
0.586: [GC (Allocation Failure) 0.586: [DefNew: 960K->63K(960K), 0.0009264 secs] 44096K->43411K(524224K), 0.0009513 secs] [Times: user=0.00 sys=0.00, real=0.00 secs] 
0.588: [GC (Allocation Failure) 0.588: [DefNew: 959K->63K(960K), 0.0009667 secs] 44354K->43678K(524224K), 0.0009900 secs] [Times: user=0.00 sys=0.00, real=0.00 secs] 
0.592: [GC (Allocation Failure) 0.592: [DefNew: 959K->63K(960K), 0.0018070 secs] 44607K->43980K(524224K), 0.0018536 secs] [Times: user=0.00 sys=0.00, real=0.00 secs] 
0.596: [GC (Allocation Failure) 0.596: [DefNew: 959K->63K(960K), 0.0010611 secs] 44911K->44268K(524224K), 0.0010872 secs] [Times: user=0.00 sys=0.00, real=0.00 secs] 
0.600: [GC (Allocation Failure) 0.600: [DefNew: 959K->64K(960K), 0.0014266 secs] 45185K->44611K(524224K), 0.0014621 secs] [Times: user=0.00 sys=0.00, real=0.00 secs] 
0.605: [GC (Allocation Failure) 0.605: [DefNew: 960K->63K(960K), 0.0013610 secs] 45537K->45092K(524224K), 0.0014017 secs] [Times: user=0.00 sys=0.00, real=0.00 secs] 
0.609: [GC (Allocation Failure) 0.609: [DefNew: 959K->63K(960K), 0.0010963 secs] 46021K->45375K(524224K), 0.0011236 secs] [Times: user=0.00 sys=0.00, real=0.00 secs] 
0.614: [GC (Allocation Failure) 0.614: [DefNew: 959K->64K(960K), 0.0009948 secs] 46312K->45649K(524224K), 0.0010208 secs] [Times: user=0.00 sys=0.00, real=0.00 secs] 
0.618: [GC (Allocation Failure) 0.618: [DefNew: 960K->64K(960K), 0.0010102 secs] 46583K->45934K(524224K), 0.0010422 secs] [Times: user=0.00 sys=0.00, real=0.00 secs] 
0.620: [GC (Allocation Failure) 0.620: [DefNew: 960K->64K(960K), 0.0010821 secs] 46854K->46254K(524224K), 0.0011129 secs] [Times: user=0.00 sys=0.00, real=0.00 secs] 
0.624: [GC (Allocation Failure) 0.624: [DefNew: 960K->63K(960K), 0.0012330 secs] 47178K->46566K(524224K), 0.0012828 secs] [Times: user=0.00 sys=0.00, real=0.00 secs] 
0.626: [GC (Allocation Failure) 0.626: [DefNew: 959K->63K(960K), 0.0010667 secs] 47501K->46850K(524224K), 0.0010916 secs] [Times: user=0.00 sys=0.00, real=0.00 secs] 
0.630: [GC (Allocation Failure) 0.630: [DefNew: 959K->64K(960K), 0.0009971 secs] 47793K->47106K(524224K), 0.0010228 secs] [Times: user=0.00 sys=0.00, real=0.00 secs] 
0.633: [GC (Allocation Failure) 0.633: [DefNew: 960K->63K(960K), 0.0010291 secs] 48045K->47376K(524224K), 0.0010667 secs] [Times: user=0.00 sys=0.00, real=0.00 secs] 
0.636: [GC (Allocation Failure) 0.636: [DefNew: 959K->64K(960K), 0.0009900 secs] 48307K->47676K(524224K), 0.0010272 secs] [Times: user=0.00 sys=0.00, real=0.00 secs] 
0.640: [GC (Allocation Failure) 0.640: [DefNew: 960K->64K(960K), 0.0020618 secs] 48597K->47981K(524224K), 0.0021543 secs] [Times: user=0.00 sys=0.00, real=0.00 secs] 
0.646: [GC (Allocation Failure) 0.646: [DefNew: 960K->63K(960K), 0.0009643 secs] 48908K->48278K(524224K), 0.0009952 secs] [Times: user=0.00 sys=0.00, real=0.00 secs] 
0.648: [GC (Allocation Failure) 0.648: [DefNew: 959K->63K(960K), 0.0010682 secs] 49207K->48571K(524224K), 0.0011058 secs] [Times: user=0.00 sys=0.00, real=0.00 secs] 
0.652: [GC (Allocation Failure) 0.652: [DefNew: 959K->64K(960K), 0.0012539 secs] 49497K->48872K(524224K), 0.0012970 secs] [Times: user=0.00 sys=0.00, real=0.00 secs] 
0.655: [GC (Allocation Failure) 0.655: [DefNew: 960K->63K(960K), 0.0013839 secs] 49806K->49152K(524224K), 0.0014151 secs] [Times: user=0.00 sys=0.00, real=0.00 secs] 
0.660: [GC (Allocation Failure) 0.660: [DefNew: 959K->63K(960K), 0.0009801 secs] 50091K->49425K(524224K), 0.0010046 secs] [Times: user=0.00 sys=0.00, real=0.00 secs] 
0.663: [GC (Allocation Failure) 0.663: [DefNew: 959K->63K(960K), 0.0010596 secs] 50362K->49703K(524224K), 0.0010987 secs] [Times: user=0.00 sys=0.00, real=0.00 secs] 
0.666: [GC (Allocation Failure) 0.666: [DefNew: 959K->63K(960K), 0.0009829 secs] 50635K->49993K(524224K), 0.0010220 secs] [Times: user=0.00 sys=0.00, real=0.00 secs] 
0.671: [GC (Allocation Failure) 0.671: [DefNew: 959K->64K(960K), 0.0010611 secs] 50911K->50305K(524224K), 0.0010943 secs] [Times: user=0.00 sys=0.00, real=0.00 secs] 
0.674: [GC (Allocation Failure) 0.674: [DefNew: 960K->63K(960K), 0.0011050 secs] 51243K->50577K(524224K), 0.0011441 secs] [Times: user=0.00 sys=0.00, real=0.00 secs] 
0.677: [GC (Allocation Failure) 0.677: [DefNew: 959K->63K(960K), 0.0010916 secs] 51510K->50871K(524224K), 0.0011299 secs] [Times: user=0.00 sys=0.00, real=0.00 secs] 
0.681: [GC (Allocation Failure) 0.681: [DefNew: 959K->63K(960K), 0.0010785 secs] 51791K->51182K(524224K), 0.0011192 secs] [Times: user=0.00 sys=0.00, real=0.00 secs] 
0.684: [GC (Allocation Failure) 0.684: [DefNew: 959K->63K(960K), 0.0010560 secs] 52127K->51447K(524224K), 0.0010935 secs] [Times: user=0.00 sys=0.00, real=0.00 secs] 
0.686: [GC (Allocation Failure) 0.686: [DefNew: 959K->63K(960K), 0.0010908 secs] 52379K->51732K(524224K), 0.0011370 secs] [Times: user=0.00 sys=0.00, real=0.00 secs] 
0.690: [GC (Allocation Failure) 0.690: [DefNew: 959K->64K(960K), 0.0011236 secs] 52645K->52102K(524224K), 0.0011571 secs] [Times: user=0.00 sys=0.00, real=0.00 secs] 
0.693: [GC (Allocation Failure) 0.693: [DefNew: 960K->63K(960K), 0.0010888 secs] 53038K->52384K(524224K), 0.0011153 secs] [Times: user=0.00 sys=0.00, real=0.00 secs] 
0.698: [GC (Allocation Failure) 0.698: [DefNew: 959K->63K(960K), 0.0014578 secs] 53311K->52697K(524224K), 0.0014965 secs] [Times: user=0.00 sys=0.00, real=0.00 secs] 
0.704: [GC (Allocation Failure) 0.704: [DefNew: 959K->64K(960K), 0.0011646 secs] 53611K->53058K(524224K), 0.0011990 secs] [Times: user=0.00 sys=0.00, real=0.00 secs] 
0.706: [GC (Allocation Failure) 0.706: [DefNew: 960K->63K(960K), 0.0009853 secs] 53998K->53329K(524224K), 0.0010070 secs] [Times: user=0.00 sys=0.00, real=0.00 secs] 
0.710: [GC (Allocation Failure) 0.710: [DefNew: 959K->64K(960K), 0.0008419 secs] 54271K->53592K(524224K), 0.0008589 secs] [Times: user=0.00 sys=0.00, real=0.00 secs] 
0.714: [GC (Allocation Failure) 0.714: [DefNew: 960K->63K(960K), 0.0008474 secs] 54533K->53858K(524224K), 0.0008676 secs] [Times: user=0.00 sys=0.00, real=0.00 secs] 
0.717: [GC (Allocation Failure) 0.717: [DefNew: 959K->63K(960K), 0.0010497 secs] 54795K->54141K(524224K), 0.0010876 secs] [Times: user=0.00 sys=0.00, real=0.00 secs] 
0.722: [GC (Allocation Failure) 0.722: [DefNew: 959K->63K(960K), 0.0015016 secs] 55053K->54499K(524224K), 0.0015411 secs] [Times: user=0.00 sys=0.00, real=0.00 secs] 
0.724: [GC (Allocation Failure) 0.724: [DefNew: 959K->64K(960K), 0.0009754 secs] 55442K->54761K(524224K), 0.0009975 secs] [Times: user=0.00 sys=0.00, real=0.00 secs] 
0.730: [GC (Allocation Failure) 0.730: [DefNew: 960K->64K(960K), 0.0046040 secs] 55682K->55512K(524224K), 0.0046831 secs] [Times: user=0.02 sys=0.00, real=0.00 secs] 
0.737: [GC (Allocation Failure) 0.738: [DefNew: 960K->64K(960K), 0.0057473 secs] 56424K->56315K(524224K), 0.0058319 secs] [Times: user=0.00 sys=0.00, real=0.01 secs] 
0.747: [GC (Allocation Failure) 0.747: [DefNew: 960K->64K(960K), 0.0063309 secs] 57219K->57146K(524224K), 0.0064304 secs] [Times: user=0.01 sys=0.00, real=0.01 secs] 
0.755: [GC (Allocation Failure) 0.756: [DefNew: 960K->64K(960K), 0.0060832 secs] 58049K->57950K(524224K), 0.0061827 secs] [Times: user=0.00 sys=0.00, real=0.01 secs] 
0.764: [GC (Allocation Failure) 0.764: [DefNew: 960K->64K(960K), 0.0024660 secs] 58879K->58644K(524224K), 0.0025296 secs] [Times: user=0.00 sys=0.00, real=0.00 secs] 
0.774: [GC (Allocation Failure) 0.774: [DefNew: 960K->64K(960K), 0.0031155 secs] 60595K->59943K(524224K), 0.0031633 secs] [Times: user=0.00 sys=0.00, real=0.00 secs] 
0.779: [GC (Allocation Failure) 0.780: [DefNew: 960K->63K(960K), 0.0010125 secs] 60875K->60208K(524224K), 0.0010501 secs] [Times: user=0.00 sys=0.00, real=0.00 secs] 
0.784: [GC (Allocation Failure) 0.785: [DefNew: 959K->63K(960K), 0.0010568 secs] 61128K->60525K(524224K), 0.0011050 secs] [Times: user=0.00 sys=0.00, real=0.00 secs] 
0.789: [GC (Allocation Failure) 0.789: [DefNew: 959K->63K(960K), 0.0010307 secs] 61454K->60802K(524224K), 0.0010596 secs] [Times: user=0.00 sys=0.00, real=0.00 secs] 
0.792: [GC (Allocation Failure) 0.792: [DefNew: 959K->63K(960K), 0.0010876 secs] 61727K->61101K(524224K), 0.0011113 secs] [Times: user=0.00 sys=0.00, real=0.00 secs] 
0.797: [GC (Allocation Failure) 0.797: [DefNew: 959K->63K(960K), 0.0011682 secs] 62020K->61413K(524224K), 0.0012053 secs] [Times: user=0.00 sys=0.00, real=0.00 secs] 
0.801: [GC (Allocation Failure) 0.801: [DefNew: 959K->63K(960K), 0.0010738 secs] 62352K->61692K(524224K), 0.0010995 secs] [Times: user=0.00 sys=0.00, real=0.00 secs] 
0.804: [GC (Allocation Failure) 0.804: [DefNew: 959K->63K(960K), 0.0010347 secs] 62631K->61958K(524224K), 0.0010588 secs] [Times: user=0.00 sys=0.00, real=0.00 secs] 
0.808: [GC (Allocation Failure) 0.808: [DefNew: 959K->63K(960K), 0.0008917 secs] 62901K->62229K(524224K), 0.0009142 secs] [Times: user=0.00 sys=0.00, real=0.00 secs] 
0.810: [GC (Allocation Failure) 0.810: [DefNew: 959K->63K(960K), 0.0011255 secs] 63169K->62494K(524224K), 0.0011477 secs] [Times: user=0.00 sys=0.00, real=0.00 secs] 
0.814: [GC (Allocation Failure) 0.814: [DefNew: 959K->64K(960K), 0.0009165 secs] 63438K->62756K(524224K), 0.0009541 secs] [Times: user=0.00 sys=0.00, real=0.00 secs] 
0.818: [GC (Allocation Failure) 0.818: [DefNew: 960K->64K(960K), 0.0009300 secs] 63704K->63011K(524224K), 0.0009782 secs] [Times: user=0.00 sys=0.00, real=0.00 secs] 
0.821: [GC (Allocation Failure) 0.821: [DefNew: 960K->63K(960K), 0.0009533 secs] 63959K->63267K(524224K), 0.0009790 secs] [Times: user=0.00 sys=0.00, real=0.00 secs] 
0.825: [GC (Allocation Failure) 0.825: [DefNew: 959K->63K(960K), 0.0009248 secs] 64209K->63535K(524224K), 0.0009470 secs] [Times: user=0.02 sys=0.00, real=0.00 secs] 
0.829: [GC (Allocation Failure) 0.829: [DefNew: 959K->63K(960K), 0.0010011 secs] 64478K->63795K(524224K), 0.0010268 secs] [Times: user=0.00 sys=0.00, real=0.00 secs] 
0.831: [GC (Allocation Failure) 0.831: [DefNew: 959K->64K(960K), 0.0014005 secs] 64734K->64063K(524224K), 0.0014590 secs] [Times: user=0.00 sys=0.00, real=0.00 secs] 
0.836: [GC (Allocation Failure) 0.836: [DefNew: 960K->64K(960K), 0.0009616 secs] 65005K->64333K(524224K), 0.0009809 secs] [Times: user=0.00 sys=0.00, real=0.00 secs] 
0.839: [GC (Allocation Failure) 0.839: [DefNew: 960K->63K(960K), 0.0010991 secs] 65267K->64607K(524224K), 0.0011378 secs] [Times: user=0.00 sys=0.00, real=0.00 secs] 
0.842: [GC (Allocation Failure) 0.842: [DefNew: 959K->63K(960K), 0.0012365 secs] 65543K->64889K(524224K), 0.0012650 secs] [Times: user=0.00 sys=0.00, real=0.00 secs] 
0.846: [GC (Allocation Failure) 0.846: [DefNew: 959K->63K(960K), 0.0012030 secs] 65823K->65164K(524224K), 0.0012361 secs] [Times: user=0.00 sys=0.00, real=0.00 secs] 
0.850: [GC (Allocation Failure) 0.850: [DefNew: 959K->63K(960K), 0.0012184 secs] 66091K->65462K(524224K), 0.0012547 secs] [Times: user=0.00 sys=0.00, real=0.00 secs] 
0.852: [GC (Allocation Failure) 0.852: [DefNew: 959K->63K(960K), 0.0011876 secs] 66402K->65744K(524224K), 0.0012326 secs] [Times: user=0.00 sys=0.00, real=0.00 secs] 
0.857: [GC (Allocation Failure) 0.857: [DefNew: 959K->64K(960K), 0.0010220 secs] 66678K->66033K(524224K), 0.0010599 secs] [Times: user=0.00 sys=0.00, real=0.00 secs] 
0.859: [GC (Allocation Failure) 0.859: [DefNew: 960K->63K(960K), 0.0012152 secs] 66961K->66339K(524224K), 0.0012717 secs] [Times: user=0.00 sys=0.00, real=0.00 secs] 
0.865: [GC (Allocation Failure) 0.865: [DefNew: 959K->63K(960K), 0.0053697 secs] 67259K->67103K(524224K), 0.0054704 secs] [Times: user=0.00 sys=0.00, real=0.00 secs] 
0.874: [GC (Allocation Failure) 0.874: [DefNew: 959K->64K(960K), 0.0076116 secs] 68019K->67891K(524224K), 0.0076946 secs] [Times: user=0.00 sys=0.00, real=0.01 secs] 
0.883: [GC (Allocation Failure) 0.883: [DefNew: 960K->64K(960K), 0.0014680 secs] 68829K->68169K(524224K), 0.0014925 secs] [Times: user=0.00 sys=0.00, real=0.00 secs] 
0.888: [GC (Allocation Failure) 0.888: [DefNew: 960K->63K(960K), 0.0011666 secs] 69102K->68458K(524224K), 0.0012069 secs] [Times: user=0.00 sys=0.00, real=0.00 secs] 
0.892: [GC (Allocation Failure) 0.892: [DefNew: 959K->64K(960K), 0.0010347 secs] 69398K->68736K(524224K), 0.0010611 secs] [Times: user=0.00 sys=0.00, real=0.00 secs] 
0.895: [GC (Allocation Failure) 0.895: [DefNew: 960K->63K(960K), 0.0010110 secs] 69671K->69008K(524224K), 0.0010489 secs] [Times: user=0.00 sys=0.00, real=0.00 secs] 
0.900: [GC (Allocation Failure) 0.900: [DefNew: 959K->64K(960K), 0.0011504 secs] 69941K->69295K(524224K), 0.0011931 secs] [Times: user=0.00 sys=0.00, real=0.00 secs] 
0.902: [GC (Allocation Failure) 0.902: [DefNew: 960K->64K(960K), 0.0011737 secs] 70233K->69565K(524224K), 0.0012065 secs] [Times: user=0.00 sys=0.00, real=0.00 secs] 
0.906: [GC (Allocation Failure) 0.906: [DefNew: 960K->64K(960K), 0.0013705 secs] 70487K->69875K(524224K), 0.0014123 secs] [Times: user=0.00 sys=0.00, real=0.00 secs] 
0.911: [GC (Allocation Failure) 0.911: [DefNew: 960K->64K(960K), 0.0012211 secs] 70785K->70230K(524224K), 0.0012512 secs] [Times: user=0.00 sys=0.00, real=0.00 secs] 
0.913: [GC (Allocation Failure) 0.913: [DefNew: 960K->63K(960K), 0.0011587 secs] 71166K->70503K(524224K), 0.0011962 secs] [Times: user=0.00 sys=0.00, real=0.00 secs] 
0.918: [GC (Allocation Failure) 0.918: [DefNew: 959K->63K(960K), 0.0010615 secs] 71434K->70789K(524224K), 0.0010999 secs] [Times: user=0.00 sys=0.00, real=0.00 secs] 
0.921: [GC (Allocation Failure) 0.921: [DefNew: 959K->64K(960K), 0.0014515 secs] 71714K->71086K(524224K), 0.0014902 secs] [Times: user=0.00 sys=0.00, real=0.00 secs] 
0.926: [GC (Allocation Failure) 0.926: [DefNew: 960K->64K(960K), 0.0010276 secs] 72030K->71349K(524224K), 0.0010501 secs] [Times: user=0.00 sys=0.00, real=0.00 secs] 
0.930: [GC (Allocation Failure) 0.930: [DefNew: 960K->63K(960K), 0.0010671 secs] 72280K->71638K(524224K), 0.0011050 secs] [Times: user=0.00 sys=0.00, real=0.00 secs] 
0.933: [GC (Allocation Failure) 0.933: [DefNew: 959K->63K(960K), 0.0011085 secs] 72571K->71917K(524224K), 0.0011465 secs] [Times: user=0.00 sys=0.00, real=0.00 secs] 
0.937: [GC (Allocation Failure) 0.937: [DefNew: 959K->64K(960K), 0.0011413 secs] 72846K->72206K(524224K), 0.0011721 secs] [Times: user=0.00 sys=0.00, real=0.00 secs] 
0.940: [GC (Allocation Failure) 0.940: [DefNew: 960K->64K(960K), 0.0011078 secs] 73144K->72481K(524224K), 0.0011453 secs] [Times: user=0.00 sys=0.00, real=0.00 secs] 
0.943: [GC (Allocation Failure) 0.943: [DefNew: 960K->63K(960K), 0.0010374 secs] 73413K->72768K(524224K), 0.0010761 secs] [Times: user=0.00 sys=0.00, real=0.00 secs] 
0.948: [GC (Allocation Failure) 0.948: [DefNew: 959K->63K(960K), 0.0011157 secs] 73686K->73082K(524224K), 0.0011477 secs] [Times: user=0.00 sys=0.00, real=0.00 secs] 
0.951: [GC (Allocation Failure) 0.951: [DefNew: 959K->63K(960K), 0.0010129 secs] 74023K->73349K(524224K), 0.0010366 secs] [Times: user=0.00 sys=0.00, real=0.00 secs] 
0.954: [GC (Allocation Failure) 0.954: [DefNew: 959K->63K(960K), 0.0013227 secs] 74282K->73641K(524224K), 0.0013653 secs] [Times: user=0.00 sys=0.00, real=0.00 secs] 
0.958: [GC (Allocation Failure) 0.958: [DefNew: 959K->63K(960K), 0.0009754 secs] 74590K->73901K(524224K), 0.0009983 secs] [Times: user=0.00 sys=0.00, real=0.00 secs] 
0.960: [GC (Allocation Failure) 0.960: [DefNew: 959K->63K(960K), 0.0010821 secs] 74831K->74186K(524224K), 0.0011220 secs] [Times: user=0.00 sys=0.00, real=0.00 secs] 
0.965: [GC (Allocation Failure) 0.965: [DefNew: 959K->64K(960K), 0.0011804 secs] 75110K->74478K(524224K), 0.0012184 secs] [Times: user=0.00 sys=0.00, real=0.00 secs] 
0.970: [GC (Allocation Failure) 0.970: [DefNew: 960K->63K(960K), 0.0010872 secs] 75405K->74777K(524224K), 0.0011326 secs] [Times: user=0.00 sys=0.00, real=0.00 secs] 
0.972: [GC (Allocation Failure) 0.972: [DefNew: 959K->63K(960K), 0.0009813 secs] 75722K->75045K(524224K), 0.0010027 secs] [Times: user=0.00 sys=0.00, real=0.00 secs] 
0.977: [GC (Allocation Failure) 0.977: [DefNew: 959K->63K(960K), 0.0009256 secs] 75990K->75310K(524224K), 0.0009470 secs] [Times: user=0.00 sys=0.00, real=0.00 secs] 
0.980: [GC (Allocation Failure) 0.980: [DefNew: 959K->64K(960K), 0.0010584 secs] 76246K->75590K(524224K), 0.0010967 secs] [Times: user=0.00 sys=0.00, real=0.00 secs] 
0.982: [GC (Allocation Failure) 0.982: [DefNew: 960K->64K(960K), 0.0011322 secs] 76541K->75848K(524224K), 0.0011702 secs] [Times: user=0.00 sys=0.00, real=0.00 secs] 
0.987: [GC (Allocation Failure) 0.987: [DefNew: 960K->64K(960K), 0.0008727 secs] 76774K->76143K(524224K), 0.0008960 secs] [Times: user=0.00 sys=0.00, real=0.00 secs] 
0.990: [GC (Allocation Failure) 0.990: [DefNew: 960K->63K(960K), 0.0009375 secs] 77090K->76409K(524224K), 0.0009592 secs] [Times: user=0.00 sys=0.00, real=0.00 secs] 
0.992: [GC (Allocation Failure) 0.992: [DefNew: 959K->63K(960K), 0.0010509 secs] 77343K->76701K(524224K), 0.0010884 secs] [Times: user=0.00 sys=0.00, real=0.00 secs] 
0.997: [GC (Allocation Failure) 0.997: [DefNew: 959K->64K(960K), 0.0012934 secs] 77624K->77010K(524224K), 0.0013321 secs] [Times: user=0.03 sys=0.00, real=0.00 secs] 
1.000: [GC (Allocation Failure) 1.000: [DefNew: 960K->64K(960K), 0.0013156 secs] 77924K->77369K(524224K), 0.0013527 secs] [Times: user=0.00 sys=0.00, real=0.00 secs] 
1.005: [GC (Allocation Failure) 1.005: [DefNew: 960K->63K(960K), 0.0016549 secs] 78285K->77750K(524224K), 0.0017466 secs] [Times: user=0.00 sys=0.00, real=0.00 secs] 
1.011: [GC (Allocation Failure) 1.011: [DefNew: 959K->64K(960K), 0.0012701 secs] 78677K->78047K(524224K), 0.0013092 secs] [Times: user=0.00 sys=0.00, real=0.00 secs] 
1.014: [GC (Allocation Failure) 1.014: [DefNew: 960K->63K(960K), 0.0015755 secs] 78981K->78340K(524224K), 0.0016186 secs] [Times: user=0.00 sys=0.00, real=0.00 secs] 
1.018: [GC (Allocation Failure) 1.018: [DefNew: 959K->63K(960K), 0.0011603 secs] 79280K->78608K(524224K), 0.0011887 secs] [Times: user=0.00 sys=0.00, real=0.00 secs] 
1.023: [GC (Allocation Failure) 1.023: [DefNew: 959K->63K(960K), 0.0010682 secs] 79539K->78898K(524224K), 0.0011066 secs] [Times: user=0.00 sys=0.00, real=0.00 secs] 
1.025: [GC (Allocation Failure) 1.025: [DefNew: 959K->63K(960K), 0.0009683 secs] 79839K->79166K(524224K), 0.0009896 secs] [Times: user=0.00 sys=0.00, real=0.00 secs] 
1.028: [GC (Allocation Failure) 1.028: [DefNew: 959K->63K(960K), 0.0011390 secs] 80095K->79466K(524224K), 0.0011797 secs] [Times: user=0.01 sys=0.00, real=0.00 secs] 
1.031: [GC (Allocation Failure) 1.031: [DefNew: 959K->63K(960K), 0.0015317 secs] 80405K->79738K(524224K), 0.0015909 secs] [Times: user=0.00 sys=0.00, real=0.00 secs] 
1.036: [GC (Allocation Failure) 1.036: [DefNew: 959K->64K(960K), 0.0013776 secs] 80670K->80034K(524224K), 0.0014135 secs] [Times: user=0.00 sys=0.00, real=0.00 secs] 
1.041: [GC (Allocation Failure) 1.041: [DefNew: 960K->63K(960K), 0.0012314 secs] 80963K->80324K(524224K), 0.0012634 secs] [Times: user=0.00 sys=0.00, real=0.00 secs] 
1.044: [GC (Allocation Failure) 1.044: [DefNew: 959K->63K(960K), 0.0017880 secs] 81247K->80623K(524224K), 0.0018220 secs] [Times: user=0.02 sys=0.00, real=0.00 secs] 
1.048: [GC (Allocation Failure) 1.048: [DefNew: 959K->63K(960K), 0.0011635 secs] 81551K->80918K(524224K), 0.0011939 secs] [Times: user=0.00 sys=0.00, real=0.00 secs] 
1.052: [GC (Allocation Failure) 1.052: [DefNew: 959K->64K(960K), 0.0019160 secs] 81855K->81191K(524224K), 0.0019808 secs] [Times: user=0.00 sys=0.00, real=0.00 secs] 
1.056: [GC (Allocation Failure) 1.056: [DefNew: 960K->63K(960K), 0.0014313 secs] 82106K->81524K(524224K), 0.0014858 secs] [Times: user=0.00 sys=0.00, real=0.00 secs] 
1.061: [GC (Allocation Failure) 1.061: [DefNew: 959K->63K(960K), 0.0018426 secs] 82440K->81859K(524224K), 0.0019153 secs] [Times: user=0.00 sys=0.00, real=0.00 secs] 
1.063: [GC (Allocation Failure) 1.064: [DefNew: 959K->64K(960K), 0.0011595 secs] 82791K->82145K(524224K), 0.0011852 secs] [Times: user=0.00 sys=0.00, real=0.00 secs] 
1.068: [GC (Allocation Failure) 1.068: [DefNew: 960K->63K(960K), 0.0012476 secs] 83083K->82420K(524224K), 0.0012839 secs] [Times: user=0.00 sys=0.00, real=0.00 secs] 
1.072: [GC (Allocation Failure) 1.072: [DefNew: 959K->63K(960K), 0.0012571 secs] 83344K->82755K(524224K), 0.0012895 secs] [Times: user=0.00 sys=0.00, real=0.00 secs] 
1.076: [GC (Allocation Failure) 1.076: [DefNew: 959K->63K(960K), 0.0016217 secs] 83684K->83050K(524224K), 0.0016691 secs] [Times: user=0.00 sys=0.00, real=0.00 secs] 
1.080: [GC (Allocation Failure) 1.080: [DefNew: 959K->64K(960K), 0.0010663 secs] 83984K->83326K(524224K), 0.0010931 secs] [Times: user=0.00 sys=0.00, real=0.00 secs] 
1.083: [GC (Allocation Failure) 1.083: [DefNew: 960K->63K(960K), 0.0011085 secs] 84253K->83622K(524224K), 0.0011469 secs] [Times: user=0.00 sys=0.00, real=0.00 secs] 
1.085: [GC (Allocation Failure) 1.085: [DefNew: 959K->63K(960K), 0.0010098 secs] 84567K->83881K(524224K), 0.0010493 secs] [Times: user=0.00 sys=0.00, real=0.00 secs] 
1.089: [GC (Allocation Failure) 1.089: [DefNew: 959K->63K(960K), 0.0011848 secs] 84802K->84191K(524224K), 0.0012417 secs] [Times: user=0.00 sys=0.00, real=0.00 secs] 
1.092: [GC (Allocation Failure) 1.092: [DefNew: 959K->63K(960K), 0.0010370 secs] 85135K->84456K(524224K), 0.0010607 secs] [Times: user=0.00 sys=0.00, real=0.00 secs] 
1.097: [GC (Allocation Failure) 1.097: [DefNew: 959K->64K(960K), 0.0012689 secs] 85383K->84747K(524224K), 0.0013167 secs] [Times: user=0.00 sys=0.00, real=0.00 secs] 
1.100: [GC (Allocation Failure) 1.100: [DefNew: 960K->64K(960K), 0.0011236 secs] 85684K->85022K(524224K), 0.0011619 secs] [Times: user=0.00 sys=0.00, real=0.00 secs] 
1.103: [GC (Allocation Failure) 1.103: [DefNew: 960K->64K(960K), 0.0010671 secs] 85955K->85304K(524224K), 0.0010947 secs] [Times: user=0.00 sys=0.00, real=0.00 secs] 
1.108: [GC (Allocation Failure) 1.108: [DefNew: 960K->64K(960K), 0.0011311 secs] 86229K->85606K(524224K), 0.0011706 secs] [Times: user=0.00 sys=0.00, real=0.00 secs] 
1.112: [GC (Allocation Failure) 1.112: [DefNew: 960K->63K(960K), 0.0012583 secs] 86533K->85920K(524224K), 0.0013108 secs] [Times: user=0.00 sys=0.00, real=0.00 secs] 
1.114: [GC (Allocation Failure) 1.114: [DefNew: 959K->63K(960K), 0.0010722 secs] 86855K->86200K(524224K), 0.0010916 secs] [Times: user=0.00 sys=0.00, real=0.00 secs] 
1.119: [GC (Allocation Failure) 1.119: [DefNew: 959K->63K(960K), 0.0018991 secs] 87132K->86571K(524224K), 0.0019473 secs] [Times: user=0.00 sys=0.00, real=0.00 secs] 
1.121: [GC (Allocation Failure) 1.121: [DefNew: 959K->63K(960K), 0.0012369 secs] 87504K->86860K(524224K), 0.0012614 secs] [Times: user=0.02 sys=0.00, real=0.00 secs] 
1.127: [GC (Allocation Failure) 1.127: [DefNew: 959K->63K(960K), 0.0011579 secs] 87776K->87180K(524224K), 0.0012271 secs] [Times: user=0.00 sys=0.00, real=0.00 secs] 
1.130: [GC (Allocation Failure) 1.130: [DefNew: 959K->63K(960K), 0.0011398 secs] 88120K->87454K(524224K), 0.0011765 secs] [Times: user=0.00 sys=0.00, real=0.00 secs] 
1.133: [GC (Allocation Failure) 1.133: [DefNew: 959K->63K(960K), 0.0011243 secs] 88390K->87730K(524224K), 0.0011639 secs] [Times: user=0.00 sys=0.00, real=0.00 secs] 
1.138: [GC (Allocation Failure) 1.139: [DefNew: 959K->64K(960K), 0.0013092 secs] 88639K->88149K(524224K), 0.0013491 secs] [Times: user=0.00 sys=0.00, real=0.00 secs] 
1.143: [GC (Allocation Failure) 1.143: [DefNew: 960K->64K(960K), 0.0012512 secs] 89067K->88454K(524224K), 0.0012788 secs] [Times: user=0.00 sys=0.00, real=0.00 secs] 
1.146: [GC (Allocation Failure) 1.146: [DefNew: 960K->64K(960K), 0.0010797 secs] 89386K->88740K(524224K), 0.0011034 secs] [Times: user=0.00 sys=0.00, real=0.00 secs] 
1.150: [GC (Allocation Failure) 1.150: [DefNew: 960K->63K(960K), 0.0010773 secs] 89678K->89014K(524224K), 0.0011196 secs] [Times: user=0.00 sys=0.00, real=0.00 secs] 
1.152: [GC (Allocation Failure) 1.152: [DefNew: 959K->63K(960K), 0.0013033 secs] 89943K->89307K(524224K), 0.0013341 secs] [Times: user=0.00 sys=0.00, real=0.00 secs] 
1.155: [GC (Allocation Failure) 1.155: [DefNew: 959K->64K(960K), 0.0011571 secs] 90240K->89591K(524224K), 0.0011844 secs] [Times: user=0.00 sys=0.00, real=0.00 secs] 
1.159: [GC (Allocation Failure) 1.159: [DefNew: 960K->64K(960K), 0.0020595 secs] 90517K->89881K(524224K), 0.0021207 secs] [Times: user=0.00 sys=0.00, real=0.00 secs] 
1.162: [GC (Allocation Failure) 1.162: [DefNew: 960K->63K(960K), 0.0010517 secs] 90817K->90156K(524224K), 0.0010738 secs] [Times: user=0.00 sys=0.00, real=0.00 secs] 
1.165: [GC (Allocation Failure) 1.165: [DefNew: 959K->63K(960K), 0.0010702 secs] 91094K->90434K(524224K), 0.0011081 secs] [Times: user=0.00 sys=0.00, real=0.00 secs] 
1.170: [GC (Allocation Failure) 1.170: [DefNew: 959K->63K(960K), 0.0017600 secs] 91362K->90749K(524224K), 0.0018276 secs] [Times: user=0.00 sys=0.00, real=0.00 secs] 
1.173: [GC (Allocation Failure) 1.173: [DefNew: 959K->63K(960K), 0.0012278 secs] 91670K->91063K(524224K), 0.0012670 secs] [Times: user=0.00 sys=0.00, real=0.00 secs] 
1.178: [GC (Allocation Failure) 1.178: [DefNew: 959K->63K(960K), 0.0012034 secs] 91987K->91366K(524224K), 0.0012425 secs] [Times: user=0.00 sys=0.00, real=0.00 secs] 
1.180: [GC (Allocation Failure) 1.180: [DefNew: 959K->63K(960K), 0.0009568 secs] 92316K->91627K(524224K), 0.0009782 secs] [Times: user=0.00 sys=0.00, real=0.00 secs] 
1.184: [GC (Allocation Failure) 1.184: [DefNew: 959K->63K(960K), 0.0012239 secs] 92549K->91934K(524224K), 0.0012583 secs] [Times: user=0.02 sys=0.00, real=0.00 secs] 
1.187: [GC (Allocation Failure) 1.187: [DefNew: 959K->64K(960K), 0.0012211 secs] 92860K->92242K(524224K), 0.0012551 secs] [Times: user=0.00 sys=0.00, real=0.00 secs] 
1.190: [GC (Allocation Failure) 1.190: [DefNew: 960K->64K(960K), 0.0014139 secs] 93162K->92630K(524224K), 0.0014744 secs] [Times: user=0.00 sys=0.00, real=0.00 secs] 
1.195: [GC (Allocation Failure) 1.195: [DefNew: 960K->63K(960K), 0.0012709 secs] 93544K->92961K(524224K), 0.0013080 secs] [Times: user=0.00 sys=0.00, real=0.00 secs] 
1.200: [GC (Allocation Failure) 1.200: [DefNew: 959K->63K(960K), 0.0011737 secs] 93890K->93258K(524224K), 0.0012124 secs] [Times: user=0.02 sys=0.00, real=0.00 secs] 
1.202: [GC (Allocation Failure) 1.202: [DefNew: 959K->63K(960K), 0.0011670 secs] 94203K->93517K(524224K), 0.0011947 secs] [Times: user=0.00 sys=0.00, real=0.00 secs] 
1.207: [GC (Allocation Failure) 1.207: [DefNew: 959K->64K(960K), 0.0013080 secs] 94434K->93851K(524224K), 0.0013752 secs] [Times: user=0.00 sys=0.00, real=0.00 secs] 
1.210: [GC (Allocation Failure) 1.210: [DefNew: 960K->63K(960K), 0.0011034 secs] 94793K->94125K(524224K), 0.0011263 secs] [Times: user=0.00 sys=0.00, real=0.00 secs] 
1.213: [GC (Allocation Failure) 1.213: [DefNew: 959K->64K(960K), 0.0011714 secs] 95048K->94433K(524224K), 0.0012105 secs] [Times: user=0.00 sys=0.00, real=0.00 secs] 
1.218: [GC (Allocation Failure) 1.218: [DefNew: 960K->64K(960K), 0.0011627 secs] 95354K->94755K(524224K), 0.0012109 secs] [Times: user=0.00 sys=0.00, real=0.00 secs] 
1.221: [GC (Allocation Failure) 1.221: [DefNew: 960K->64K(960K), 0.0011078 secs] 95685K->95045K(524224K), 0.0011326 secs] [Times: user=0.00 sys=0.00, real=0.00 secs] 
1.225: [GC (Allocation Failure) 1.225: [DefNew: 960K->63K(960K), 0.0010023 secs] 95983K->95317K(524224K), 0.0010244 secs] [Times: user=0.00 sys=0.00, real=0.00 secs] 
1.229: [GC (Allocation Failure) 1.229: [DefNew: 959K->64K(960K), 0.0012160 secs] 96240K->95617K(524224K), 0.0012559 secs] [Times: user=0.00 sys=0.00, real=0.00 secs] 
1.231: [GC (Allocation Failure) 1.231: [DefNew: 960K->63K(960K), 0.0010094 secs] 96556K->95884K(524224K), 0.0010315 secs] [Times: user=0.01 sys=0.00, real=0.00 secs] 
1.234: [GC (Allocation Failure) 1.234: [DefNew: 959K->63K(960K), 0.0014278 secs] 96813K->96180K(524224K), 0.0015048 secs] [Times: user=0.00 sys=0.00, real=0.00 secs] 
1.237: [GC (Allocation Failure) 1.237: [DefNew: 959K->64K(960K), 0.0010659 secs] 97123K->96451K(524224K), 0.0010888 secs] [Times: user=0.00 sys=0.00, real=0.00 secs] 
1.241: [GC (Allocation Failure) 1.241: [DefNew: 960K->63K(960K), 0.0012915 secs] 97362K->96790K(524224K), 0.0013337 secs] [Times: user=0.00 sys=0.00, real=0.00 secs] 
1.246: [GC (Allocation Failure) 1.246: [DefNew: 959K->63K(960K), 0.0016217 secs] 97719K->97086K(524224K), 0.0016644 secs] [Times: user=0.00 sys=0.00, real=0.00 secs] 
1.250: [GC (Allocation Failure) 1.250: [DefNew: 959K->63K(960K), 0.0015024 secs] 97995K->97436K(524224K), 0.0015403 secs] [Times: user=0.00 sys=0.00, real=0.00 secs] 
1.255: [GC (Allocation Failure) 1.255: [DefNew: 959K->63K(960K), 0.0011808 secs] 98354K->97753K(524224K), 0.0012128 secs] [Times: user=0.00 sys=0.00, real=0.00 secs] 
1.257: [GC (Allocation Failure) 1.257: [DefNew: 959K->64K(960K), 0.0010797 secs] 98691K->98032K(524224K), 0.0011022 secs] [Times: user=0.00 sys=0.00, real=0.00 secs] 
1.261: [GC (Allocation Failure) 1.261: [DefNew: 960K->64K(960K), 0.0012014 secs] 98953K->98340K(524224K), 0.0012397 secs] [Times: user=0.00 sys=0.00, real=0.00 secs] 
1.266: [GC (Allocation Failure) 1.266: [DefNew: 960K->63K(960K), 0.0011994 secs] 99261K->98668K(524224K), 0.0012330 secs] [Times: user=0.00 sys=0.00, real=0.00 secs] 
1.268: [GC (Allocation Failure) 1.268: [DefNew: 959K->64K(960K), 0.0009754 secs] 99609K->98933K(524224K), 0.0009963 secs] [Times: user=0.00 sys=0.00, real=0.00 secs] 
1.272: [GC (Allocation Failure) 1.272: [DefNew: 960K->63K(960K), 0.0011548 secs] 99849K->99290K(524224K), 0.0011927 secs] [Times: user=0.00 sys=0.00, real=0.00 secs] 
1.277: [GC (Allocation Failure) 1.277: [DefNew: 959K->63K(960K), 0.0012618 secs] 100220K->99587K(524224K), 0.0013021 secs] [Times: user=0.00 sys=0.00, real=0.00 secs] 
1.280: [GC (Allocation Failure) 1.280: [DefNew: 959K->63K(960K), 0.0019433 secs] 100511K->99917K(524224K), 0.0019840 secs] [Times: user=0.00 sys=0.00, real=0.00 secs] 
1.285: [GC (Allocation Failure) 1.285: [DefNew: 959K->63K(960K), 0.0010955 secs] 100858K->100185K(524224K), 0.0011338 secs] [Times: user=0.00 sys=0.00, real=0.00 secs] 
1.288: [GC (Allocation Failure) 1.288: [DefNew: 959K->63K(960K), 0.0012658 secs] 101103K->100528K(524224K), 0.0013132 secs] [Times: user=0.00 sys=0.00, real=0.00 secs] 
1.293: [GC (Allocation Failure) 1.293: [DefNew: 959K->63K(960K), 0.0012899 secs] 101448K->100847K(524224K), 0.0013428 secs] [Times: user=0.02 sys=0.00, real=0.00 secs] 
1.298: [GC (Allocation Failure) 1.298: [DefNew: 959K->63K(960K), 0.0013100 secs] 101765K->101228K(524224K), 0.0013428 secs] [Times: user=0.00 sys=0.00, real=0.00 secs] 
1.301: [GC (Allocation Failure) 1.301: [DefNew: 959K->64K(960K), 0.0012741 secs] 102166K->101502K(524224K), 0.0012978 secs] [Times: user=0.00 sys=0.00, real=0.00 secs] 
1.306: [GC (Allocation Failure) 1.306: [DefNew: 960K->64K(960K), 0.0013152 secs] 102424K->101806K(524224K), 0.0013487 secs] [Times: user=0.00 sys=0.00, real=0.00 secs] 
1.309: [GC (Allocation Failure) 1.309: [DefNew: 960K->64K(960K), 0.0013665 secs] 102717K->102185K(524224K), 0.0014029 secs] [Times: user=0.02 sys=0.00, real=0.00 secs] 
1.313: [GC (Allocation Failure) 1.313: [DefNew: 960K->63K(960K), 0.0013282 secs] 103109K->102496K(524224K), 0.0013574 secs] [Times: user=0.00 sys=0.00, real=0.00 secs] 
1.317: [GC (Allocation Failure) 1.317: [DefNew: 959K->64K(960K), 0.0012057 secs] 103433K->102774K(524224K), 0.0012429 secs] [Times: user=0.00 sys=0.00, real=0.00 secs] 
1.320: [GC (Allocation Failure) 1.320: [DefNew: 960K->63K(960K), 0.0014412 secs] 103707K->103225K(524224K), 0.0014961 secs] [Times: user=0.00 sys=0.00, real=0.00 secs] 
1.325: [GC (Allocation Failure) 1.325: [DefNew: 959K->64K(960K), 0.0013073 secs] 104145K->103550K(524224K), 0.0013464 secs] [Times: user=0.02 sys=0.00, real=0.00 secs] 
1.330: [GC (Allocation Failure) 1.330: [DefNew: 960K->64K(960K), 0.0012796 secs] 104475K->103854K(524224K), 0.0013163 secs] [Times: user=0.00 sys=0.00, real=0.00 secs] 
1.333: [GC (Allocation Failure) 1.333: [DefNew: 960K->63K(960K), 0.0011271 secs] 104793K->104134K(524224K), 0.0011484 secs] [Times: user=0.00 sys=0.00, real=0.00 secs] 
1.336: [GC (Allocation Failure) 1.336: [DefNew: 959K->64K(960K), 0.0011721 secs] 105073K->104400K(524224K), 0.0011970 secs] [Times: user=0.00 sys=0.00, real=0.00 secs] 
1.340: [GC (Allocation Failure) 1.340: [DefNew: 960K->63K(960K), 0.0010552 secs] 105339K->104677K(524224K), 0.0010927 secs] [Times: user=0.00 sys=0.00, real=0.00 secs] 
1.342: [GC (Allocation Failure) 1.342: [DefNew: 959K->63K(960K), 0.0009564 secs] 105621K->104939K(524224K), 0.0009766 secs] [Times: user=0.00 sys=0.00, real=0.00 secs] 
1.346: [GC (Allocation Failure) 1.346: [DefNew: 959K->63K(960K), 0.0011078 secs] 105865K->105246K(524224K), 0.0011457 secs] [Times: user=0.00 sys=0.00, real=0.00 secs] 
1.349: [GC (Allocation Failure) 1.349: [DefNew: 959K->64K(960K), 0.0020480 secs] 106173K->105592K(524224K), 0.0021385 secs] [Times: user=0.00 sys=0.00, real=0.00 secs] 
1.355: [GC (Allocation Failure) 1.355: [DefNew: 960K->64K(960K), 0.0010999 secs] 106525K->105872K(524224K), 0.0011239 secs] [Times: user=0.00 sys=0.00, real=0.00 secs] 
1.359: [GC (Allocation Failure) 1.359: [DefNew: 960K->63K(960K), 0.0013318 secs] 106794K->106216K(524224K), 0.0013681 secs] [Times: user=0.00 sys=0.00, real=0.00 secs] 
1.362: [GC (Allocation Failure) 1.362: [DefNew: 959K->64K(960K), 0.0012180 secs] 107145K->106512K(524224K), 0.0012433 secs] [Times: user=0.00 sys=0.00, real=0.00 secs] 
1.367: [GC (Allocation Failure) 1.367: [DefNew: 960K->63K(960K), 0.0012859 secs] 107424K->106851K(524224K), 0.0013195 secs] [Times: user=0.00 sys=0.00, real=0.00 secs] 
1.370: [GC (Allocation Failure) 1.370: [DefNew: 959K->63K(960K), 0.0015518 secs] 107770K->107184K(524224K), 0.0016356 secs] [Times: user=0.00 sys=0.00, real=0.00 secs] 
1.374: [GC (Allocation Failure) 1.374: [DefNew: 959K->63K(960K), 0.0013033 secs] 108103K->107499K(524224K), 0.0013436 secs] [Times: user=0.00 sys=0.00, real=0.00 secs] 
1.379: [GC (Allocation Failure) 1.379: [DefNew: 959K->63K(960K), 0.0013227 secs] 108423K->107867K(524224K), 0.0013558 secs] [Times: user=0.00 sys=0.00, real=0.00 secs] 
1.382: [GC (Allocation Failure) 1.382: [DefNew: 959K->63K(960K), 0.0012618 secs] 108793K->108163K(524224K), 0.0013009 secs] [Times: user=0.00 sys=0.00, real=0.00 secs] 
1.387: [GC (Allocation Failure) 1.387: [DefNew: 959K->63K(960K), 0.0013515 secs] 109077K->108502K(524224K), 0.0014017 secs] [Times: user=0.00 sys=0.00, real=0.00 secs] 
1.391: [GC (Allocation Failure) 1.391: [DefNew: 959K->63K(960K), 0.0013061 secs] 109422K->108869K(524224K), 0.0013404 secs] [Times: user=0.00 sys=0.00, real=0.00 secs] 
1.395: [GC (Allocation Failure) 1.395: [DefNew: 959K->64K(960K), 0.0012531 secs] 109791K->109180K(524224K), 0.0012820 secs] [Times: user=0.00 sys=0.00, real=0.00 secs] 
1.398: [GC (Allocation Failure) 1.398: [DefNew: 960K->63K(960K), 0.0012034 secs] 110106K->109476K(524224K), 0.0012338 secs] [Times: user=0.00 sys=0.00, real=0.00 secs] 
1.402: [GC (Allocation Failure) 1.402: [DefNew: 959K->63K(960K), 0.0012334 secs] 110398K->109783K(524224K), 0.0012753 secs] [Times: user=0.00 sys=0.00, real=0.00 secs] 
1.407: [GC (Allocation Failure) 1.407: [DefNew: 959K->63K(960K), 0.0012598 secs] 110694K->110133K(524224K), 0.0012918 secs] [Times: user=0.00 sys=0.00, real=0.00 secs] 
1.412: [GC (Allocation Failure) 1.412: [DefNew: 959K->64K(960K), 0.0012843 secs] 111068K->110403K(524224K), 0.0013266 secs] [Times: user=0.00 sys=0.00, real=0.00 secs] 
1.414: [GC (Allocation Failure) 1.414: [DefNew: 960K->63K(960K), 0.0010844 secs] 111341K->110681K(524224K), 0.0011066 secs] [Times: user=0.00 sys=0.00, real=0.00 secs] 
1.418: [GC (Allocation Failure) 1.418: [DefNew: 959K->64K(960K), 0.0011761 secs] 111601K->111000K(524224K), 0.0012172 secs] [Times: user=0.00 sys=0.00, real=0.00 secs] 
1.421: [GC (Allocation Failure) 1.421: [DefNew: 960K->63K(960K), 0.0012492 secs] 111931K->111292K(524224K), 0.0012741 secs] [Times: user=0.00 sys=0.00, real=0.00 secs] 
1.425: [GC (Allocation Failure) 1.425: [DefNew: 959K->63K(960K), 0.0010228 secs] 112234K->111566K(524224K), 0.0010441 secs] [Times: user=0.00 sys=0.00, real=0.00 secs] 
1.430: [GC (Allocation Failure) 1.430: [DefNew: 959K->63K(960K), 0.0012271 secs] 112485K->111890K(524224K), 0.0012658 secs] [Times: user=0.00 sys=0.00, real=0.00 secs] 
1.434: [GC (Allocation Failure) 1.434: [DefNew: 959K->64K(960K), 0.0015048 secs] 112798K->112267K(524224K), 0.0015577 secs] [Times: user=0.02 sys=0.00, real=0.00 secs] 
1.439: [GC (Allocation Failure) 1.439: [DefNew: 960K->64K(960K), 0.0021657 secs] 113183K->112625K(524224K), 0.0022459 secs] [Times: user=0.00 sys=0.00, real=0.00 secs] 
1.443: [GC (Allocation Failure) 1.443: [DefNew: 960K->63K(960K), 0.0050829 secs] 113540K->113239K(524224K), 0.0051627 secs] [Times: user=0.00 sys=0.00, real=0.00 secs] 
1.453: [GC (Allocation Failure) 1.453: [DefNew: 959K->63K(960K), 0.0034813 secs] 114138K->114084K(524224K), 0.0035500 secs] [Times: user=0.00 sys=0.00, real=0.00 secs] 
1.458: [GC (Allocation Failure) 1.458: [DefNew: 959K->63K(960K), 0.0015893 secs] 114996K->114356K(524224K), 0.0016126 secs] [Times: user=0.00 sys=0.00, real=0.00 secs] 
1.462: [GC (Allocation Failure) 1.462: [DefNew: 959K->64K(960K), 0.0012097 secs] 115273K->114647K(524224K), 0.0012488 secs] [Times: user=0.00 sys=0.00, real=0.00 secs] 
1.467: [GC (Allocation Failure) 1.467: [DefNew: 960K->64K(960K), 0.0016336 secs] 115562K->114987K(524224K), 0.0016810 secs] [Times: user=0.00 sys=0.00, real=0.00 secs] 
1.469: [GC (Allocation Failure) 1.469: [DefNew: 960K->64K(960K), 0.0014072 secs] 115899K->115281K(524224K), 0.0014376 secs] [Times: user=0.00 sys=0.00, real=0.00 secs] 
1.473: [GC (Allocation Failure) 1.473: [DefNew: 960K->64K(960K), 0.0015569 secs] 116187K->115636K(524224K), 0.0015937 secs] [Times: user=0.00 sys=0.00, real=0.00 secs] 
1.477: [GC (Allocation Failure) 1.533: [DefNew: 960K->63K(960K), 0.0034789 secs] 116547K->116016K(524224K), 0.0588756 secs] [Times: user=0.00 sys=0.00, real=0.06 secs] 
1.537: [GC (Allocation Failure) 1.537: [DefNew: 959K->63K(960K), 0.0016004 secs] 116947K->116298K(524224K), 0.0016482 secs] [Times: user=0.00 sys=0.00, real=0.00 secs] 
1.542: [GC (Allocation Failure) 1.542: [DefNew: 959K->64K(960K), 0.0014301 secs] 117214K->116627K(524224K), 0.0014677 secs] [Times: user=0.00 sys=0.00, real=0.00 secs] 
1.546: [GC (Allocation Failure) 1.546: [DefNew: 960K->64K(960K), 0.0014657 secs] 117550K->117083K(524224K), 0.0014925 secs] [Times: user=0.00 sys=0.00, real=0.00 secs] 
1.560: [GC (Allocation Failure) 1.560: [DefNew: 960K->64K(960K), 0.0053871 secs] 120058K->119424K(524224K), 0.0054297 secs] [Times: user=0.00 sys=0.00, real=0.00 secs] 
1.569: [GC (Allocation Failure) 1.569: [DefNew: 960K->63K(960K), 0.0012444 secs] 120364K->119694K(524224K), 0.0012788 secs] [Times: user=0.00 sys=0.00, real=0.00 secs] 
1.571: [GC (Allocation Failure) 1.571: [DefNew: 959K->63K(960K), 0.0011797 secs] 120620K->119999K(524224K), 0.0012073 secs] [Times: user=0.00 sys=0.00, real=0.00 secs] 
1.576: [GC (Allocation Failure) 1.576: [DefNew: 959K->63K(960K), 0.0011042 secs] 120926K->120292K(524224K), 0.0011417 secs] [Times: user=0.00 sys=0.00, real=0.00 secs] 
1.580: [GC (Allocation Failure) 1.580: [DefNew: 959K->64K(960K), 0.0017584 secs] 121217K->120600K(524224K), 0.0018137 secs] [Times: user=0.00 sys=0.00, real=0.00 secs] 
1.584: [GC (Allocation Failure) 1.584: [DefNew: 960K->63K(960K), 0.0010347 secs] 121540K->120872K(524224K), 0.0010726 secs] [Times: user=0.00 sys=0.00, real=0.00 secs] 
1.588: [GC (Allocation Failure) 1.588: [DefNew: 959K->63K(960K), 0.0011149 secs] 121806K->121153K(524224K), 0.0011524 secs] [Times: user=0.00 sys=0.00, real=0.00 secs] 
1.591: [GC (Allocation Failure) 1.591: [DefNew: 959K->64K(960K), 0.0013760 secs] 122079K->121459K(524224K), 0.0014198 secs] [Times: user=0.00 sys=0.00, real=0.00 secs] 
1.596: [GC (Allocation Failure) 1.596: [DefNew: 960K->63K(960K), 0.0010477 secs] 122401K->121723K(524224K), 0.0010718 secs] [Times: user=0.00 sys=0.00, real=0.00 secs] 
1.600: [GC (Allocation Failure) 1.600: [DefNew: 959K->63K(960K), 0.0010718 secs] 122655K->122008K(524224K), 0.0011101 secs] [Times: user=0.00 sys=0.00, real=0.00 secs] 
1.603: [GC (Allocation Failure) 1.603: [DefNew: 959K->63K(960K), 0.0011283 secs] 122938K->122296K(524224K), 0.0011674 secs] [Times: user=0.00 sys=0.00, real=0.00 secs] 
1.607: [GC (Allocation Failure) 1.607: [DefNew: 959K->63K(960K), 0.0011804 secs] 123224K->122593K(524224K), 0.0012203 secs] [Times: user=0.00 sys=0.00, real=0.00 secs] 
1.612: [GC (Allocation Failure) 1.612: [DefNew: 959K->63K(960K), 0.0010643 secs] 123520K->122890K(524224K), 0.0010971 secs] [Times: user=0.00 sys=0.00, real=0.00 secs] 
1.615: [GC (Allocation Failure) 1.615: [DefNew: 959K->63K(960K), 0.0010805 secs] 123832K->123160K(524224K), 0.0011034 secs] [Times: user=0.00 sys=0.00, real=0.00 secs] 
1.618: [GC (Allocation Failure) 1.618: [DefNew: 959K->64K(960K), 0.0050358 secs] 124081K->123838K(524224K), 0.0051121 secs] [Times: user=0.01 sys=0.00, real=0.00 secs] 
1.626: [GC (Allocation Failure) 1.626: [DefNew: 960K->64K(960K), 0.0024257 secs] 124754K->124625K(524224K), 0.0024810 secs] [Times: user=0.00 sys=0.00, real=0.00 secs] 
1.631: [GC (Allocation Failure) 1.631: [DefNew: 960K->64K(960K), 0.0016529 secs] 125568K->124890K(524224K), 0.0016905 secs] [Times: user=0.00 sys=0.00, real=0.00 secs] 
1.636: [GC (Allocation Failure) 1.636: [DefNew: 960K->63K(960K), 0.0010817 secs] 125828K->125161K(524224K), 0.0011204 secs] [Times: user=0.00 sys=0.00, real=0.00 secs] 
1.638: [GC (Allocation Failure) 1.638: [DefNew: 959K->63K(960K), 0.0020685 secs] 126103K->125430K(524224K), 0.0020974 secs] [Times: user=0.00 sys=0.00, real=0.00 secs] 
1.644: [GC (Allocation Failure) 1.644: [DefNew: 959K->63K(960K), 0.0011200 secs] 126351K->125744K(524224K), 0.0011536 secs] [Times: user=0.00 sys=0.00, real=0.00 secs] 
1.646: [GC (Allocation Failure) 1.646: [DefNew: 959K->63K(960K), 0.0011785 secs] 126678K->126020K(524224K), 0.0012156 secs] [Times: user=0.00 sys=0.00, real=0.00 secs] 
1.651: [GC (Allocation Failure) 1.651: [DefNew: 959K->63K(960K), 0.0011812 secs] 126943K->126321K(524224K), 0.0012196 secs] [Times: user=0.00 sys=0.00, real=0.00 secs] 
1.655: [GC (Allocation Failure) 1.655: [DefNew: 959K->63K(960K), 0.0011824 secs] 127245K->126624K(524224K), 0.0012196 secs] [Times: user=0.00 sys=0.00, real=0.00 secs] 
1.658: [GC (Allocation Failure) 1.658: [DefNew: 959K->63K(960K), 0.0011236 secs] 127560K->126909K(524224K), 0.0011631 secs] [Times: user=0.00 sys=0.00, real=0.00 secs] 
1.663: [GC (Allocation Failure) 1.663: [DefNew: 959K->63K(960K), 0.0010900 secs] 127845K->127188K(524224K), 0.0011137 secs] [Times: user=0.00 sys=0.00, real=0.00 secs] 
1.666: [GC (Allocation Failure) 1.666: [DefNew: 959K->63K(960K), 0.0011872 secs] 128120K->127472K(524224K), 0.0012255 secs] [Times: user=0.00 sys=0.00, real=0.00 secs] 
1.668: [GC (Allocation Failure) 1.668: [DefNew: 959K->63K(960K), 0.0010366 secs] 128415K->127734K(524224K), 0.0010588 secs] [Times: user=0.00 sys=0.00, real=0.00 secs] 
1.672: [GC (Allocation Failure) 1.672: [DefNew: 959K->64K(960K), 0.0012097 secs] 128658K->128043K(524224K), 0.0012535 secs] [Times: user=0.00 sys=0.00, real=0.00 secs] 
1.676: [GC (Allocation Failure) 1.676: [DefNew: 960K->64K(960K), 0.0010319 secs] 128985K->128313K(524224K), 0.0010548 secs] [Times: user=0.00 sys=0.00, real=0.00 secs] 
1.678: [GC (Allocation Failure) 1.678: [DefNew: 960K->63K(960K), 0.0009956 secs] 129257K->128579K(524224K), 0.0010157 secs] [Times: user=0.00 sys=0.00, real=0.00 secs] 
1.682: [GC (Allocation Failure) 1.682: [DefNew: 959K->63K(960K), 0.0011836 secs] 129506K->128874K(524224K), 0.0012239 secs] [Times: user=0.00 sys=0.00, real=0.00 secs] 
1.685: [GC (Allocation Failure) 1.685: [DefNew: 959K->63K(960K), 0.0013215 secs] 129799K->129171K(524224K), 0.0013677 secs] [Times: user=0.00 sys=0.00, real=0.00 secs] 
1.690: [GC (Allocation Failure) 1.690: [DefNew: 959K->63K(960K), 0.0011160 secs] 130100K->129459K(524224K), 0.0011405 secs] [Times: user=0.00 sys=0.00, real=0.00 secs] 
1.694: [GC (Allocation Failure) 1.694: [DefNew: 959K->63K(960K), 0.0012903 secs] 130375K->129793K(524224K), 0.0013254 secs] [Times: user=0.00 sys=0.00, real=0.00 secs] 
1.696: [GC (Allocation Failure) 1.696: [DefNew: 959K->63K(960K), 0.0012468 secs] 130723K->130085K(524224K), 0.0012709 secs] [Times: user=0.00 sys=0.00, real=0.00 secs] 
1.700: [GC (Allocation Failure) 1.700: [DefNew: 959K->63K(960K), 0.0012310 secs] 131011K->130420K(524224K), 0.0012709 secs] [Times: user=0.02 sys=0.00, real=0.00 secs] 
1.705: [GC (Allocation Failure) 1.705: [DefNew: 959K->63K(960K), 0.0012926 secs] 131356K->130694K(524224K), 0.0013302 secs] [Times: user=0.00 sys=0.00, real=0.00 secs] 
1.708: [GC (Allocation Failure) 1.708: [DefNew: 959K->64K(960K), 0.0011153 secs] 131625K->130992K(524224K), 0.0011552 secs] [Times: user=0.00 sys=0.00, real=0.00 secs] 
1.711: [GC (Allocation Failure) 1.711: [DefNew: 960K->63K(960K), 0.0011263 secs] 131932K->131261K(524224K), 0.0011650 secs] [Times: user=0.00 sys=0.00, real=0.00 secs] 
1.713: [GC (Allocation Failure) 1.713: [DefNew: 959K->63K(960K), 0.0009983 secs] 132203K->131524K(524224K), 0.0010208 secs] [Times: user=0.00 sys=0.00, real=0.00 secs] 
1.717: [GC (Allocation Failure) 1.717: [DefNew: 959K->64K(960K), 0.0011631 secs] 132451K->131824K(524224K), 0.0012010 secs] [Times: user=0.00 sys=0.00, real=0.00 secs] 
1.722: [GC (Allocation Failure) 1.722: [DefNew: 960K->64K(960K), 0.0011840 secs] 132748K->132158K(524224K), 0.0012180 secs] [Times: user=0.00 sys=0.00, real=0.00 secs] 
1.724: [GC (Allocation Failure) 1.724: [DefNew: 960K->63K(960K), 0.0009987 secs] 133100K->132422K(524224K), 0.0010200 secs] [Times: user=0.00 sys=0.00, real=0.00 secs] 
1.727: [GC (Allocation Failure) 1.727: [DefNew: 959K->64K(960K), 0.0011544 secs] 133353K->132710K(524224K), 0.0011935 secs] [Times: user=0.00 sys=0.00, real=0.00 secs] 
1.732: [GC (Allocation Failure) 1.732: [DefNew: 960K->64K(960K), 0.0013602 secs] 133647K->132982K(524224K), 0.0014270 secs] [Times: user=0.00 sys=0.00, real=0.00 secs] 
1.735: [GC (Allocation Failure) 1.735: [DefNew: 960K->63K(960K), 0.0009892 secs] 133927K->133243K(524224K), 0.0010121 secs] [Times: user=0.00 sys=0.00, real=0.00 secs] 
1.738: [GC (Allocation Failure) 1.738: [DefNew: 959K->64K(960K), 0.0010252 secs] 134187K->133501K(524224K), 0.0010635 secs] [Times: user=0.00 sys=0.00, real=0.00 secs] 
1.742: [GC (Allocation Failure) 1.742: [DefNew: 960K->63K(960K), 0.0012784 secs] 134434K->133793K(524224K), 0.0013278 secs] [Times: user=0.00 sys=0.00, real=0.00 secs] 
1.745: [GC (Allocation Failure) 1.745: [DefNew: 959K->63K(960K), 0.0013045 secs] 134718K->134108K(524224K), 0.0013440 secs] [Times: user=0.00 sys=0.00, real=0.00 secs] 
1.750: [GC (Allocation Failure) 1.750: [DefNew: 959K->63K(960K), 0.0012365 secs] 135033K->134403K(524224K), 0.0012753 secs] [Times: user=0.00 sys=0.00, real=0.00 secs] 
1.752: [GC (Allocation Failure) 1.752: [DefNew: 959K->64K(960K), 0.0011101 secs] 135341K->134682K(524224K), 0.0011358 secs] [Times: user=0.00 sys=0.00, real=0.00 secs] 
1.756: [GC (Allocation Failure) 1.756: [DefNew: 960K->63K(960K), 0.0010852 secs] 135609K->134974K(524224K), 0.0011081 secs] [Times: user=0.00 sys=0.00, real=0.00 secs] 
1.759: [GC (Allocation Failure) 1.759: [DefNew: 959K->63K(960K), 0.0011872 secs] 135916K->135247K(524224K), 0.0012255 secs] [Times: user=0.00 sys=0.00, real=0.00 secs] 
1.761: [GC (Allocation Failure) 1.761: [DefNew: 959K->64K(960K), 0.0009580 secs] 136189K->135514K(524224K), 0.0009798 secs] [Times: user=0.00 sys=0.00, real=0.00 secs] 
1.765: [GC (Allocation Failure) 1.765: [DefNew: 960K->63K(960K), 0.0010947 secs] 136441K->135803K(524224K), 0.0011338 secs] [Times: user=0.00 sys=0.00, real=0.00 secs] 
1.767: [GC (Allocation Failure) 1.767: [DefNew: 959K->63K(960K), 0.0011409 secs] 136738K->136086K(524224K), 0.0011650 secs] [Times: user=0.00 sys=0.00, real=0.00 secs] 
1.771: [GC (Allocation Failure) 1.771: [DefNew: 959K->64K(960K), 0.0013325 secs] 137012K->136388K(524224K), 0.0013681 secs] [Times: user=0.00 sys=0.00, real=0.00 secs] 
1.776: [GC (Allocation Failure) 1.777: [DefNew: 960K->63K(960K), 0.0012049 secs] 137314K->136691K(524224K), 0.0012326 secs] [Times: user=0.00 sys=0.00, real=0.00 secs] 
1.779: [GC (Allocation Failure) 1.779: [DefNew: 959K->64K(960K), 0.0012994 secs] 137624K->136979K(524224K), 0.0013535 secs] [Times: user=0.00 sys=0.00, real=0.00 secs] 
1.784: [GC (Allocation Failure) 1.784: [DefNew: 960K->64K(960K), 0.0010362 secs] 137913K->137258K(524224K), 0.0010599 secs] [Times: user=0.00 sys=0.00, real=0.00 secs] 
1.789: [GC (Allocation Failure) 1.789: [DefNew: 960K->63K(960K), 0.0011488 secs] 138185K->137553K(524224K), 0.0011879 secs] [Times: user=0.00 sys=0.00, real=0.00 secs] 
1.792: [GC (Allocation Failure) 1.792: [DefNew: 959K->63K(960K), 0.0012081 secs] 138485K->137846K(524224K), 0.0012464 secs] [Times: user=0.00 sys=0.00, real=0.00 secs] 
1.797: [GC (Allocation Failure) 1.797: [DefNew: 959K->63K(960K), 0.0013823 secs] 138773K->138146K(524224K), 0.0014317 secs] [Times: user=0.00 sys=0.00, real=0.00 secs] 
1.801: [GC (Allocation Failure) 1.801: [DefNew: 959K->63K(960K), 0.0016059 secs] 139068K->138473K(524224K), 0.0016794 secs] [Times: user=0.00 sys=0.00, real=0.00 secs] 
1.805: [GC (Allocation Failure) 1.805: [DefNew: 959K->63K(960K), 0.0012606 secs] 139395K->138791K(524224K), 0.0012903 secs] [Times: user=0.00 sys=0.00, real=0.00 secs] 
1.809: [GC (Allocation Failure) 1.809: [DefNew: 959K->64K(960K), 0.0011919 secs] 139718K->139089K(524224K), 0.0012282 secs] [Times: user=0.00 sys=0.00, real=0.00 secs] 
1.812: [GC (Allocation Failure) 1.812: [DefNew: 960K->63K(960K), 0.0010864 secs] 140029K->139364K(524224K), 0.0011263 secs] [Times: user=0.00 sys=0.00, real=0.00 secs] 
1.814: [GC (Allocation Failure) 1.814: [DefNew: 959K->63K(960K), 0.0010556 secs] 140304K->139633K(524224K), 0.0010769 secs] [Times: user=0.00 sys=0.00, real=0.00 secs] 
1.818: [GC (Allocation Failure) 1.818: [DefNew: 959K->63K(960K), 0.0009355 secs] 140573K->139898K(524224K), 0.0009576 secs] [Times: user=0.00 sys=0.00, real=0.00 secs] 
1.821: [GC (Allocation Failure) 1.821: [DefNew: 959K->63K(960K), 0.0011228 secs] 140831K->140184K(524224K), 0.0011532 secs] [Times: user=0.00 sys=0.00, real=0.00 secs] 
1.825: [GC (Allocation Failure) 1.825: [DefNew: 959K->63K(960K), 0.0010287 secs] 141117K->140467K(524224K), 0.0010513 secs] [Times: user=0.00 sys=0.00, real=0.00 secs] 
1.829: [GC (Allocation Failure) 1.829: [DefNew: 959K->64K(960K), 0.0011737 secs] 141398K->140750K(524224K), 0.0012014 secs] [Times: user=0.00 sys=0.00, real=0.00 secs] 
1.832: [GC (Allocation Failure) 1.832: [DefNew: 960K->63K(960K), 0.0010884 secs] 141680K->141036K(524224K), 0.0011121 secs] [Times: user=0.00 sys=0.00, real=0.00 secs] 
1.837: [GC (Allocation Failure) 1.837: [DefNew: 959K->63K(960K), 0.0012642 secs] 141975K->141310K(524224K), 0.0013096 secs] [Times: user=0.00 sys=0.00, real=0.00 secs] 
1.840: [GC (Allocation Failure) 1.840: [DefNew: 959K->63K(960K), 0.0012239 secs] 142240K->141600K(524224K), 0.0012638 secs] [Times: user=0.00 sys=0.00, real=0.00 secs] 
1.845: [GC (Allocation Failure) 1.845: [DefNew: 959K->63K(960K), 0.0012808 secs] 142527K->141907K(524224K), 0.0013235 secs] [Times: user=0.00 sys=0.00, real=0.00 secs] 
1.849: [GC (Allocation Failure) 1.849: [DefNew: 959K->64K(960K), 0.0011935 secs] 142824K->142264K(524224K), 0.0012263 secs] [Times: user=0.00 sys=0.00, real=0.00 secs] 
1.851: [GC (Allocation Failure) 1.851: [DefNew: 960K->64K(960K), 0.0010347 secs] 143210K->142526K(524224K), 0.0010556 secs] [Times: user=0.00 sys=0.00, real=0.00 secs] 
1.855: [GC (Allocation Failure) 1.855: [DefNew: 960K->64K(960K), 0.0013558 secs] 143443K->142910K(524224K), 0.0013910 secs] [Times: user=0.00 sys=0.00, real=0.00 secs] 
1.859: [GC (Allocation Failure) 1.859: [DefNew: 960K->64K(960K), 0.0021803 secs] 143827K->143236K(524224K), 0.0022368 secs] [Times: user=0.00 sys=0.00, real=0.00 secs] 
1.862: [GC (Allocation Failure) 1.862: [DefNew: 960K->64K(960K), 0.0014238 secs] 144162K->143544K(524224K), 0.0014507 secs] [Times: user=0.00 sys=0.00, real=0.00 secs] 
1.866: [GC (Allocation Failure) 1.866: [DefNew: 960K->63K(960K), 0.0011943 secs] 144477K->143828K(524224K), 0.0012330 secs] [Times: user=0.00 sys=0.00, real=0.00 secs] 
1.870: [GC (Allocation Failure) 1.870: [DefNew: 959K->63K(960K), 0.0012847 secs] 144758K->144124K(524224K), 0.0013294 secs] [Times: user=0.00 sys=0.00, real=0.00 secs] 
1.874: [GC (Allocation Failure) 1.874: [DefNew: 959K->64K(960K), 0.0011556 secs] 145043K->144433K(524224K), 0.0011879 secs] [Times: user=0.00 sys=0.00, real=0.00 secs] 
1.877: [GC (Allocation Failure) 1.877: [DefNew: 960K->64K(960K), 0.0011326 secs] 145376K->144701K(524224K), 0.0011575 secs] [Times: user=0.00 sys=0.00, real=0.00 secs] 
1.880: [GC (Allocation Failure) 1.880: [DefNew: 960K->63K(960K), 0.0010876 secs] 145628K->145003K(524224K), 0.0011145 secs] [Times: user=0.00 sys=0.00, real=0.00 secs] 
1.884: [GC (Allocation Failure) 1.884: [DefNew: 959K->63K(960K), 0.0010726 secs] 145935K->145289K(524224K), 0.0010935 secs] [Times: user=0.00 sys=0.00, real=0.00 secs] 
1.888: [GC (Allocation Failure) 1.888: [DefNew: 959K->64K(960K), 0.0011291 secs] 146224K->145577K(524224K), 0.0011682 secs] [Times: user=0.00 sys=0.00, real=0.00 secs] 
1.890: [GC (Allocation Failure) 1.890: [DefNew: 960K->63K(960K), 0.0011848 secs] 146511K->145862K(524224K), 0.0012243 secs] [Times: user=0.00 sys=0.00, real=0.00 secs] 
1.895: [GC (Allocation Failure) 1.895: [DefNew: 959K->64K(960K), 0.0018161 secs] 146780K->146173K(524224K), 0.0019089 secs] [Times: user=0.00 sys=0.00, real=0.00 secs] 
1.898: [GC (Allocation Failure) 1.898: [DefNew: 960K->63K(960K), 0.0012468 secs] 147103K->146469K(524224K), 0.0012772 secs] [Times: user=0.00 sys=0.00, real=0.00 secs] 
1.902: [GC (Allocation Failure) 1.902: [DefNew: 959K->63K(960K), 0.0014546 secs] 147386K->146793K(524224K), 0.0014981 secs] [Times: user=0.00 sys=0.00, real=0.00 secs] 
1.907: [GC (Allocation Failure) 1.907: [DefNew: 959K->63K(960K), 0.0019852 secs] 147705K->147136K(524224K), 0.0020760 secs] [Times: user=0.00 sys=0.00, real=0.00 secs] 
1.911: [GC (Allocation Failure) 1.911: [DefNew: 959K->63K(960K), 0.0015684 secs] 148061K->147435K(524224K), 0.0016170 secs] [Times: user=0.00 sys=0.00, real=0.00 secs] 
1.917: [GC (Allocation Failure) 1.917: [DefNew: 959K->63K(960K), 0.0013590 secs] 148360K->147738K(524224K), 0.0013863 secs] [Times: user=0.00 sys=0.00, real=0.00 secs] 
1.920: [GC (Allocation Failure) 1.920: [DefNew: 959K->64K(960K), 0.0014799 secs] 148666K->148026K(524224K), 0.0015178 secs] [Times: user=0.00 sys=0.00, real=0.00 secs] 
1.925: [GC (Allocation Failure) 1.925: [DefNew: 960K->64K(960K), 0.0012626 secs] 148950K->148328K(524224K), 0.0012942 secs] [Times: user=0.00 sys=0.00, real=0.00 secs] 
1.928: [GC (Allocation Failure) 1.928: [DefNew: 960K->63K(960K), 0.0011006 secs] 149262K->148610K(524224K), 0.0011188 secs] [Times: user=0.00 sys=0.00, real=0.00 secs] 
1.930: [GC (Allocation Failure) 1.930: [DefNew: 959K->63K(960K), 0.0010568 secs] 149548K->148887K(524224K), 0.0010789 secs] [Times: user=0.00 sys=0.00, real=0.00 secs] 
1.933: [GC (Allocation Failure) 1.933: [DefNew: 959K->63K(960K), 0.0009841 secs] 149829K->149150K(524224K), 0.0010054 secs] [Times: user=0.00 sys=0.00, real=0.00 secs] 
1.937: [GC (Allocation Failure) 1.937: [DefNew: 959K->63K(960K), 0.0010465 secs] 150092K->149421K(524224K), 0.0010698 secs] [Times: user=0.00 sys=0.00, real=0.00 secs] 
1.939: [GC (Allocation Failure) 1.939: [DefNew: 959K->63K(960K), 0.0010027 secs] 150366K->149681K(524224K), 0.0010240 secs] [Times: user=0.00 sys=0.00, real=0.00 secs] 
1.943: [GC (Allocation Failure) 1.943: [DefNew: 959K->64K(960K), 0.0010979 secs] 150614K->149968K(524224K), 0.0011212 secs] [Times: user=0.00 sys=0.00, real=0.00 secs] 
1.947: [GC (Allocation Failure) 1.947: [DefNew: 960K->63K(960K), 0.0011686 secs] 150903K->150249K(524224K), 0.0012113 secs] [Times: user=0.00 sys=0.00, real=0.00 secs] 
1.949: [GC (Allocation Failure) 1.949: [DefNew: 959K->64K(960K), 0.0010919 secs] 151178K->150539K(524224K), 0.0011113 secs] [Times: user=0.00 sys=0.00, real=0.00 secs] 
1.953: [GC (Allocation Failure) 1.953: [DefNew: 960K->63K(960K), 0.0016348 secs] 151467K->150836K(524224K), 0.0016877 secs] [Times: user=0.00 sys=0.00, real=0.00 secs] 
1.956: [GC (Allocation Failure) 1.956: [DefNew: 959K->63K(960K), 0.0015937 secs] 151764K->151149K(524224K), 0.0016616 secs] [Times: user=0.00 sys=0.00, real=0.00 secs] 
1.960: [GC (Allocation Failure) 1.960: [DefNew: 959K->64K(960K), 0.0011571 secs] 152088K->151429K(524224K), 0.0011800 secs] [Times: user=0.00 sys=0.00, real=0.00 secs] 
1.963: [GC (Allocation Failure) 1.963: [DefNew: 960K->64K(960K), 0.0012729 secs] 152355K->151728K(524224K), 0.0013152 secs] [Times: user=0.00 sys=0.00, real=0.00 secs] 
1.966: [GC (Allocation Failure) 1.967: [DefNew: 960K->63K(960K), 0.0014965 secs] 152654K->152047K(524224K), 0.0015739 secs] [Times: user=0.00 sys=0.00, real=0.00 secs] 
1.970: [GC (Allocation Failure) 1.970: [DefNew: 959K->63K(960K), 0.0012081 secs] 152985K->152316K(524224K), 0.0012361 secs] [Times: user=0.00 sys=0.00, real=0.00 secs] 
1.975: [GC (Allocation Failure) 1.975: [DefNew: 959K->63K(960K), 0.0010773 secs] 153250K->152604K(524224K), 0.0011022 secs] [Times: user=0.00 sys=0.00, real=0.00 secs] 
1.977: [GC (Allocation Failure) 1.977: [DefNew: 959K->63K(960K), 0.0012124 secs] 153534K->152892K(524224K), 0.0012523 secs] [Times: user=0.00 sys=0.00, real=0.00 secs] 
1.982: [GC (Allocation Failure) 1.982: [DefNew: 959K->63K(960K), 0.0011800 secs] 153816K->153203K(524224K), 0.0012196 secs] [Times: user=0.00 sys=0.00, real=0.00 secs] 
1.985: [GC (Allocation Failure) 1.985: [DefNew: 959K->63K(960K), 0.0016391 secs] 154128K->153516K(524224K), 0.0016857 secs] [Times: user=0.00 sys=0.00, real=0.00 secs] 
1.990: [GC (Allocation Failure) 1.990: [DefNew: 959K->63K(960K), 0.0011579 secs] 154448K->153801K(524224K), 0.0011848 secs] [Times: user=0.00 sys=0.00, real=0.00 secs] 
1.993: [GC (Allocation Failure) 1.993: [DefNew: 959K->63K(960K), 0.0012065 secs] 154720K->154113K(524224K), 0.0012480 secs] [Times: user=0.00 sys=0.00, real=0.00 secs] 
1.996: [GC (Allocation Failure) 1.996: [DefNew: 959K->64K(960K), 0.0012006 secs] 155043K->154411K(524224K), 0.0012393 secs] [Times: user=0.00 sys=0.00, real=0.00 secs] 
2.000: [GC (Allocation Failure) 2.000: [DefNew: 960K->64K(960K), 0.0012409 secs] 155334K->154711K(524224K), 0.0012804 secs] [Times: user=0.00 sys=0.00, real=0.00 secs] 
2.003: [GC (Allocation Failure) 2.003: [DefNew: 960K->63K(960K), 0.0011883 secs] 155648K->154988K(524224K), 0.0012294 secs] [Times: user=0.00 sys=0.00, real=0.00 secs] 
2.006: [GC (Allocation Failure) 2.006: [DefNew: 959K->63K(960K), 0.0012038 secs] 155914K->155293K(524224K), 0.0012318 secs] [Times: user=0.00 sys=0.00, real=0.00 secs] 
2.010: [GC (Allocation Failure) 2.010: [DefNew: 959K->63K(960K), 0.0013981 secs] 156224K->155597K(524224K), 0.0014293 secs] [Times: user=0.00 sys=0.00, real=0.00 secs] 
2.013: [GC (Allocation Failure) 2.013: [DefNew: 959K->63K(960K), 0.0017560 secs] 156520K->155912K(524224K), 0.0017991 secs] [Times: user=0.00 sys=0.00, real=0.00 secs] 
2.017: [GC (Allocation Failure) 2.017: [DefNew: 959K->64K(960K), 0.0012377 secs] 156849K->156179K(524224K), 0.0012610 secs] [Times: user=0.00 sys=0.00, real=0.00 secs] 
2.020: [GC (Allocation Failure) 2.020: [DefNew: 960K->63K(960K), 0.0012934 secs] 157116K->156456K(524224K), 0.0013207 secs] [Times: user=0.00 sys=0.00, real=0.00 secs] 
2.022: [GC (Allocation Failure) 2.022: [DefNew: 959K->63K(960K), 0.0011627 secs] 157385K->156751K(524224K), 0.0011876 secs] [Times: user=0.00 sys=0.00, real=0.00 secs] 
2.026: [GC (Allocation Failure) 2.026: [DefNew: 959K->64K(960K), 0.0010730 secs] 157689K->157029K(524224K), 0.0010959 secs] [Times: user=0.00 sys=0.00, real=0.00 secs] 
2.030: [GC (Allocation Failure) 2.030: [DefNew: 960K->63K(960K), 0.0010402 secs] 157965K->157304K(524224K), 0.0010592 secs] [Times: user=0.00 sys=0.00, real=0.00 secs] 
2.032: [GC (Allocation Failure) 2.032: [DefNew: 959K->64K(960K), 0.0015313 secs] 158230K->157613K(524224K), 0.0015755 secs] [Times: user=0.00 sys=0.00, real=0.00 secs] 
2.037: [GC (Allocation Failure) 2.037: [DefNew: 960K->64K(960K), 0.0012674 secs] 158554K->157881K(524224K), 0.0012922 secs] [Times: user=0.00 sys=0.00, real=0.00 secs] 
2.040: [GC (Allocation Failure) 2.040: [DefNew: 960K->63K(960K), 0.0011516 secs] 158816K->158158K(524224K), 0.0011915 secs] [Times: user=0.00 sys=0.00, real=0.00 secs] 
2.043: [GC (Allocation Failure) 2.043: [DefNew: 959K->63K(960K), 0.0011378 secs] 159090K->158451K(524224K), 0.0011785 secs] [Times: user=0.00 sys=0.00, real=0.00 secs] 
2.048: [GC (Allocation Failure) 2.048: [DefNew: 959K->63K(960K), 0.0012421 secs] 159380K->158756K(524224K), 0.0012768 secs] [Times: user=0.00 sys=0.00, real=0.00 secs] 
2.051: [GC (Allocation Failure) 2.051: [DefNew: 959K->64K(960K), 0.0011559 secs] 159690K->159038K(524224K), 0.0011789 secs] [Times: user=0.00 sys=0.00, real=0.00 secs] 
2.056: [GC (Allocation Failure) 2.056: [DefNew: 960K->63K(960K), 0.0018276 secs] 159961K->159350K(524224K), 0.0018785 secs] [Times: user=0.00 sys=0.00, real=0.00 secs] 
2.061: [GC (Allocation Failure) 2.061: [DefNew: 959K->63K(960K), 0.0015739 secs] 160260K->159749K(524224K), 0.0016142 secs] [Times: user=0.00 sys=0.00, real=0.00 secs] 
2.064: [GC (Allocation Failure) 2.064: [DefNew: 959K->63K(960K), 0.0014214 secs] 160673K->160049K(524224K), 0.0014511 secs] [Times: user=0.00 sys=0.00, real=0.00 secs] 
2.069: [GC (Allocation Failure) 2.069: [DefNew: 959K->63K(960K), 0.0011793 secs] 160974K->160350K(524224K), 0.0012109 secs] [Times: user=0.00 sys=0.00, real=0.00 secs] 
2.072: [GC (Allocation Failure) 2.072: [DefNew: 959K->63K(960K), 0.0012642 secs] 161269K->160663K(524224K), 0.0013132 secs] [Times: user=0.00 sys=0.00, real=0.00 secs] 
2.078: [GC (Allocation Failure) 2.078: [DefNew: 959K->64K(960K), 0.0018540 secs] 161578K->160987K(524224K), 0.0018912 secs] [Times: user=0.00 sys=0.00, real=0.00 secs] 
2.084: [GC (Allocation Failure) 2.084: [DefNew: 960K->64K(960K), 0.0013199 secs] 161916K->161281K(524224K), 0.0013483 secs] [Times: user=0.00 sys=0.00, real=0.00 secs] 
2.086: [GC (Allocation Failure) 2.086: [DefNew: 960K->63K(960K), 0.0012310 secs] 162218K->161555K(524224K), 0.0012978 secs] [Times: user=0.00 sys=0.00, real=0.00 secs] 
2.090: [GC (Allocation Failure) 2.090: [DefNew: 959K->63K(960K), 0.0013096 secs] 162468K->161896K(524224K), 0.0013555 secs] [Times: user=0.00 sys=0.00, real=0.00 secs] 
2.095: [GC (Allocation Failure) 2.095: [DefNew: 959K->63K(960K), 0.0012780 secs] 162824K->162195K(524224K), 0.0013069 secs] [Times: user=0.00 sys=0.00, real=0.00 secs] 
2.098: [GC (Allocation Failure) 2.098: [DefNew: 959K->63K(960K), 0.0011508 secs] 163130K->162476K(524224K), 0.0011753 secs] [Times: user=0.00 sys=0.00, real=0.00 secs] 
2.102: [GC (Allocation Failure) 2.102: [DefNew: 959K->63K(960K), 0.0012978 secs] 163401K->162778K(524224K), 0.0013424 secs] [Times: user=0.00 sys=0.00, real=0.00 secs] 
2.105: [GC (Allocation Failure) 2.105: [DefNew: 959K->63K(960K), 0.0013400 secs] 163699K->163101K(524224K), 0.0013780 secs] [Times: user=0.00 sys=0.00, real=0.00 secs] 
2.110: [GC (Allocation Failure) 2.110: [DefNew: 959K->64K(960K), 0.0013649 secs] 164025K->163408K(524224K), 0.0013981 secs] [Times: user=0.00 sys=0.00, real=0.00 secs] 
2.114: [GC (Allocation Failure) 2.114: [DefNew: 960K->63K(960K), 0.0018291 secs] 164330K->163714K(524224K), 0.0018698 secs] [Times: user=0.00 sys=0.00, real=0.00 secs] 
2.117: [GC (Allocation Failure) 2.117: [DefNew: 959K->63K(960K), 0.0013764 secs] 164638K->164038K(524224K), 0.0014246 secs] [Times: user=0.00 sys=0.00, real=0.00 secs] 
2.122: [GC (Allocation Failure) 2.122: [DefNew: 959K->63K(960K), 0.0013523 secs] 164966K->164331K(524224K), 0.0013875 secs] [Times: user=0.02 sys=0.00, real=0.00 secs] 
2.124: [GC (Allocation Failure) 2.124: [DefNew: 959K->63K(960K), 0.0015091 secs] 165262K->164626K(524224K), 0.0015700 secs] [Times: user=0.00 sys=0.00, real=0.00 secs] 
2.130: [GC (Allocation Failure) 2.130: [DefNew: 959K->64K(960K), 0.0012318 secs] 165557K->164909K(524224K), 0.0012583 secs] [Times: user=0.00 sys=0.00, real=0.00 secs] 
2.134: [GC (Allocation Failure) 2.134: [DefNew: 960K->63K(960K), 0.0013408 secs] 165830K->165247K(524224K), 0.0013859 secs] [Times: user=0.00 sys=0.00, real=0.00 secs] 
2.137: [GC (Allocation Failure) 2.137: [DefNew: 959K->63K(960K), 0.0015313 secs] 166165K->165578K(524224K), 0.0015826 secs] [Times: user=0.00 sys=0.02, real=0.00 secs] 
2.142: [GC (Allocation Failure) 2.142: [DefNew: 959K->64K(960K), 0.0013065 secs] 166500K->165883K(524224K), 0.0013408 secs] [Times: user=0.00 sys=0.00, real=0.00 secs] 
2.145: [GC (Allocation Failure) 2.145: [DefNew: 960K->64K(960K), 0.0011864 secs] 166811K->166178K(524224K), 0.0012136 secs] [Times: user=0.00 sys=0.00, real=0.00 secs] 
2.148: [GC (Allocation Failure) 2.148: [DefNew: 960K->64K(960K), 0.0012717 secs] 167109K->166473K(524224K), 0.0013171 secs] [Times: user=0.00 sys=0.00, real=0.00 secs] 
2.152: [GC (Allocation Failure) 2.152: [DefNew: 960K->64K(960K), 0.0014471 secs] 167387K->166822K(524224K), 0.0014914 secs] [Times: user=0.00 sys=0.00, real=0.00 secs] 
2.155: [GC (Allocation Failure) 2.156: [DefNew: 960K->63K(960K), 0.0013586 secs] 167746K->167137K(524224K), 0.0013898 secs] [Times: user=0.00 sys=0.00, real=0.00 secs] 
2.160: [GC (Allocation Failure) 2.160: [DefNew: 959K->63K(960K), 0.0013389 secs] 168057K->167450K(524224K), 0.0013728 secs] [Times: user=0.00 sys=0.00, real=0.00 secs] 
2.166: [GC (Allocation Failure) 2.166: [DefNew: 959K->64K(960K), 0.0012915 secs] 168376K->167747K(524224K), 0.0013353 secs] [Times: user=0.00 sys=0.00, real=0.00 secs] 
2.168: [GC (Allocation Failure) 2.168: [DefNew: 960K->63K(960K), 0.0011974 secs] 168686K->168020K(524224K), 0.0012227 secs] [Times: user=0.00 sys=0.00, real=0.00 secs] 
2.172: [GC (Allocation Failure) 2.172: [DefNew: 959K->63K(960K), 0.0018710 secs] 168937K->168501K(524224K), 0.0019243 secs] [Times: user=0.00 sys=0.00, real=0.00 secs] 
2.176: [GC (Allocation Failure) 2.176: [DefNew: 959K->63K(960K), 0.0016292 secs] 169424K->168804K(524224K), 0.0016711 secs] [Times: user=0.00 sys=0.00, real=0.00 secs] 
2.180: [GC (Allocation Failure) 2.180: [DefNew: 959K->63K(960K), 0.0014428 secs] 169718K->169169K(524224K), 0.0014882 secs] [Times: user=0.00 sys=0.00, real=0.00 secs] 
2.184: [GC (Allocation Failure) 2.184: [DefNew: 959K->63K(960K), 0.0014906 secs] 170087K->169509K(524224K), 0.0015348 secs] [Times: user=0.00 sys=0.00, real=0.00 secs] 
2.187: [GC (Allocation Failure) 2.187: [DefNew: 959K->64K(960K), 0.0017114 secs] 170440K->169798K(524224K), 0.0017474 secs] [Times: user=0.00 sys=0.00, real=0.00 secs] 
2.191: [GC (Allocation Failure) 2.191: [DefNew: 960K->64K(960K), 0.0011587 secs] 170726K->170091K(524224K), 0.0011868 secs] [Times: user=0.00 sys=0.00, real=0.00 secs] 
2.194: [GC (Allocation Failure) 2.194: [DefNew: 960K->64K(960K), 0.0012326 secs] 171016K->170382K(524224K), 0.0012729 secs] [Times: user=0.00 sys=0.00, real=0.00 secs] 
2.198: [GC (Allocation Failure) 2.198: [DefNew: 960K->64K(960K), 0.0012326 secs] 171315K->170671K(524224K), 0.0012780 secs] [Times: user=0.00 sys=0.00, real=0.00 secs] 
2.200: [GC (Allocation Failure) 2.201: [DefNew: 960K->64K(960K), 0.0011449 secs] 171604K->170949K(524224K), 0.0011844 secs] [Times: user=0.00 sys=0.00, real=0.00 secs] 
2.203: [GC (Allocation Failure) 2.203: [DefNew: 960K->63K(960K), 0.0012243 secs] 171887K->171222K(524224K), 0.0012508 secs] [Times: user=0.00 sys=0.00, real=0.00 secs] 
2.206: [GC (Allocation Failure) 2.206: [DefNew: 959K->63K(960K), 0.0010765 secs] 172158K->171501K(524224K), 0.0010991 secs] [Times: user=0.00 sys=0.00, real=0.00 secs] 
2.210: [GC (Allocation Failure) 2.210: [DefNew: 959K->63K(960K), 0.0012049 secs] 172431K->171792K(524224K), 0.0012318 secs] [Times: user=0.00 sys=0.00, real=0.00 secs] 
2.212: [GC (Allocation Failure) 2.212: [DefNew: 959K->63K(960K), 0.0012164 secs] 172715K->172092K(524224K), 0.0012433 secs] [Times: user=0.00 sys=0.00, real=0.00 secs] 
2.217: [GC (Allocation Failure) 2.217: [DefNew: 959K->63K(960K), 0.0013077 secs] 173008K->172424K(524224K), 0.0013472 secs] [Times: user=0.00 sys=0.00, real=0.00 secs] 
2.223: [GC (Allocation Failure) 2.223: [DefNew: 959K->63K(960K), 0.0016687 secs] 173362K->172975K(524224K), 0.0017043 secs] [Times: user=0.00 sys=0.00, real=0.00 secs] 
2.226: [GC (Allocation Failure) 2.226: [DefNew: 959K->64K(960K), 0.0014254 secs] 173912K->173257K(524224K), 0.0014475 secs] [Times: user=0.00 sys=0.00, real=0.00 secs] 
2.230: [GC (Allocation Failure) 2.230: [DefNew: 960K->63K(960K), 0.0013057 secs] 174179K->173574K(524224K), 0.0013523 secs] [Times: user=0.00 sys=0.00, real=0.00 secs] 
2.234: [GC (Allocation Failure) 2.234: [DefNew: 959K->64K(960K), 0.0016399 secs] 174498K->173900K(524224K), 0.0016849 secs] [Times: user=0.00 sys=0.00, real=0.00 secs] 
2.237: [GC (Allocation Failure) 2.237: [DefNew: 960K->63K(960K), 0.0012472 secs] 174837K->174178K(524224K), 0.0012784 secs] [Times: user=0.00 sys=0.00, real=0.00 secs] 
2.241: [GC (Allocation Failure) 2.241: [DefNew: 959K->63K(960K), 0.0011868 secs] 175107K->174469K(524224K), 0.0012267 secs] [Times: user=0.00 sys=0.00, real=0.00 secs] 
2.245: [GC (Allocation Failure) 2.245: [DefNew: 959K->64K(960K), 0.0012776 secs] 175388K->174800K(524224K), 0.0013250 secs] [Times: user=0.00 sys=0.00, real=0.00 secs] 
2.249: [GC (Allocation Failure) 2.249: [DefNew: 960K->63K(960K), 0.0012713 secs] 175719K->175133K(524224K), 0.0013045 secs] [Times: user=0.00 sys=0.00, real=0.00 secs] 
2.252: [GC (Allocation Failure) 2.253: [DefNew: 959K->63K(960K), 0.0012650 secs] 176065K->175422K(524224K), 0.0013053 secs] [Times: user=0.00 sys=0.00, real=0.00 secs] 
2.257: [GC (Allocation Failure) 2.257: [DefNew: 959K->64K(960K), 0.0013144 secs] 176344K->175729K(524224K), 0.0013562 secs] [Times: user=0.00 sys=0.00, real=0.00 secs] 
2.262: [GC (Allocation Failure) 2.262: [DefNew: 960K->63K(960K), 0.0022740 secs] 176643K->176061K(524224K), 0.0023131 secs] [Times: user=0.02 sys=0.00, real=0.00 secs] 
2.266: [GC (Allocation Failure) 2.266: [DefNew: 959K->63K(960K), 0.0013005 secs] 176984K->176364K(524224K), 0.0013258 secs] [Times: user=0.00 sys=0.00, real=0.00 secs] 
2.271: [GC (Allocation Failure) 2.271: [DefNew: 959K->63K(960K), 0.0012247 secs] 177287K->176672K(524224K), 0.0012642 secs] [Times: user=0.00 sys=0.00, real=0.00 secs] 
2.274: [GC (Allocation Failure) 2.274: [DefNew: 959K->64K(960K), 0.0012038 secs] 177613K->176942K(524224K), 0.0012421 secs] [Times: user=0.00 sys=0.00, real=0.00 secs] 
2.277: [GC (Allocation Failure) 2.277: [DefNew: 960K->63K(960K), 0.0012034 secs] 177875K->177230K(524224K), 0.0012437 secs] [Times: user=0.00 sys=0.00, real=0.00 secs] 
2.282: [GC (Allocation Failure) 2.282: [DefNew: 959K->63K(960K), 0.0015285 secs] 178152K->177540K(524224K), 0.0015834 secs] [Times: user=0.00 sys=0.00, real=0.00 secs] 
2.286: [GC (Allocation Failure) 2.286: [DefNew: 959K->63K(960K), 0.0011868 secs] 178479K->177815K(524224K), 0.0012109 secs] [Times: user=0.00 sys=0.00, real=0.00 secs] 
2.289: [GC (Allocation Failure) 2.289: [DefNew: 959K->63K(960K), 0.0011469 secs] 178740K->178114K(524224K), 0.0011860 secs] [Times: user=0.00 sys=0.00, real=0.00 secs] 
2.292: [GC (Allocation Failure) 2.292: [DefNew: 959K->63K(960K), 0.0011433 secs] 179051K->178382K(524224K), 0.0011820 secs] [Times: user=0.00 sys=0.00, real=0.00 secs] 
2.295: [GC (Allocation Failure) 2.295: [DefNew: 959K->64K(960K), 0.0015565 secs] 179313K->178673K(524224K), 0.0015957 secs] [Times: user=0.00 sys=0.00, real=0.00 secs] 
2.300: [GC (Allocation Failure) 2.300: [DefNew: 960K->63K(960K), 0.0011362 secs] 179605K->178958K(524224K), 0.0011591 secs] [Times: user=0.00 sys=0.00, real=0.00 secs] 
2.305: [GC (Allocation Failure) 2.305: [DefNew: 959K->63K(960K), 0.0013049 secs] 179876K->179294K(524224K), 0.0013440 secs] [Times: user=0.00 sys=0.00, real=0.00 secs] 
2.309: [GC (Allocation Failure) 2.309: [DefNew: 959K->63K(960K), 0.0012958 secs] 180223K->179587K(524224K), 0.0013353 secs] [Times: user=0.01 sys=0.00, real=0.00 secs] 
2.314: [GC (Allocation Failure) 2.314: [DefNew: 959K->63K(960K), 0.0015629 secs] 180496K->179957K(524224K), 0.0016597 secs] [Times: user=0.00 sys=0.00, real=0.00 secs] 
2.317: [GC (Allocation Failure) 2.317: [DefNew: 959K->64K(960K), 0.0020322 secs] 180879K->180267K(524224K), 0.0020982 secs] [Times: user=0.00 sys=0.00, real=0.00 secs] 
2.322: [GC (Allocation Failure) 2.322: [DefNew: 960K->64K(960K), 0.0012322 secs] 181194K->180571K(524224K), 0.0012634 secs] [Times: user=0.00 sys=0.00, real=0.00 secs] 
2.326: [GC (Allocation Failure) 2.326: [DefNew: 960K->64K(960K), 0.0014131 secs] 181490K->180878K(524224K), 0.0014439 secs] [Times: user=0.00 sys=0.00, real=0.00 secs] 
2.329: [GC (Allocation Failure) 2.329: [DefNew: 960K->63K(960K), 0.0011536 secs] 181809K->181166K(524224K), 0.0011789 secs] [Times: user=0.00 sys=0.00, real=0.00 secs] 
2.333: [GC (Allocation Failure) 2.333: [DefNew: 959K->63K(960K), 0.0014475 secs] 182084K->181482K(524224K), 0.0014835 secs] [Times: user=0.00 sys=0.00, real=0.00 secs] 
2.336: [GC (Allocation Failure) 2.336: [DefNew: 959K->63K(960K), 0.0014001 secs] 182412K->181777K(524224K), 0.0014293 secs] [Times: user=0.00 sys=0.00, real=0.00 secs] 
2.340: [GC (Allocation Failure) 2.340: [DefNew: 959K->64K(960K), 0.0014384 secs] 182693K->182118K(524224K), 0.0014886 secs] [Times: user=0.02 sys=0.00, real=0.00 secs] 
2.346: [GC (Allocation Failure) 2.346: [DefNew: 960K->63K(960K), 0.0014759 secs] 183031K->182447K(524224K), 0.0015064 secs] [Times: user=0.00 sys=0.00, real=0.00 secs] 
2.349: [GC (Allocation Failure) 2.349: [DefNew: 959K->64K(960K), 0.0014230 secs] 183374K->182784K(524224K), 0.0014653 secs] [Times: user=0.00 sys=0.00, real=0.00 secs] 
2.354: [GC (Allocation Failure) 2.354: [DefNew: 960K->63K(960K), 0.0016170 secs] 183707K->183126K(524224K), 0.0016944 secs] [Times: user=0.00 sys=0.00, real=0.00 secs] 
2.360: [GC (Allocation Failure) 2.360: [DefNew: 959K->64K(960K), 0.0012812 secs] 184056K->183418K(524224K), 0.0013112 secs] [Times: user=0.00 sys=0.00, real=0.00 secs] 
2.362: [GC (Allocation Failure) 2.362: [DefNew: 960K->63K(960K), 0.0012164 secs] 184352K->183707K(524224K), 0.0012460 secs] [Times: user=0.00 sys=0.00, real=0.00 secs] 
2.366: [GC (Allocation Failure) 2.366: [DefNew: 959K->64K(960K), 0.0012413 secs] 184624K->184041K(524224K), 0.0012733 secs] [Times: user=0.00 sys=0.00, real=0.00 secs] 
2.368: [GC (Allocation Failure) 2.368: [DefNew: 960K->63K(960K), 0.0011725 secs] 184971K->184337K(524224K), 0.0011955 secs] [Times: user=0.00 sys=0.00, real=0.00 secs] 
2.372: [GC (Allocation Failure) 2.372: [DefNew: 959K->63K(960K), 0.0012666 secs] 185255K->184657K(524224K), 0.0013013 secs] [Times: user=0.02 sys=0.00, real=0.00 secs] 
2.377: [GC (Allocation Failure) 2.377: [DefNew: 959K->63K(960K), 0.0012946 secs] 185594K->184935K(524224K), 0.0013227 secs] [Times: user=0.00 sys=0.00, real=0.00 secs] 
2.380: [GC (Allocation Failure) 2.380: [DefNew: 959K->63K(960K), 0.0012705 secs] 185864K->185232K(524224K), 0.0012978 secs] [Times: user=0.00 sys=0.00, real=0.00 secs] 
2.384: [GC (Allocation Failure) 2.384: [DefNew: 959K->63K(960K), 0.0012452 secs] 186164K->185517K(524224K), 0.0012705 secs] [Times: user=0.00 sys=0.00, real=0.00 secs] 
2.388: [GC (Allocation Failure) 2.388: [DefNew: 959K->63K(960K), 0.0012464 secs] 186449K->185804K(524224K), 0.0012780 secs] [Times: user=0.00 sys=0.00, real=0.00 secs] 
2.390: [GC (Allocation Failure) 2.390: [DefNew: 959K->64K(960K), 0.0013811 secs] 186731K->186102K(524224K), 0.0014044 secs] [Times: user=0.00 sys=0.00, real=0.00 secs] 
2.395: [GC (Allocation Failure) 2.395: [DefNew: 960K->63K(960K), 0.0012263 secs] 187034K->186391K(524224K), 0.0012508 secs] [Times: user=0.00 sys=0.00, real=0.00 secs] 
2.398: [GC (Allocation Failure) 2.398: [DefNew: 959K->64K(960K), 0.0012097 secs] 187319K->186686K(524224K), 0.0012302 secs] [Times: user=0.00 sys=0.00, real=0.00 secs] 
2.402: [GC (Allocation Failure) 2.402: [DefNew: 960K->64K(960K), 0.0011544 secs] 187623K->186965K(524224K), 0.0011793 secs] [Times: user=0.00 sys=0.00, real=0.00 secs] 
2.406: [GC (Allocation Failure) 2.406: [DefNew: 960K->63K(960K), 0.0013641 secs] 187898K->187258K(524224K), 0.0014214 secs] [Times: user=0.00 sys=0.00, real=0.00 secs] 
2.409: [GC (Allocation Failure) 2.409: [DefNew: 959K->63K(960K), 0.0011793 secs] 188187K->187547K(524224K), 0.0012026 secs] [Times: user=0.00 sys=0.00, real=0.00 secs] 
2.413: [GC (Allocation Failure) 2.413: [DefNew: 959K->63K(960K), 0.0011508 secs] 188478K->187836K(524224K), 0.0011741 secs] [Times: user=0.00 sys=0.00, real=0.00 secs] 
2.416: [GC (Allocation Failure) 2.416: [DefNew: 959K->64K(960K), 0.0013061 secs] 188759K->188141K(524224K), 0.0013321 secs] [Times: user=0.00 sys=0.00, real=0.00 secs] 
2.419: [GC (Allocation Failure) 2.419: [DefNew: 960K->63K(960K), 0.0016083 secs] 189068K->188448K(524224K), 0.0016541 secs] [Times: user=0.02 sys=0.00, real=0.00 secs] 
2.424: [GC (Allocation Failure) 2.424: [DefNew: 959K->63K(960K), 0.0015210 secs] 189353K->188876K(524224K), 0.0015538 secs] [Times: user=0.00 sys=0.00, real=0.00 secs] 
2.426: [GC (Allocation Failure) 2.426: [DefNew: 959K->63K(960K), 0.0013558 secs] 189810K->189163K(524224K), 0.0013772 secs] [Times: user=0.00 sys=0.00, real=0.00 secs] 
2.430: [GC (Allocation Failure) 2.430: [DefNew: 959K->64K(960K), 0.0014131 secs] 190071K->189537K(524224K), 0.0014522 secs] [Times: user=0.00 sys=0.00, real=0.00 secs] 
2.435: [GC (Allocation Failure) 2.435: [DefNew: 960K->63K(960K), 0.0013796 secs] 190461K->189850K(524224K), 0.0014210 secs] [Times: user=0.00 sys=0.00, real=0.00 secs] 
2.439: [GC (Allocation Failure) 2.439: [DefNew: 959K->63K(960K), 0.0012745 secs] 190768K->190178K(524224K), 0.0013029 secs] [Times: user=0.00 sys=0.00, real=0.00 secs] 
2.444: [GC (Allocation Failure) 2.444: [DefNew: 959K->63K(960K), 0.0012598 secs] 191103K->190476K(524224K), 0.0012990 secs] [Times: user=0.00 sys=0.00, real=0.00 secs] 
2.447: [GC (Allocation Failure) 2.447: [DefNew: 959K->63K(960K), 0.0012306 secs] 191405K->190774K(524224K), 0.0012705 secs] [Times: user=0.00 sys=0.00, real=0.00 secs] 
2.452: [GC (Allocation Failure) 2.452: [DefNew: 959K->64K(960K), 0.0015968 secs] 191690K->191113K(524224K), 0.0016466 secs] [Times: user=0.00 sys=0.00, real=0.00 secs] 
2.457: [GC (Allocation Failure) 2.457: [DefNew: 960K->63K(960K), 0.0013057 secs] 192042K->191421K(524224K), 0.0013400 secs] [Times: user=0.00 sys=0.00, real=0.00 secs] 
2.460: [GC (Allocation Failure) 2.460: [DefNew: 959K->64K(960K), 0.0011362 secs] 192358K->191700K(524224K), 0.0011591 secs] [Times: user=0.00 sys=0.00, real=0.00 secs] 
2.463: [GC (Allocation Failure) 2.463: [DefNew: 960K->63K(960K), 0.0012464 secs] 192613K->192029K(524224K), 0.0012855 secs] [Times: user=0.00 sys=0.00, real=0.00 secs] 
2.465: [GC (Allocation Failure) 2.465: [DefNew: 959K->63K(960K), 0.0015004 secs] 192954K->192345K(524224K), 0.0015320 secs] [Times: user=0.00 sys=0.00, real=0.00 secs] 
2.471: [GC (Allocation Failure) 2.471: [DefNew: 959K->63K(960K), 0.0014961 secs] 193264K->192704K(524224K), 0.0015340 secs] [Times: user=0.00 sys=0.00, real=0.00 secs] 
2.476: [GC (Allocation Failure) 2.476: [DefNew: 959K->63K(960K), 0.0012136 secs] 193635K->192991K(524224K), 0.0012361 secs] [Times: user=0.00 sys=0.00, real=0.00 secs] 
2.478: [GC (Allocation Failure) 2.478: [DefNew: 959K->63K(960K), 0.0012816 secs] 193918K->193293K(524224K), 0.0013211 secs] [Times: user=0.00 sys=0.00, real=0.00 secs] 
2.483: [GC (Allocation Failure) 2.483: [DefNew: 959K->63K(960K), 0.0013452 secs] 194209K->193613K(524224K), 0.0013851 secs] [Times: user=0.00 sys=0.00, real=0.00 secs] 
2.488: [GC (Allocation Failure) 2.488: [DefNew: 959K->63K(960K), 0.0013720 secs] 194544K->193913K(524224K), 0.0014017 secs] [Times: user=0.00 sys=0.00, real=0.00 secs] 
2.491: [GC (Allocation Failure) 2.491: [DefNew: 959K->63K(960K), 0.0012282 secs] 194843K->194205K(524224K), 0.0012666 secs] [Times: user=0.00 sys=0.00, real=0.00 secs] 
2.495: [GC (Allocation Failure) 2.495: [DefNew: 959K->63K(960K), 0.0013156 secs] 195129K->194506K(524224K), 0.0013547 secs] [Times: user=0.00 sys=0.00, real=0.00 secs] 
2.498: [GC (Allocation Failure) 2.498: [DefNew: 959K->64K(960K), 0.0019955 secs] 195427K->194828K(524224K), 0.0020717 secs] [Times: user=0.00 sys=0.00, real=0.00 secs] 
2.505: [GC (Allocation Failure) 2.505: [DefNew: 960K->63K(960K), 0.0013306 secs] 195745K->195148K(524224K), 0.0013697 secs] [Times: user=0.00 sys=0.00, real=0.00 secs] 
2.510: [GC (Allocation Failure) 2.510: [DefNew: 959K->64K(960K), 0.0012713 secs] 196075K->195443K(524224K), 0.0013096 secs] [Times: user=0.00 sys=0.00, real=0.00 secs] 
2.513: [GC (Allocation Failure) 2.513: [DefNew: 960K->63K(960K), 0.0011990 secs] 196380K->195723K(524224K), 0.0012207 secs] [Times: user=0.02 sys=0.00, real=0.00 secs] 
2.516: [GC (Allocation Failure) 2.516: [DefNew: 959K->64K(960K), 0.0014479 secs] 196644K->196038K(524224K), 0.0014894 secs] [Times: user=0.00 sys=0.00, real=0.00 secs] 
2.519: [GC (Allocation Failure) 2.519: [DefNew: 960K->63K(960K), 0.0014100 secs] 196956K->196354K(524224K), 0.0014404 secs] [Times: user=0.00 sys=0.00, real=0.00 secs] 
2.524: [GC (Allocation Failure) 2.524: [DefNew: 959K->63K(960K), 0.0015637 secs] 197275K->196809K(524224K), 0.0015984 secs] [Times: user=0.00 sys=0.00, real=0.00 secs] 
2.529: [GC (Allocation Failure) 2.529: [DefNew: 959K->63K(960K), 0.0015490 secs] 197732K->197118K(524224K), 0.0016186 secs] [Times: user=0.00 sys=0.00, real=0.00 secs] 
2.532: [GC (Allocation Failure) 2.532: [DefNew: 959K->64K(960K), 0.0011737 secs] 198045K->197415K(524224K), 0.0011970 secs] [Times: user=0.00 sys=0.00, real=0.00 secs] 
2.535: [GC (Allocation Failure) 2.535: [DefNew: 960K->64K(960K), 0.0010734 secs] 198346K->197696K(524224K), 0.0010947 secs] [Times: user=0.00 sys=0.00, real=0.00 secs] 
2.540: [GC (Allocation Failure) 2.540: [DefNew: 960K->64K(960K), 0.0014862 secs] 198631K->198166K(524224K), 0.0015273 secs] [Times: user=0.00 sys=0.00, real=0.00 secs] 
2.543: [GC (Allocation Failure) 2.543: [DefNew: 960K->63K(960K), 0.0016047 secs] 199090K->198469K(524224K), 0.0016462 secs] [Times: user=0.01 sys=0.00, real=0.00 secs] 
2.548: [GC (Allocation Failure) 2.548: [DefNew: 959K->63K(960K), 0.0013077 secs] 199389K->198783K(524224K), 0.0013345 secs] [Times: user=0.00 sys=0.00, real=0.00 secs] 
2.551: [GC (Allocation Failure) 2.551: [DefNew: 959K->64K(960K), 0.0018532 secs] 199708K->199084K(524224K), 0.0019220 secs] [Times: user=0.00 sys=0.00, real=0.00 secs] 
2.556: [GC (Allocation Failure) 2.556: [DefNew: 960K->64K(960K), 0.0019986 secs] 199994K->199443K(524224K), 0.0020535 secs] [Times: user=0.00 sys=0.00, real=0.00 secs] 
2.561: [GC (Allocation Failure) 2.561: [DefNew: 960K->63K(960K), 0.0014609 secs] 200370K->199732K(524224K), 0.0014906 secs] [Times: user=0.00 sys=0.00, real=0.00 secs] 
2.564: [GC (Allocation Failure) 2.564: [DefNew: 959K->63K(960K), 0.0011718 secs] 200666K->200012K(524224K), 0.0011947 secs] [Times: user=0.00 sys=0.00, real=0.00 secs] 
2.569: [GC (Allocation Failure) 2.569: [DefNew: 959K->63K(960K), 0.0013159 secs] 200927K->200344K(524224K), 0.0013499 secs] [Times: user=0.00 sys=0.00, real=0.00 secs] 
2.572: [GC (Allocation Failure) 2.572: [DefNew: 959K->64K(960K), 0.0014191 secs] 201257K->200698K(524224K), 0.0014459 secs] [Times: user=0.00 sys=0.00, real=0.00 secs] 
2.577: [GC (Allocation Failure) 2.578: [DefNew: 960K->63K(960K), 0.0019998 secs] 201611K->201051K(524224K), 0.0020717 secs] [Times: user=0.00 sys=0.00, real=0.00 secs] 
2.581: [GC (Allocation Failure) 2.581: [DefNew: 959K->64K(960K), 0.0013788 secs] 201976K->201354K(524224K), 0.0014037 secs] [Times: user=0.00 sys=0.00, real=0.00 secs] 
2.583: [GC (Allocation Failure) 2.583: [DefNew: 960K->64K(960K), 0.0012646 secs] 202285K->201644K(524224K), 0.0012875 secs] [Times: user=0.00 sys=0.00, real=0.00 secs] 
2.586: [GC (Allocation Failure) 2.586: [DefNew: 960K->63K(960K), 0.0014147 secs] 202561K->201967K(524224K), 0.0014605 secs] [Times: user=0.00 sys=0.00, real=0.00 secs] 
2.590: [GC (Allocation Failure) 2.590: [DefNew: 959K->63K(960K), 0.0013886 secs] 202882K->202292K(524224K), 0.0014325 secs] [Times: user=0.00 sys=0.00, real=0.00 secs] 
2.595: [GC (Allocation Failure) 2.595: [DefNew: 959K->64K(960K), 0.0014143 secs] 203200K->202674K(524224K), 0.0015368 secs] [Times: user=0.00 sys=0.00, real=0.00 secs] 
2.598: [GC (Allocation Failure) 2.598: [DefNew: 960K->63K(960K), 0.0013638 secs] 203599K->202981K(524224K), 0.0013890 secs] [Times: user=0.00 sys=0.00, real=0.00 secs] 
2.601: [GC (Allocation Failure) 2.601: [DefNew: 959K->63K(960K), 0.0012346 secs] 203914K->203271K(524224K), 0.0012598 secs] [Times: user=0.00 sys=0.00, real=0.00 secs] 
2.607: [GC (Allocation Failure) 2.607: [DefNew: 959K->63K(960K), 0.0016616 secs] 204180K->203698K(524224K), 0.0017260 secs] [Times: user=0.02 sys=0.00, real=0.00 secs] 
2.609: [GC (Allocation Failure) 2.609: [DefNew: 959K->64K(960K), 0.0018315 secs] 204626K->203993K(524224K), 0.0018643 secs] [Times: user=0.00 sys=0.00, real=0.00 secs] 
2.615: [GC (Allocation Failure) 2.615: [DefNew: 960K->63K(960K), 0.0013069 secs] 204922K->204288K(524224K), 0.0013329 secs] [Times: user=0.00 sys=0.00, real=0.00 secs] 
2.620: [GC (Allocation Failure) 2.620: [DefNew: 959K->63K(960K), 0.0018003 secs] 205197K->204659K(524224K), 0.0018631 secs] [Times: user=0.00 sys=0.02, real=0.00 secs] 
2.624: [GC (Allocation Failure) 2.624: [DefNew: 959K->63K(960K), 0.0019753 secs] 205582K->204969K(524224K), 0.0020109 secs] [Times: user=0.00 sys=0.00, real=0.00 secs] 
2.629: [GC (Allocation Failure) 2.629: [DefNew: 959K->64K(960K), 0.0013321 secs] 205890K->205303K(524224K), 0.0013602 secs] [Times: user=0.00 sys=0.00, real=0.00 secs] 
2.634: [GC (Allocation Failure) 2.634: [DefNew: 960K->64K(960K), 0.0012946 secs] 206228K->205613K(524224K), 0.0013341 secs] [Times: user=0.00 sys=0.00, real=0.00 secs] 
2.636: [GC (Allocation Failure) 2.636: [DefNew: 960K->63K(960K), 0.0012614 secs] 206544K->205900K(524224K), 0.0012879 secs] [Times: user=0.00 sys=0.00, real=0.00 secs] 
2.641: [GC (Allocation Failure) 2.641: [DefNew: 959K->63K(960K), 0.0014230 secs] 206814K->206233K(524224K), 0.0014625 secs] [Times: user=0.00 sys=0.00, real=0.00 secs] 
2.645: [GC (Allocation Failure) 2.645: [DefNew: 959K->64K(960K), 0.0013310 secs] 207161K->206528K(524224K), 0.0013562 secs] [Times: user=0.00 sys=0.00, real=0.00 secs] 
2.650: [GC (Allocation Failure) 2.650: [DefNew: 960K->63K(960K), 0.0011879 secs] 207447K->206847K(524224K), 0.0012263 secs] [Times: user=0.00 sys=0.00, real=0.00 secs] 
2.655: [GC (Allocation Failure) 2.655: [DefNew: 959K->63K(960K), 0.0013665 secs] 207766K->207162K(524224K), 0.0014155 secs] [Times: user=0.00 sys=0.00, real=0.00 secs] 
2.658: [GC (Allocation Failure) 2.658: [DefNew: 959K->63K(960K), 0.0012741 secs] 208089K->207465K(524224K), 0.0013120 secs] [Times: user=0.00 sys=0.00, real=0.00 secs] 
2.664: [GC (Allocation Failure) 2.664: [DefNew: 959K->63K(960K), 0.0019026 secs] 208377K->207803K(524224K), 0.0019654 secs] [Times: user=0.00 sys=0.00, real=0.00 secs] 
2.667: [GC (Allocation Failure) 2.667: [DefNew: 959K->64K(960K), 0.0010860 secs] 208744K->208071K(524224K), 0.0011089 secs] [Times: user=0.00 sys=0.00, real=0.00 secs] 
2.671: [GC (Allocation Failure) 2.671: [DefNew: 960K->64K(960K), 0.0016158 secs] 208980K->208443K(524224K), 0.0016790 secs] [Times: user=0.00 sys=0.00, real=0.00 secs] 
2.675: [GC (Allocation Failure) 2.675: [DefNew: 960K->63K(960K), 0.0012259 secs] 209378K->208732K(524224K), 0.0012484 secs] [Times: user=0.00 sys=0.00, real=0.00 secs] 
2.677: [GC (Allocation Failure) 2.677: [DefNew: 959K->63K(960K), 0.0010999 secs] 209667K->209010K(524224K), 0.0011204 secs] [Times: user=0.00 sys=0.00, real=0.00 secs] 
2.681: [GC (Allocation Failure) 2.681: [DefNew: 959K->63K(960K), 0.0011714 secs] 209937K->209309K(524224K), 0.0012105 secs] [Times: user=0.00 sys=0.00, real=0.00 secs] 
2.684: [GC (Allocation Failure) 2.684: [DefNew: 959K->63K(960K), 0.0012207 secs] 210236K->209597K(524224K), 0.0012618 secs] [Times: user=0.01 sys=0.00, real=0.00 secs] 
2.687: [GC (Allocation Failure) 2.687: [DefNew: 959K->63K(960K), 0.0013764 secs] 210524K->209900K(524224K), 0.0014198 secs] [Times: user=0.00 sys=0.00, real=0.00 secs] 
2.691: [GC (Allocation Failure) 2.691: [DefNew: 959K->63K(960K), 0.0014491 secs] 210816K->210224K(524224K), 0.0014894 secs] [Times: user=0.00 sys=0.00, real=0.00 secs] 
2.694: [GC (Allocation Failure) 2.694: [DefNew: 959K->64K(960K), 0.0012776 secs] 211150K->210530K(524224K), 0.0013029 secs] [Times: user=0.00 sys=0.00, real=0.00 secs] 
2.699: [GC (Allocation Failure) 2.699: [DefNew: 960K->63K(960K), 0.0013958 secs] 211448K->210848K(524224K), 0.0014305 secs] [Times: user=0.00 sys=0.00, real=0.00 secs] 
2.703: [GC (Allocation Failure) 2.703: [DefNew: 959K->64K(960K), 0.0013930 secs] 211767K->211160K(524224K), 0.0014353 secs] [Times: user=0.00 sys=0.00, real=0.00 secs] 
2.707: [GC (Allocation Failure) 2.707: [DefNew: 960K->64K(960K), 0.0013140 secs] 212080K->211486K(524224K), 0.0013416 secs] [Times: user=0.00 sys=0.00, real=0.00 secs] 
2.712: [GC (Allocation Failure) 2.712: [DefNew: 960K->63K(960K), 0.0011279 secs] 212418K->211770K(524224K), 0.0011500 secs] [Times: user=0.00 sys=0.00, real=0.00 secs] 
2.714: [GC (Allocation Failure) 2.714: [DefNew: 959K->63K(960K), 0.0014752 secs] 212691K->212133K(524224K), 0.0015249 secs] [Times: user=0.00 sys=0.01, real=0.00 secs] 
2.720: [GC (Allocation Failure) 2.720: [DefNew: 959K->63K(960K), 0.0015459 secs] 213057K->212434K(524224K), 0.0015767 secs] [Times: user=0.00 sys=0.00, real=0.00 secs] 
2.724: [GC (Allocation Failure) 2.724: [DefNew: 959K->63K(960K), 0.0012962 secs] 213349K->212770K(524224K), 0.0013274 secs] [Times: user=0.00 sys=0.00, real=0.00 secs] 
2.727: [GC (Allocation Failure) 2.727: [DefNew: 959K->63K(960K), 0.0012148 secs] 213699K->213069K(524224K), 0.0012397 secs] [Times: user=0.00 sys=0.00, real=0.00 secs] 
2.730: [GC (Allocation Failure) 2.730: [DefNew: 959K->63K(960K), 0.0011721 secs] 213996K->213360K(524224K), 0.0011939 secs] [Times: user=0.00 sys=0.00, real=0.00 secs] 
2.734: [GC (Allocation Failure) 2.734: [DefNew: 959K->63K(960K), 0.0014301 secs] 214289K->213654K(524224K), 0.0014594 secs] [Times: user=0.00 sys=0.00, real=0.00 secs] 
2.737: [GC (Allocation Failure) 2.737: [DefNew: 959K->63K(960K), 0.0015415 secs] 214567K->213988K(524224K), 0.0015723 secs] [Times: user=0.00 sys=0.00, real=0.00 secs] 
2.742: [GC (Allocation Failure) 2.742: [DefNew: 959K->64K(960K), 0.0012828 secs] 214913K->214290K(524224K), 0.0013092 secs] [Times: user=0.00 sys=0.00, real=0.00 secs] 
2.745: [GC (Allocation Failure) 2.745: [DefNew: 960K->63K(960K), 0.0013803 secs] 215214K->214597K(524224K), 0.0014187 secs] [Times: user=0.00 sys=0.00, real=0.00 secs] 
2.749: [GC (Allocation Failure) 2.749: [DefNew: 959K->64K(960K), 0.0014131 secs] 215511K->214927K(524224K), 0.0014538 secs] [Times: user=0.00 sys=0.00, real=0.00 secs] 
2.754: [GC (Allocation Failure) 2.754: [DefNew: 960K->63K(960K), 0.0018469 secs] 215848K->215289K(524224K), 0.0019350 secs] [Times: user=0.00 sys=0.00, real=0.00 secs] 
2.758: [GC (Allocation Failure) 2.758: [DefNew: 959K->64K(960K), 0.0014108 secs] 216209K->215603K(524224K), 0.0014360 secs] [Times: user=0.00 sys=0.00, real=0.00 secs] 
2.762: [GC (Allocation Failure) 2.762: [DefNew: 960K->64K(960K), 0.0013657 secs] 216518K->215930K(524224K), 0.0014116 secs] [Times: user=0.02 sys=0.00, real=0.00 secs] 
2.765: [GC (Allocation Failure) 2.765: [DefNew: 960K->63K(960K), 0.0014945 secs] 216848K->216243K(524224K), 0.0015214 secs] [Times: user=0.00 sys=0.00, real=0.00 secs] 
2.769: [GC (Allocation Failure) 2.769: [DefNew: 959K->63K(960K), 0.0012966 secs] 217167K->216546K(524224K), 0.0013357 secs] [Times: user=0.00 sys=0.00, real=0.00 secs] 
2.774: [GC (Allocation Failure) 2.774: [DefNew: 959K->63K(960K), 0.0013634 secs] 217462K->216859K(524224K), 0.0013981 secs] [Times: user=0.00 sys=0.00, real=0.00 secs] 
2.776: [GC (Allocation Failure) 2.776: [DefNew: 959K->63K(960K), 0.0013665 secs] 217780K->217174K(524224K), 0.0013961 secs] [Times: user=0.00 sys=0.00, real=0.00 secs] 
2.780: [GC (Allocation Failure) 2.780: [DefNew: 959K->63K(960K), 0.0016383 secs] 218090K->217497K(524224K), 0.0016893 secs] [Times: user=0.00 sys=0.00, real=0.00 secs] 
2.784: [GC (Allocation Failure) 2.784: [DefNew: 959K->63K(960K), 0.0014933 secs] 218411K->217841K(524224K), 0.0015376 secs] [Times: user=0.00 sys=0.00, real=0.00 secs] 
2.789: [GC (Allocation Failure) 2.789: [DefNew: 959K->64K(960K), 0.0014914 secs] 218752K->218225K(524224K), 0.0015249 secs] [Times: user=0.00 sys=0.00, real=0.00 secs] 
2.793: [GC (Allocation Failure) 2.793: [DefNew: 960K->63K(960K), 0.0014767 secs] 219140K->218568K(524224K), 0.0015166 secs] [Times: user=0.00 sys=0.00, real=0.00 secs] 
2.797: [GC (Allocation Failure) 2.797: [DefNew: 959K->63K(960K), 0.0015123 secs] 219491K->218886K(524224K), 0.0015577 secs] [Times: user=0.00 sys=0.00, real=0.00 secs] 
2.803: [GC (Allocation Failure) 2.803: [DefNew: 959K->63K(960K), 0.0013677 secs] 219805K->219205K(524224K), 0.0013946 secs] [Times: user=0.00 sys=0.00, real=0.00 secs] 
2.806: [GC (Allocation Failure) 2.806: [DefNew: 959K->63K(960K), 0.0013408 secs] 220118K->219554K(524224K), 0.0013807 secs] [Times: user=0.00 sys=0.00, real=0.00 secs] 
2.811: [GC (Allocation Failure) 2.811: [DefNew: 959K->63K(960K), 0.0014594 secs] 220473K->219867K(524224K), 0.0014997 secs] [Times: user=0.00 sys=0.00, real=0.00 secs] 
2.817: [GC (Allocation Failure) 2.817: [DefNew: 959K->63K(960K), 0.0012413 secs] 220790K->220176K(524224K), 0.0012650 secs] [Times: user=0.00 sys=0.00, real=0.00 secs] 
2.819: [GC (Allocation Failure) 2.819: [DefNew: 959K->64K(960K), 0.0013472 secs] 221098K->220491K(524224K), 0.0013867 secs] [Times: user=0.00 sys=0.00, real=0.00 secs] 
2.825: [GC (Allocation Failure) 2.825: [DefNew: 960K->64K(960K), 0.0025442 secs] 221404K->220840K(524224K), 0.0026153 secs] [Times: user=0.02 sys=0.00, real=0.00 secs] 
2.829: [GC (Allocation Failure) 2.829: [DefNew: 960K->63K(960K), 0.0012808 secs] 221761K->221142K(524224K), 0.0013041 secs] [Times: user=0.00 sys=0.00, real=0.00 secs] 
2.834: [GC (Allocation Failure) 2.834: [DefNew: 959K->64K(960K), 0.0014756 secs] 222052K->221496K(524224K), 0.0015392 secs] [Times: user=0.00 sys=0.00, real=0.00 secs] 
2.838: [GC (Allocation Failure) 2.838: [DefNew: 960K->64K(960K), 0.0015269 secs] 222414K->221812K(524224K), 0.0450492 secs] [Times: user=0.00 sys=0.00, real=0.04 secs] 
2.885: [GC (Allocation Failure) 2.885: [DefNew: 960K->63K(960K), 0.0013246 secs] 222722K->222171K(524224K), 0.0013483 secs] [Times: user=0.00 sys=0.00, real=0.00 secs] 
2.888: [GC (Allocation Failure) 2.888: [DefNew: 959K->63K(960K), 0.0017213 secs] 223095K->222474K(524224K), 0.0017718 secs] [Times: user=0.02 sys=0.00, real=0.00 secs] 
2.891: [GC (Allocation Failure) 2.891: [DefNew: 959K->64K(960K), 0.0013278 secs] 223395K->222790K(524224K), 0.0013685 secs] [Times: user=0.00 sys=0.00, real=0.00 secs] 
2.896: [GC (Allocation Failure) 2.896: [DefNew: 960K->64K(960K), 0.0019599 secs] 223708K->223142K(524224K), 0.0020049 secs] [Times: user=0.00 sys=0.00, real=0.00 secs] 
2.900: [GC (Allocation Failure) 2.900: [DefNew: 960K->63K(960K), 0.0013266 secs] 224065K->223451K(524224K), 0.0013531 secs] [Times: user=0.00 sys=0.00, real=0.00 secs] 
2.904: [GC (Allocation Failure) 2.904: [DefNew: 959K->63K(960K), 0.0018422 secs] 224375K->223787K(524224K), 0.0018896 secs] [Times: user=0.00 sys=0.00, real=0.00 secs] 
2.908: [GC (Allocation Failure) 2.908: [DefNew: 959K->63K(960K), 0.0013084 secs] 224711K->224097K(524224K), 0.0013329 secs] [Times: user=0.00 sys=0.00, real=0.00 secs] 
2.911: [GC (Allocation Failure) 2.911: [DefNew: 959K->63K(960K), 0.0012168 secs] 225019K->224408K(524224K), 0.0012575 secs] [Times: user=0.00 sys=0.00, real=0.00 secs] 
2.915: [GC (Allocation Failure) 2.915: [DefNew: 959K->64K(960K), 0.0014068 secs] 225322K->224735K(524224K), 0.0014479 secs] [Times: user=0.00 sys=0.00, real=0.00 secs] 
2.920: [GC (Allocation Failure) 2.920: [DefNew: 960K->63K(960K), 0.0013910 secs] 225654K->225055K(524224K), 0.0014309 secs] [Times: user=0.00 sys=0.00, real=0.00 secs] 
2.923: [GC (Allocation Failure) 2.923: [DefNew: 959K->63K(960K), 0.0019350 secs] 225974K->225411K(524224K), 0.0019800 secs] [Times: user=0.00 sys=0.00, real=0.00 secs] 
2.926: [GC (Allocation Failure) 2.926: [DefNew: 959K->64K(960K), 0.0011706 secs] 226341K->225703K(524224K), 0.0011939 secs] [Times: user=0.00 sys=0.00, real=0.00 secs] 
2.930: [GC (Allocation Failure) 2.930: [DefNew: 960K->64K(960K), 0.0015174 secs] 226617K->226038K(524224K), 0.0015644 secs] [Times: user=0.00 sys=0.00, real=0.00 secs] 
2.935: [GC (Allocation Failure) 2.935: [DefNew: 960K->63K(960K), 0.0014424 secs] 226953K->226364K(524224K), 0.0015064 secs] [Times: user=0.01 sys=0.00, real=0.00 secs] 
2.939: [GC (Allocation Failure) 2.939: [DefNew: 959K->63K(960K), 0.0013803 secs] 227279K->226719K(524224K), 0.0014131 secs] [Times: user=0.00 sys=0.00, real=0.00 secs] 
2.943: [GC (Allocation Failure) 2.943: [DefNew: 959K->63K(960K), 0.0014072 secs] 227640K->227036K(524224K), 0.0014487 secs] [Times: user=0.00 sys=0.00, real=0.00 secs] 
2.948: [GC (Allocation Failure) 2.948: [DefNew: 959K->64K(960K), 0.0013555 secs] 227957K->227350K(524224K), 0.0013946 secs] [Times: user=0.00 sys=0.00, real=0.00 secs] 
2.951: [GC (Allocation Failure) 2.951: [DefNew: 960K->63K(960K), 0.0021772 secs] 228261K->227705K(524224K), 0.0022562 secs] [Times: user=0.00 sys=0.00, real=0.00 secs] 
2.956: [GC (Allocation Failure) 2.956: [DefNew: 959K->63K(960K), 0.0013298 secs] 228632K->227999K(524224K), 0.0013570 secs] [Times: user=0.00 sys=0.00, real=0.00 secs] 
2.961: [GC (Allocation Failure) 2.961: [DefNew: 959K->63K(960K), 0.0011540 secs] 228926K->228299K(524224K), 0.0011765 secs] [Times: user=0.00 sys=0.00, real=0.00 secs] 
2.964: [GC (Allocation Failure) 2.964: [DefNew: 959K->64K(960K), 0.0013242 secs] 229226K->228606K(524224K), 0.0013638 secs] [Times: user=0.00 sys=0.00, real=0.00 secs] 
2.968: [GC (Allocation Failure) 2.968: [DefNew: 960K->64K(960K), 0.0013614 secs] 229526K->228941K(524224K), 0.0014017 secs] [Times: user=0.00 sys=0.00, real=0.00 secs] 
2.973: [GC (Allocation Failure) 2.973: [DefNew: 960K->63K(960K), 0.0013274 secs] 229859K->229269K(524224K), 0.0013519 secs] [Times: user=0.00 sys=0.00, real=0.00 secs] 
2.976: [GC (Allocation Failure) 2.976: [DefNew: 959K->63K(960K), 0.0011477 secs] 230205K->229552K(524224K), 0.0011678 secs] [Times: user=0.00 sys=0.00, real=0.00 secs] 
2.979: [GC (Allocation Failure) 2.979: [DefNew: 959K->63K(960K), 0.0013365 secs] 230468K->229867K(524224K), 0.0013796 secs] [Times: user=0.00 sys=0.00, real=0.00 secs] 
2.983: [GC (Allocation Failure) 2.983: [DefNew: 959K->63K(960K), 0.0015249 secs] 230790K->230175K(524224K), 0.0015664 secs] [Times: user=0.00 sys=0.00, real=0.00 secs] 
2.987: [GC (Allocation Failure) 2.987: [DefNew: 959K->63K(960K), 0.0014104 secs] 231090K->230505K(524224K), 0.0014439 secs] [Times: user=0.00 sys=0.00, real=0.00 secs] 
2.992: [GC (Allocation Failure) 2.992: [DefNew: 959K->64K(960K), 0.0012251 secs] 231430K->230801K(524224K), 0.0012472 secs] [Times: user=0.00 sys=0.00, real=0.00 secs] 
2.994: [GC (Allocation Failure) 2.994: [DefNew: 960K->63K(960K), 0.0013274 secs] 231723K->231102K(524224K), 0.0013685 secs] [Times: user=0.00 sys=0.00, real=0.00 secs] 
2.999: [GC (Allocation Failure) 2.999: [DefNew: 959K->64K(960K), 0.0015127 secs] 232015K->231470K(524224K), 0.0015672 secs] [Times: user=0.00 sys=0.00, real=0.00 secs] 
3.003: [GC (Allocation Failure) 3.003: [DefNew: 960K->63K(960K), 0.0055621 secs] 232385K->232065K(524224K), 0.0056486 secs] [Times: user=0.00 sys=0.00, real=0.01 secs] 
3.012: [GC (Allocation Failure) 3.012: [DefNew: 959K->63K(960K), 0.0052867 secs] 232967K->232892K(524224K), 0.0053586 secs] [Times: user=0.02 sys=0.00, real=0.01 secs] 
3.020: [GC (Allocation Failure) 3.020: [DefNew: 959K->63K(960K), 0.0019279 secs] 233809K->233176K(524224K), 0.0019548 secs] [Times: user=0.00 sys=0.00, real=0.00 secs] 
3.038: [GC (Allocation Failure) 3.038: [DefNew: 959K->63K(960K), 0.0106959 secs] 238192K->237558K(524224K), 0.0107725 secs] [Times: user=0.02 sys=0.00, real=0.01 secs] 
3.052: [GC (Allocation Failure) 3.052: [DefNew: 959K->64K(960K), 0.0040936 secs] 238473K->237915K(524224K), 0.0041821 secs] [Times: user=0.00 sys=0.00, real=0.00 secs] 
3.059: [GC (Allocation Failure) 3.059: [DefNew: 960K->64K(960K), 0.0056687 secs] 238823K->238716K(524224K), 0.0057331 secs] [Times: user=0.02 sys=0.00, real=0.01 secs] 
3.067: [GC (Allocation Failure) 3.067: [DefNew: 960K->63K(960K), 0.0057703 secs] 239635K->239108K(524224K), 0.0058552 secs] [Times: user=0.00 sys=0.00, real=0.01 secs] 
3.075: [GC (Allocation Failure) 3.075: [DefNew: 959K->64K(960K), 0.0064905 secs] 240022K->239900K(524224K), 0.0065711 secs] [Times: user=0.02 sys=0.00, real=0.01 secs] 
3.083: [GC (Allocation Failure) 3.083: [DefNew: 960K->63K(960K), 0.0047202 secs] 240833K->240549K(524224K), 0.0047727 secs] [Times: user=0.00 sys=0.00, real=0.01 secs] 
3.091: [GC (Allocation Failure) 3.091: [DefNew: 959K->63K(960K), 0.0025438 secs] 241451K->241006K(524224K), 0.0026141 secs] [Times: user=0.00 sys=0.00, real=0.00 secs] 
3.096: [GC (Allocation Failure) 3.096: [DefNew: 959K->63K(960K), 0.0013246 secs] 241939K->241264K(524224K), 0.0013476 secs] [Times: user=0.00 sys=0.00, real=0.00 secs] 
3.101: [GC (Allocation Failure) 3.101: [DefNew: 959K->63K(960K), 0.0011200 secs] 242192K->241554K(524224K), 0.0011587 secs] [Times: user=0.00 sys=0.00, real=0.00 secs] 
3.103: [GC (Allocation Failure) 3.103: [DefNew: 959K->63K(960K), 0.0009564 secs] 242498K->241817K(524224K), 0.0009770 secs] [Times: user=0.00 sys=0.00, real=0.00 secs] 
3.106: [GC (Allocation Failure) 3.106: [DefNew: 959K->63K(960K), 0.0011469 secs] 242746K->242115K(524224K), 0.0011864 secs] [Times: user=0.02 sys=0.00, real=0.00 secs] 
3.111: [GC (Allocation Failure) 3.111: [DefNew: 959K->63K(960K), 0.0015443 secs] 243047K->242407K(524224K), 0.0015814 secs] [Times: user=0.00 sys=0.00, real=0.00 secs] 
3.114: [GC (Allocation Failure) 3.114: [DefNew: 959K->64K(960K), 0.0012516 secs] 243341K->242692K(524224K), 0.0012911 secs] [Times: user=0.00 sys=0.00, real=0.00 secs] 
3.118: [GC (Allocation Failure) 3.118: [DefNew: 960K->63K(960K), 0.0012654 secs] 243619K->242985K(524224K), 0.0013041 secs] [Times: user=0.00 sys=0.00, real=0.00 secs] 
3.123: [GC (Allocation Failure) 3.123: [DefNew: 959K->63K(960K), 0.0013274 secs] 243912K->243293K(524224K), 0.0013709 secs] [Times: user=0.00 sys=0.00, real=0.00 secs] 
3.126: [GC (Allocation Failure) 3.126: [DefNew: 959K->63K(960K), 0.0011749 secs] 244224K->243584K(524224K), 0.0011990 secs] [Times: user=0.00 sys=0.00, real=0.00 secs] 
3.131: [GC (Allocation Failure) 3.131: [DefNew: 959K->64K(960K), 0.0010090 secs] 244526K->243839K(524224K), 0.0010307 secs] [Times: user=0.00 sys=0.00, real=0.00 secs] 
3.134: [GC (Allocation Failure) 3.134: [DefNew: 960K->63K(960K), 0.0011587 secs] 244772K->244122K(524224K), 0.0011986 secs] [Times: user=0.00 sys=0.00, real=0.00 secs] 
3.136: [GC (Allocation Failure) 3.136: [DefNew: 959K->64K(960K), 0.0011062 secs] 245061K->244393K(524224K), 0.0011283 secs] [Times: user=0.00 sys=0.00, real=0.00 secs] 
3.140: [GC (Allocation Failure) 3.140: [DefNew: 960K->64K(960K), 0.0013799 secs] 245323K->244694K(524224K), 0.0014202 secs] [Times: user=0.00 sys=0.00, real=0.00 secs] 
3.142: [GC (Allocation Failure) 3.142: [DefNew: 960K->63K(960K), 0.0014297 secs] 245616K->245000K(524224K), 0.0014621 secs] [Times: user=0.00 sys=0.00, real=0.00 secs] 
3.147: [GC (Allocation Failure) 3.147: [DefNew: 959K->63K(960K), 0.0011860 secs] 245941K->245274K(524224K), 0.0012089 secs] [Times: user=0.00 sys=0.00, real=0.00 secs] 
3.151: [GC (Allocation Failure) 3.151: [DefNew: 959K->64K(960K), 0.0010528 secs] 246211K->245552K(524224K), 0.0010742 secs] [Times: user=0.00 sys=0.00, real=0.00 secs] 
3.153: [GC (Allocation Failure) 3.153: [DefNew: 960K->64K(960K), 0.0011528 secs] 246488K->245832K(524224K), 0.0011931 secs] [Times: user=0.02 sys=0.00, real=0.00 secs] 
3.157: [GC (Allocation Failure) 3.157: [DefNew: 960K->63K(960K), 0.0013238 secs] 246747K->246158K(524224K), 0.0013634 secs] [Times: user=0.00 sys=0.00, real=0.00 secs] 
3.163: [GC (Allocation Failure) 3.163: [DefNew: 959K->63K(960K), 0.0012895 secs] 247083K->246461K(524224K), 0.0013187 secs] [Times: user=0.00 sys=0.00, real=0.00 secs] 
3.166: [GC (Allocation Failure) 3.166: [DefNew: 959K->63K(960K), 0.0012373 secs] 247393K->246751K(524224K), 0.0012606 secs] [Times: user=0.00 sys=0.00, real=0.00 secs] 
3.169: [GC (Allocation Failure) 3.169: [DefNew: 959K->63K(960K), 0.0015719 secs] 247682K->247079K(524224K), 0.0016502 secs] [Times: user=0.01 sys=0.00, real=0.00 secs] 
3.173: [GC (Allocation Failure) 3.173: [DefNew: 959K->64K(960K), 0.0015036 secs] 248011K->247374K(524224K), 0.0015368 secs] [Times: user=0.00 sys=0.00, real=0.00 secs] 
3.177: [GC (Allocation Failure) 3.177: [DefNew: 960K->64K(960K), 0.0011180 secs] 248313K->247639K(524224K), 0.0011398 secs] [Times: user=0.00 sys=0.00, real=0.00 secs] 
3.180: [GC (Allocation Failure) 3.180: [DefNew: 960K->64K(960K), 0.0011469 secs] 248577K->247912K(524224K), 0.0011860 secs] [Times: user=0.00 sys=0.00, real=0.00 secs] 
3.183: [GC (Allocation Failure) 3.183: [DefNew: 960K->63K(960K), 0.0011413 secs] 248842K->248203K(524224K), 0.0011808 secs] [Times: user=0.00 sys=0.00, real=0.00 secs] 
3.187: [GC (Allocation Failure) 3.187: [DefNew: 959K->63K(960K), 0.0011417 secs] 249133K->248497K(524224K), 0.0011674 secs] [Times: user=0.00 sys=0.00, real=0.00 secs] 
3.192: [GC (Allocation Failure) 3.192: [DefNew: 959K->64K(960K), 0.0014337 secs] 249428K->248785K(524224K), 0.0014775 secs] [Times: user=0.00 sys=0.00, real=0.00 secs] 
3.195: [GC (Allocation Failure) 3.195: [DefNew: 960K->63K(960K), 0.0012516 secs] 249717K->249076K(524224K), 0.0012800 secs] [Times: user=0.00 sys=0.00, real=0.00 secs] 
3.199: [GC (Allocation Failure) 3.199: [DefNew: 959K->63K(960K), 0.0013515 secs] 250005K->249364K(524224K), 0.0013859 secs] [Times: user=0.00 sys=0.00, real=0.00 secs] 
3.202: [GC (Allocation Failure) 3.202: [DefNew: 959K->63K(960K), 0.0011718 secs] 250290K->249663K(524224K), 0.0012117 secs] [Times: user=0.00 sys=0.00, real=0.00 secs] 
3.205: [GC (Allocation Failure) 3.205: [DefNew: 959K->63K(960K), 0.0017347 secs] 250592K->249959K(524224K), 0.0017959 secs] [Times: user=0.00 sys=0.00, real=0.00 secs] 
3.209: [GC (Allocation Failure) 3.209: [DefNew: 959K->63K(960K), 0.0012539 secs] 250888K->250248K(524224K), 0.0012930 secs] [Times: user=0.00 sys=0.00, real=0.00 secs] 
3.212: [GC (Allocation Failure) 3.212: [DefNew: 959K->64K(960K), 0.0012429 secs] 251182K->250524K(524224K), 0.0012847 secs] [Times: user=0.00 sys=0.00, real=0.00 secs] 
3.216: [GC (Allocation Failure) 3.216: [DefNew: 960K->64K(960K), 0.0012598 secs] 251450K->250820K(524224K), 0.0012986 secs] [Times: user=0.02 sys=0.00, real=0.00 secs] 
3.221: [GC (Allocation Failure) 3.221: [DefNew: 960K->63K(960K), 0.0017075 secs] 251743K->251137K(524224K), 0.0017434 secs] [Times: user=0.00 sys=0.00, real=0.00 secs] 
3.224: [GC (Allocation Failure) 3.224: [DefNew: 959K->63K(960K), 0.0011105 secs] 252076K->251405K(524224K), 0.0011334 secs] [Times: user=0.00 sys=0.00, real=0.00 secs] 
3.228: [GC (Allocation Failure) 3.228: [DefNew: 959K->63K(960K), 0.0010283 secs] 252338K->251685K(524224K), 0.0010505 secs] [Times: user=0.00 sys=0.00, real=0.00 secs] 
3.230: [GC (Allocation Failure) 3.230: [DefNew: 959K->63K(960K), 0.0009845 secs] 252630K->251950K(524224K), 0.0010011 secs] [Times: user=0.00 sys=0.00, real=0.00 secs] 
3.234: [GC (Allocation Failure) 3.234: [DefNew: 959K->63K(960K), 0.0017122 secs] 252886K->252233K(524224K), 0.0017726 secs] [Times: user=0.00 sys=0.00, real=0.00 secs] 
3.239: [GC (Allocation Failure) 3.239: [DefNew: 959K->63K(960K), 0.0016363 secs] 253150K->252568K(524224K), 0.0016877 secs] [Times: user=0.00 sys=0.00, real=0.00 secs] 
3.243: [GC (Allocation Failure) 3.243: [DefNew: 959K->63K(960K), 0.0013045 secs] 253501K->252856K(524224K), 0.0013298 secs] [Times: user=0.00 sys=0.00, real=0.00 secs] 
3.247: [GC (Allocation Failure) 3.247: [DefNew: 959K->63K(960K), 0.0011058 secs] 253799K->253121K(524224K), 0.0011283 secs] [Times: user=0.01 sys=0.00, real=0.00 secs] 
3.250: [GC (Allocation Failure) 3.250: [DefNew: 959K->64K(960K), 0.0012535 secs] 254056K->253409K(524224K), 0.0012926 secs] [Times: user=0.00 sys=0.00, real=0.00 secs] 
3.253: [GC (Allocation Failure) 3.253: [DefNew: 960K->64K(960K), 0.0015285 secs] 254340K->253701K(524224K), 0.0015534 secs] [Times: user=0.00 sys=0.00, real=0.00 secs] 
3.259: [GC (Allocation Failure) 3.259: [DefNew: 960K->63K(960K), 0.0012160 secs] 254632K->253988K(524224K), 0.0012429 secs] [Times: user=0.00 sys=0.00, real=0.00 secs] 
3.262: [GC (Allocation Failure) 3.262: [DefNew: 959K->64K(960K), 0.0010599 secs] 254923K->254265K(524224K), 0.0010829 secs] [Times: user=0.02 sys=0.00, real=0.00 secs] 
3.265: [GC (Allocation Failure) 3.265: [DefNew: 960K->64K(960K), 0.0010090 secs] 255207K->254534K(524224K), 0.0010303 secs] [Times: user=0.00 sys=0.00, real=0.00 secs] 
3.268: [GC (Allocation Failure) 3.268: [DefNew: 960K->63K(960K), 0.0013756 secs] 255470K->254812K(524224K), 0.0014329 secs] [Times: user=0.00 sys=0.00, real=0.00 secs] 
3.272: [GC (Allocation Failure) 3.272: [DefNew: 959K->64K(960K), 0.0012259 secs] 255752K->255082K(524224K), 0.0012531 secs] [Times: user=0.00 sys=0.00, real=0.00 secs] 
3.275: [GC (Allocation Failure) 3.275: [DefNew: 960K->64K(960K), 0.0011303 secs] 256017K->255356K(524224K), 0.0011536 secs] [Times: user=0.00 sys=0.00, real=0.00 secs] 
3.279: [GC (Allocation Failure) 3.279: [DefNew: 960K->63K(960K), 0.0011338 secs] 256294K->255624K(524224K), 0.0011725 secs] [Times: user=0.00 sys=0.00, real=0.00 secs] 
3.282: [GC (Allocation Failure) 3.282: [DefNew: 959K->63K(960K), 0.0015984 secs] 256564K->255904K(524224K), 0.0016415 secs] [Times: user=0.00 sys=0.00, real=0.00 secs] 
3.286: [GC (Allocation Failure) 3.286: [DefNew: 959K->63K(960K), 0.0010773 secs] 256841K->256180K(524224K), 0.0010991 secs] [Times: user=0.00 sys=0.00, real=0.00 secs] 
3.290: [GC (Allocation Failure) 3.290: [DefNew: 959K->63K(960K), 0.0012278 secs] 257106K->256481K(524224K), 0.0012674 secs] [Times: user=0.00 sys=0.00, real=0.00 secs] 
3.291: [GC (Allocation Failure) 3.291: [DefNew: 959K->63K(960K), 0.0011046 secs] 257424K->256753K(524224K), 0.0011259 secs] [Times: user=0.00 sys=0.00, real=0.00 secs] 
3.296: [GC (Allocation Failure) 3.296: [DefNew: 959K->63K(960K), 0.0019101 secs] 257679K->257063K(524224K), 0.0019737 secs] [Times: user=0.00 sys=0.00, real=0.00 secs] 
3.300: [GC (Allocation Failure) 3.300: [DefNew: 959K->63K(960K), 0.0021278 secs] 257988K->257370K(524224K), 0.0022815 secs] [Times: user=0.00 sys=0.00, real=0.00 secs] 
3.304: [GC (Allocation Failure) 3.304: [DefNew: 959K->63K(960K), 0.0016438 secs] 258288K->257697K(524224K), 0.0016877 secs] [Times: user=0.00 sys=0.00, real=0.00 secs] 
3.310: [GC (Allocation Failure) 3.310: [DefNew: 959K->63K(960K), 0.0014831 secs] 258609K->258142K(524224K), 0.0015214 secs] [Times: user=0.02 sys=0.00, real=0.00 secs] 
3.313: [GC (Allocation Failure) 3.313: [DefNew: 959K->63K(960K), 0.0013223 secs] 259080K->258416K(524224K), 0.0013610 secs] [Times: user=0.00 sys=0.00, real=0.00 secs] 
3.317: [GC (Allocation Failure) 3.317: [DefNew: 959K->64K(960K), 0.0013890 secs] 259337K->258736K(524224K), 0.0014724 secs] [Times: user=0.00 sys=0.00, real=0.00 secs] 
3.323: [GC (Allocation Failure) 3.323: [DefNew: 960K->64K(960K), 0.0016158 secs] 259661K->259217K(524224K), 0.0016518 secs] [Times: user=0.00 sys=0.00, real=0.00 secs] 
3.326: [GC (Allocation Failure) 3.326: [DefNew: 960K->63K(960K), 0.0018939 secs] 260144K->259536K(524224K), 0.0019228 secs] [Times: user=0.00 sys=0.00, real=0.00 secs] 
3.331: [GC (Allocation Failure) 3.331: [DefNew: 959K->63K(960K), 0.0011074 secs] 260472K->259812K(524224K), 0.0011303 secs] [Times: user=0.00 sys=0.00, real=0.00 secs] 
3.333: [GC (Allocation Failure) 3.333: [DefNew: 959K->63K(960K), 0.0010520 secs] 260747K->260092K(524224K), 0.0010734 secs] [Times: user=0.00 sys=0.00, real=0.00 secs] 
3.337: [GC (Allocation Failure) 3.337: [DefNew: 959K->63K(960K), 0.0011520 secs] 261027K->260373K(524224K), 0.0011773 secs] [Times: user=0.00 sys=0.00, real=0.00 secs] 
3.342: [GC (Allocation Failure) 3.342: [DefNew: 959K->64K(960K), 0.0014491 secs] 261297K->260674K(524224K), 0.0014918 secs] [Times: user=0.00 sys=0.00, real=0.00 secs] 
3.345: [GC (Allocation Failure) 3.345: [DefNew: 960K->64K(960K), 0.0012038 secs] 261603K->260966K(524224K), 0.0012298 secs] [Times: user=0.00 sys=0.00, real=0.00 secs] 
3.350: [GC (Allocation Failure) 3.350: [DefNew: 960K->63K(960K), 0.0012350 secs] 261892K->261275K(524224K), 0.0012602 secs] [Times: user=0.00 sys=0.00, real=0.00 secs] 
3.354: [GC (Allocation Failure) 3.354: [DefNew: 959K->63K(960K), 0.0014183 secs] 262205K->261565K(524224K), 0.0014526 secs] [Times: user=0.00 sys=0.00, real=0.00 secs] 
3.357: [GC (Allocation Failure) 3.358: [DefNew: 959K->63K(960K), 0.0022487 secs] 262484K->261905K(524224K), 0.0023380 secs] [Times: user=0.00 sys=0.00, real=0.00 secs] 
3.364: [GC (Allocation Failure) 3.364: [DefNew: 959K->64K(960K), 0.0015218 secs] 262830K->262291K(524224K), 0.0015731 secs] [Times: user=0.00 sys=0.00, real=0.00 secs] 
3.367: [GC (Allocation Failure) 3.367: [DefNew: 960K->63K(960K), 0.0012231 secs] 263224K->262576K(524224K), 0.0012413 secs] [Times: user=0.00 sys=0.00, real=0.00 secs] 
3.370: [GC (Allocation Failure) 3.370: [DefNew: 959K->63K(960K), 0.0011879 secs] 263501K->262870K(524224K), 0.0012523 secs] [Times: user=0.00 sys=0.00, real=0.00 secs] 
3.374: [GC (Allocation Failure) 3.374: [DefNew: 959K->63K(960K), 0.0018212 secs] 263778K->263266K(524224K), 0.0018868 secs] [Times: user=0.00 sys=0.00, real=0.00 secs] 
3.378: [GC (Allocation Failure) 3.378: [DefNew: 959K->63K(960K), 0.0015135 secs] 264190K->263641K(524224K), 0.0015447 secs] [Times: user=0.00 sys=0.00, real=0.00 secs] 
3.383: [GC (Allocation Failure) 3.383: [DefNew: 959K->63K(960K), 0.0012709 secs] 264576K->263923K(524224K), 0.0012958 secs] [Times: user=0.00 sys=0.00, real=0.00 secs] 
3.386: [GC (Allocation Failure) 3.386: [DefNew: 959K->63K(960K), 0.0012302 secs] 264861K->264198K(524224K), 0.0012693 secs] [Times: user=0.00 sys=0.00, real=0.00 secs] 
3.389: [GC (Allocation Failure) 3.389: [DefNew: 959K->64K(960K), 0.0014092 secs] 265126K->264489K(524224K), 0.0014459 secs] [Times: user=0.00 sys=0.00, real=0.00 secs] 
3.395: [GC (Allocation Failure) 3.395: [DefNew: 960K->63K(960K), 0.0013464 secs] 265409K->264817K(524224K), 0.0013811 secs] [Times: user=0.00 sys=0.00, real=0.00 secs] 
3.398: [GC (Allocation Failure) 3.398: [DefNew: 959K->63K(960K), 0.0012097 secs] 265752K->265098K(524224K), 0.0012741 secs] [Times: user=0.00 sys=0.00, real=0.00 secs] 
3.401: [GC (Allocation Failure) 3.401: [DefNew: 959K->63K(960K), 0.0011721 secs] 266032K->265375K(524224K), 0.0012105 secs] [Times: user=0.00 sys=0.00, real=0.00 secs] 
3.406: [GC (Allocation Failure) 3.406: [DefNew: 959K->63K(960K), 0.0019587 secs] 266303K->265677K(524224K), 0.0020184 secs] [Times: user=0.00 sys=0.00, real=0.00 secs] 
3.410: [GC (Allocation Failure) 3.411: [DefNew: 959K->64K(960K), 0.0016980 secs] 266596K->266057K(524224K), 0.0017908 secs] [Times: user=0.00 sys=0.00, real=0.00 secs] 
3.415: [GC (Allocation Failure) 3.415: [DefNew: 960K->64K(960K), 0.0013258 secs] 266992K->266338K(524224K), 0.0013653 secs] [Times: user=0.00 sys=0.00, real=0.00 secs] 
3.420: [GC (Allocation Failure) 3.420: [DefNew: 960K->63K(960K), 0.0016450 secs] 267267K->266627K(524224K), 0.0017078 secs] [Times: user=0.00 sys=0.00, real=0.00 secs] 
3.423: [GC (Allocation Failure) 3.423: [DefNew: 959K->64K(960K), 0.0013073 secs] 267547K->266944K(524224K), 0.0013369 secs] [Times: user=0.00 sys=0.00, real=0.00 secs] 
3.427: [GC (Allocation Failure) 3.427: [DefNew: 960K->63K(960K), 0.0012579 secs] 267874K->267231K(524224K), 0.0013037 secs] [Times: user=0.00 sys=0.00, real=0.00 secs] 
3.430: [GC (Allocation Failure) 3.430: [DefNew: 959K->63K(960K), 0.0011678 secs] 268162K->267522K(524224K), 0.0012077 secs] [Times: user=0.00 sys=0.00, real=0.00 secs] 
3.435: [GC (Allocation Failure) 3.435: [DefNew: 959K->63K(960K), 0.0016751 secs] 268436K->267873K(524224K), 0.0017169 secs] [Times: user=0.00 sys=0.00, real=0.00 secs] 
3.440: [GC (Allocation Failure) 3.440: [DefNew: 959K->64K(960K), 0.0012215 secs] 268808K->268144K(524224K), 0.0012512 secs] [Times: user=0.00 sys=0.00, real=0.00 secs] 
3.442: [GC (Allocation Failure) 3.442: [DefNew: 960K->63K(960K), 0.0012263 secs] 269078K->268433K(524224K), 0.0012662 secs] [Times: user=0.00 sys=0.00, real=0.00 secs] 
3.447: [GC (Allocation Failure) 3.447: [DefNew: 959K->63K(960K), 0.0013397 secs] 269361K->268727K(524224K), 0.0013792 secs] [Times: user=0.00 sys=0.00, real=0.00 secs] 
3.450: [GC (Allocation Failure) 3.450: [DefNew: 959K->63K(960K), 0.0015992 secs] 269653K->269028K(524224K), 0.0016549 secs] [Times: user=0.02 sys=0.00, real=0.00 secs] 
3.455: [GC (Allocation Failure) 3.455: [DefNew: 959K->64K(960K), 0.0017596 secs] 269946K->269374K(524224K), 0.0018145 secs] [Times: user=0.00 sys=0.00, real=0.00 secs] 
3.460: [GC (Allocation Failure) 3.460: [DefNew: 960K->63K(960K), 0.0012705 secs] 270305K->269655K(524224K), 0.0012942 secs] [Times: user=0.00 sys=0.00, real=0.00 secs] 
3.462: [GC (Allocation Failure) 3.462: [DefNew: 959K->64K(960K), 0.0011887 secs] 270594K->269930K(524224K), 0.0012259 secs] [Times: user=0.00 sys=0.00, real=0.00 secs] 
3.467: [GC (Allocation Failure) 3.467: [DefNew: 960K->63K(960K), 0.0015834 secs] 270855K->270249K(524224K), 0.0016407 secs] [Times: user=0.00 sys=0.00, real=0.00 secs] 
3.472: [GC (Allocation Failure) 3.472: [DefNew: 959K->64K(960K), 0.0014957 secs] 271175K->270549K(524224K), 0.0016016 secs] [Times: user=0.00 sys=0.00, real=0.00 secs] 
3.475: [GC (Allocation Failure) 3.475: [DefNew: 960K->63K(960K), 0.0012302 secs] 271484K->270835K(524224K), 0.0012701 secs] [Times: user=0.00 sys=0.00, real=0.00 secs] 
3.479: [GC (Allocation Failure) 3.479: [DefNew: 959K->63K(960K), 0.0012338 secs] 271766K->271126K(524224K), 0.0012733 secs] [Times: user=0.00 sys=0.00, real=0.00 secs] 
3.482: [GC (Allocation Failure) 3.482: [DefNew: 959K->63K(960K), 0.0015459 secs] 272059K->271413K(524224K), 0.0015909 secs] [Times: user=0.00 sys=0.00, real=0.00 secs] 
3.487: [GC (Allocation Failure) 3.487: [DefNew: 959K->63K(960K), 0.0046546 secs] 272343K->271885K(524224K), 0.0047352 secs] [Times: user=0.00 sys=0.00, real=0.00 secs] 
3.496: [GC (Allocation Failure) 3.496: [DefNew: 959K->64K(960K), 0.0075717 secs] 272798K->272682K(524224K), 0.0077049 secs] [Times: user=0.02 sys=0.00, real=0.01 secs] 
3.506: [GC (Allocation Failure) 3.506: [DefNew: 960K->63K(960K), 0.0059496 secs] 273587K->273503K(524224K), 0.0060527 secs] [Times: user=0.00 sys=0.00, real=0.01 secs] 
3.516: [GC (Allocation Failure) 3.516: [DefNew: 959K->64K(960K), 0.0024427 secs] 274410K->273983K(524224K), 0.0024960 secs] [Times: user=0.00 sys=0.00, real=0.00 secs] 
3.520: [GC (Allocation Failure) 3.520: [DefNew: 960K->64K(960K), 0.0015012 secs] 274916K->274262K(524224K), 0.0015265 secs] [Times: user=0.00 sys=0.00, real=0.00 secs] 
3.526: [GC (Allocation Failure) 3.526: [DefNew: 960K->63K(960K), 0.0012595 secs] 275172K->274601K(524224K), 0.0012986 secs] [Times: user=0.00 sys=0.00, real=0.00 secs] 
3.530: [GC (Allocation Failure) 3.530: [DefNew: 959K->64K(960K), 0.0012492 secs] 275536K->274882K(524224K), 0.0012883 secs] [Times: user=0.00 sys=0.00, real=0.00 secs] 
3.532: [GC (Allocation Failure) 3.532: [DefNew: 960K->63K(960K), 0.0010098 secs] 275823K->275151K(524224K), 0.0010311 secs] [Times: user=0.00 sys=0.00, real=0.00 secs] 
3.535: [GC (Allocation Failure) 3.535: [DefNew: 959K->64K(960K), 0.0018204 secs] 276076K->275476K(524224K), 0.0019014 secs] [Times: user=0.00 sys=0.00, real=0.00 secs] 
3.540: [GC (Allocation Failure) 3.540: [DefNew: 960K->63K(960K), 0.0012397 secs] 276420K->275741K(524224K), 0.0012678 secs] [Times: user=0.00 sys=0.00, real=0.00 secs] 
3.542: [GC (Allocation Failure) 3.542: [DefNew: 959K->63K(960K), 0.0010718 secs] 276678K->276016K(524224K), 0.0010923 secs] [Times: user=0.00 sys=0.00, real=0.00 secs] 
3.546: [GC (Allocation Failure) 3.546: [DefNew: 959K->63K(960K), 0.0020369 secs] 276947K->276306K(524224K), 0.0021254 secs] [Times: user=0.00 sys=0.00, real=0.00 secs] 
3.550: [GC (Allocation Failure) 3.550: [DefNew: 959K->63K(960K), 0.0023601 secs] 277224K->276649K(524224K), 0.0024308 secs] [Times: user=0.00 sys=0.00, real=0.00 secs] 
3.556: [GC (Allocation Failure) 3.556: [DefNew: 959K->63K(960K), 0.0014416 secs] 277573K->276956K(524224K), 0.0014756 secs] [Times: user=0.00 sys=0.00, real=0.00 secs] 
3.561: [GC (Allocation Failure) 3.561: [DefNew: 959K->63K(960K), 0.0012425 secs] 277886K->277240K(524224K), 0.0012681 secs] [Times: user=0.00 sys=0.00, real=0.00 secs] 
3.564: [GC (Allocation Failure) 3.564: [DefNew: 959K->64K(960K), 0.0011899 secs] 278160K->277553K(524224K), 0.0012298 secs] [Times: user=0.00 sys=0.00, real=0.00 secs] 
3.568: [GC (Allocation Failure) 3.568: [DefNew: 960K->64K(960K), 0.0012749 secs] 278481K->277856K(524224K), 0.0013053 secs] [Times: user=0.00 sys=0.00, real=0.00 secs] 
3.570: [GC (Allocation Failure) 3.570: [DefNew: 960K->64K(960K), 0.0012053 secs] 278789K->278141K(524224K), 0.0012326 secs] [Times: user=0.00 sys=0.00, real=0.00 secs] 
3.574: [GC (Allocation Failure) 3.574: [DefNew: 960K->64K(960K), 0.0015186 secs] 279056K->278520K(524224K), 0.0015565 secs] [Times: user=0.00 sys=0.00, real=0.00 secs] 
3.579: [GC (Allocation Failure) 3.579: [DefNew: 960K->63K(960K), 0.0012990 secs] 279442K->278833K(524224K), 0.0013325 secs] [Times: user=0.00 sys=0.00, real=0.00 secs] 
3.582: [GC (Allocation Failure) 3.582: [DefNew: 959K->63K(960K), 0.0011524 secs] 279773K->279109K(524224K), 0.0011753 secs] [Times: user=0.00 sys=0.00, real=0.00 secs] 
3.585: [GC (Allocation Failure) 3.585: [DefNew: 959K->63K(960K), 0.0012705 secs] 280035K->279424K(524224K), 0.0013108 secs] [Times: user=0.00 sys=0.00, real=0.00 secs] 
3.590: [GC (Allocation Failure) 3.590: [DefNew: 959K->64K(960K), 0.0012776 secs] 280359K->279708K(524224K), 0.0013179 secs] [Times: user=0.00 sys=0.00, real=0.00 secs] 
3.593: [GC (Allocation Failure) 3.593: [DefNew: 960K->63K(960K), 0.0012429 secs] 280645K->279985K(524224K), 0.0012828 secs] [Times: user=0.00 sys=0.00, real=0.00 secs] 
3.598: [GC (Allocation Failure) 3.598: [DefNew: 959K->64K(960K), 0.0012816 secs] 280912K->280281K(524224K), 0.0013163 secs] [Times: user=0.00 sys=0.00, real=0.00 secs] 
3.602: [GC (Allocation Failure) 3.602: [DefNew: 960K->63K(960K), 0.0012326 secs] 281222K->280553K(524224K), 0.0012725 secs] [Times: user=0.00 sys=0.00, real=0.00 secs] 
3.605: [GC (Allocation Failure) 3.605: [DefNew: 959K->63K(960K), 0.0013294 secs] 281482K->280843K(524224K), 0.0013776 secs] [Times: user=0.00 sys=0.00, real=0.00 secs] 
3.610: [GC (Allocation Failure) 3.610: [DefNew: 959K->63K(960K), 0.0012942 secs] 281766K->281155K(524224K), 0.0013258 secs] [Times: user=0.00 sys=0.00, real=0.00 secs] 
3.613: [GC (Allocation Failure) 3.613: [DefNew: 959K->63K(960K), 0.0012026 secs] 282086K->281443K(524224K), 0.0012251 secs] [Times: user=0.00 sys=0.00, real=0.00 secs] 
3.618: [GC (Allocation Failure) 3.618: [DefNew: 959K->63K(960K), 0.0013495 secs] 282372K->281732K(524224K), 0.0013807 secs] [Times: user=0.00 sys=0.00, real=0.00 secs] 
3.623: [GC (Allocation Failure) 3.623: [DefNew: 959K->64K(960K), 0.0017343 secs] 282659K->282031K(524224K), 0.0017853 secs] [Times: user=0.00 sys=0.00, real=0.00 secs] 
3.627: [GC (Allocation Failure) 3.627: [DefNew: 960K->63K(960K), 0.0013349 secs] 282958K->282327K(524224K), 0.0013681 secs] [Times: user=0.00 sys=0.00, real=0.00 secs] 
3.632: [GC (Allocation Failure) 3.632: [DefNew: 959K->63K(960K), 0.0018781 secs] 283242K->282726K(524224K), 0.0019299 secs] [Times: user=0.00 sys=0.00, real=0.00 secs] 
3.636: [GC (Allocation Failure) 3.636: [DefNew: 959K->64K(960K), 0.0013724 secs] 283656K->283015K(524224K), 0.0013997 secs] [Times: user=0.00 sys=0.00, real=0.00 secs] 
3.640: [GC (Allocation Failure) 3.640: [DefNew: 960K->63K(960K), 0.0011856 secs] 283941K->283332K(524224K), 0.0012203 secs] [Times: user=0.00 sys=0.00, real=0.00 secs] 
3.644: [GC (Allocation Failure) 3.644: [DefNew: 959K->63K(960K), 0.0012496 secs] 284255K->283664K(524224K), 0.0012824 secs] [Times: user=0.00 sys=0.00, real=0.00 secs] 
3.646: [GC (Allocation Failure) 3.646: [DefNew: 959K->64K(960K), 0.0011824 secs] 284605K->283937K(524224K), 0.0012041 secs] [Times: user=0.00 sys=0.00, real=0.00 secs] 
3.650: [GC (Allocation Failure) 3.650: [DefNew: 960K->63K(960K), 0.0010240 secs] 284876K->284203K(524224K), 0.0010441 secs] [Times: user=0.00 sys=0.00, real=0.00 secs] 
3.655: [GC (Allocation Failure) 3.655: [DefNew: 959K->63K(960K), 0.0016545 secs] 285137K->284483K(524224K), 0.0016845 secs] [Times: user=0.00 sys=0.00, real=0.00 secs] 
3.659: [GC (Allocation Failure) 3.659: [DefNew: 959K->63K(960K), 0.0011492 secs] 285416K->284776K(524224K), 0.0011718 secs] [Times: user=0.00 sys=0.00, real=0.00 secs] 
3.662: [GC (Allocation Failure) 3.662: [DefNew: 959K->63K(960K), 0.0012136 secs] 285705K->285068K(524224K), 0.0012523 secs] [Times: user=0.00 sys=0.00, real=0.00 secs] 
3.665: [GC (Allocation Failure) 3.665: [DefNew: 959K->64K(960K), 0.0011990 secs] 285998K->285359K(524224K), 0.0012397 secs] [Times: user=0.00 sys=0.00, real=0.00 secs] 
3.670: [GC (Allocation Failure) 3.670: [DefNew: 960K->64K(960K), 0.0012970 secs] 286282K->285664K(524224K), 0.0013381 secs] [Times: user=0.00 sys=0.00, real=0.00 secs] 
3.674: [GC (Allocation Failure) 3.674: [DefNew: 960K->63K(960K), 0.0013136 secs] 286592K->285962K(524224K), 0.0013511 secs] [Times: user=0.00 sys=0.00, real=0.00 secs] 
3.677: [GC (Allocation Failure) 3.677: [DefNew: 959K->63K(960K), 0.0010750 secs] 286901K->286232K(524224K), 0.0010967 secs] [Times: user=0.00 sys=0.00, real=0.00 secs] 
3.682: [GC (Allocation Failure) 3.682: [DefNew: 959K->63K(960K), 0.0012196 secs] 287156K->286535K(524224K), 0.0012587 secs] [Times: user=0.00 sys=0.00, real=0.00 secs] 
3.685: [GC (Allocation Failure) 3.685: [DefNew: 959K->63K(960K), 0.0013318 secs] 287472K->286817K(524224K), 0.0013594 secs] [Times: user=0.00 sys=0.00, real=0.00 secs] 
3.689: [GC (Allocation Failure) 3.689: [DefNew: 959K->63K(960K), 0.0017489 secs] 287737K->287131K(524224K), 0.0017877 secs] [Times: user=0.00 sys=0.00, real=0.00 secs] 
3.693: [GC (Allocation Failure) 3.693: [DefNew: 959K->64K(960K), 0.0012136 secs] 288064K->287410K(524224K), 0.0012373 secs] [Times: user=0.00 sys=0.00, real=0.00 secs] 
3.696: [GC (Allocation Failure) 3.696: [DefNew: 960K->64K(960K), 0.0012745 secs] 288338K->287712K(524224K), 0.0013144 secs] [Times: user=0.00 sys=0.00, real=0.00 secs] 
3.700: [GC (Allocation Failure) 3.700: [DefNew: 960K->63K(960K), 0.0013400 secs] 288633K->288028K(524224K), 0.0013815 secs] [Times: user=0.00 sys=0.00, real=0.00 secs] 
3.705: [GC (Allocation Failure) 3.705: [DefNew: 959K->63K(960K), 0.0015490 secs] 288955K->288326K(524224K), 0.0015818 secs] [Times: user=0.00 sys=0.00, real=0.00 secs] 
3.708: [GC (Allocation Failure) 3.708: [DefNew: 959K->63K(960K), 0.0013444 secs] 289255K->288630K(524224K), 0.0013685 secs] [Times: user=0.00 sys=0.00, real=0.00 secs] 
3.712: [GC (Allocation Failure) 3.712: [DefNew: 959K->63K(960K), 0.0012930 secs] 289555K->288926K(524224K), 0.0013318 secs] [Times: user=0.00 sys=0.00, real=0.00 secs] 
3.718: [GC (Allocation Failure) 3.718: [DefNew: 959K->63K(960K), 0.0020049 secs] 289855K->289217K(524224K), 0.0020595 secs] [Times: user=0.00 sys=0.00, real=0.00 secs] 
3.720: [GC (Allocation Failure) 3.720: [DefNew: 959K->63K(960K), 0.0011868 secs] 290158K->289482K(524224K), 0.0012109 secs] [Times: user=0.00 sys=0.00, real=0.00 secs] 
3.724: [GC (Allocation Failure) 3.724: [DefNew: 959K->63K(960K), 0.0013736 secs] 290396K->289824K(524224K), 0.0014052 secs] [Times: user=0.00 sys=0.00, real=0.00 secs] 
3.727: [GC (Allocation Failure) 3.727: [DefNew: 959K->63K(960K), 0.0012749 secs] 290763K->290100K(524224K), 0.0012958 secs] [Times: user=0.00 sys=0.00, real=0.00 secs] 
3.731: [GC (Allocation Failure) 3.731: [DefNew: 959K->64K(960K), 0.0010414 secs] 291036K->290373K(524224K), 0.0010627 secs] [Times: user=0.01 sys=0.00, real=0.00 secs] 
3.735: [GC (Allocation Failure) 3.735: [DefNew: 960K->63K(960K), 0.0010505 secs] 291311K->290642K(524224K), 0.0010746 secs] [Times: user=0.00 sys=0.00, real=0.00 secs] 
3.737: [GC (Allocation Failure) 3.737: [DefNew: 959K->64K(960K), 0.0010509 secs] 291575K->290927K(524224K), 0.0010718 secs] [Times: user=0.00 sys=0.00, real=0.00 secs] 
3.742: [GC (Allocation Failure) 3.742: [DefNew: 960K->63K(960K), 0.0011042 secs] 291860K->291210K(524224K), 0.0011267 secs] [Times: user=0.00 sys=0.00, real=0.00 secs] 
3.745: [GC (Allocation Failure) 3.745: [DefNew: 959K->63K(960K), 0.0012796 secs] 292135K->291512K(524224K), 0.0013191 secs] [Times: user=0.00 sys=0.00, real=0.00 secs] 
3.747: [GC (Allocation Failure) 3.747: [DefNew: 959K->63K(960K), 0.0010947 secs] 292448K->291789K(524224K), 0.0011168 secs] [Times: user=0.02 sys=0.00, real=0.00 secs] 
3.751: [GC (Allocation Failure) 3.751: [DefNew: 959K->63K(960K), 0.0012689 secs] 292706K->292127K(524224K), 0.0013021 secs] [Times: user=0.00 sys=0.00, real=0.00 secs] 
3.754: [GC (Allocation Failure) 3.754: [DefNew: 959K->63K(960K), 0.0012737 secs] 293059K->292411K(524224K), 0.0012966 secs] [Times: user=0.00 sys=0.00, real=0.00 secs] 
3.759: [GC (Allocation Failure) 3.759: [DefNew: 959K->63K(960K), 0.0012275 secs] 293337K->292713K(524224K), 0.0012662 secs] [Times: user=0.00 sys=0.00, real=0.00 secs] 
3.763: [GC (Allocation Failure) 3.763: [DefNew: 959K->63K(960K), 0.0013408 secs] 293636K->293013K(524224K), 0.0013803 secs] [Times: user=0.00 sys=0.00, real=0.00 secs] 
3.766: [GC (Allocation Failure) 3.766: [DefNew: 959K->63K(960K), 0.0011536 secs] 293946K->293300K(524224K), 0.0011765 secs] [Times: user=0.00 sys=0.00, real=0.00 secs] 
3.769: [GC (Allocation Failure) 3.769: [DefNew: 959K->64K(960K), 0.0011607 secs] 294233K->293579K(524224K), 0.0011986 secs] [Times: user=0.00 sys=0.00, real=0.00 secs] 
3.774: [GC (Allocation Failure) 3.774: [DefNew: 960K->63K(960K), 0.0017620 secs] 294503K->293914K(524224K), 0.0018086 secs] [Times: user=0.00 sys=0.00, real=0.00 secs] 
3.777: [GC (Allocation Failure) 3.777: [DefNew: 959K->63K(960K), 0.0013618 secs] 294847K->294196K(524224K), 0.0013886 secs] [Times: user=0.00 sys=0.00, real=0.00 secs] 
3.782: [GC (Allocation Failure) 3.782: [DefNew: 959K->63K(960K), 0.0015858 secs] 295110K->294537K(524224K), 0.0016213 secs] [Times: user=0.00 sys=0.00, real=0.00 secs] 
3.785: [GC (Allocation Failure) 3.785: [DefNew: 959K->64K(960K), 0.0012247 secs] 295473K->294829K(524224K), 0.0012464 secs] [Times: user=0.00 sys=0.00, real=0.00 secs] 
3.790: [GC (Allocation Failure) 3.790: [DefNew: 960K->63K(960K), 0.0011769 secs] 295753K->295132K(524224K), 0.0012136 secs] [Times: user=0.00 sys=0.00, real=0.00 secs] 
3.793: [GC (Allocation Failure) 3.793: [DefNew: 959K->63K(960K), 0.0013242 secs] 296060K->295420K(524224K), 0.0013634 secs] [Times: user=0.00 sys=0.00, real=0.00 secs] 
3.797: [GC (Allocation Failure) 3.797: [DefNew: 959K->63K(960K), 0.0012847 secs] 296348K->295721K(524224K), 0.0013128 secs] [Times: user=0.00 sys=0.00, real=0.00 secs] 
3.802: [GC (Allocation Failure) 3.802: [DefNew: 959K->64K(960K), 0.0041035 secs] 296652K->296144K(524224K), 0.0041861 secs] [Times: user=0.00 sys=0.00, real=0.00 secs] 
3.809: [GC (Allocation Failure) 3.809: [DefNew: 960K->63K(960K), 0.0055609 secs] 297051K->296964K(524224K), 0.0056442 secs] [Times: user=0.02 sys=0.00, real=0.00 secs] 
3.817: [GC (Allocation Failure) 3.817: [DefNew: 959K->63K(960K), 0.0018801 secs] 297895K->297248K(524224K), 0.0019196 secs] [Times: user=0.00 sys=0.00, real=0.00 secs] 
3.822: [GC (Allocation Failure) 3.822: [DefNew: 959K->64K(960K), 0.0014439 secs] 298174K->297543K(524224K), 0.0014953 secs] [Times: user=0.00 sys=0.00, real=0.00 secs] 
3.825: [GC (Allocation Failure) 3.825: [DefNew: 960K->63K(960K), 0.0012330 secs] 298469K->297845K(524224K), 0.0012741 secs] [Times: user=0.02 sys=0.00, real=0.00 secs] 
3.830: [GC (Allocation Failure) 3.830: [DefNew: 959K->63K(960K), 0.0023917 secs] 298769K->298170K(524224K), 0.0024438 secs] [Times: user=0.00 sys=0.00, real=0.00 secs] 
3.837: [GC (Allocation Failure) 3.837: [DefNew: 959K->63K(960K), 0.0018121 secs] 299093K->298477K(524224K), 0.0019283 secs] [Times: user=0.00 sys=0.00, real=0.00 secs] 
3.840: [GC (Allocation Failure) 3.840: [DefNew: 959K->64K(960K), 0.0013306 secs] 299405K->298860K(524224K), 0.0013558 secs] [Times: user=0.02 sys=0.00, real=0.00 secs] 
3.845: [GC (Allocation Failure) 3.845: [DefNew: 960K->63K(960K), 0.0013878 secs] 299775K->299183K(524224K), 0.0014139 secs] [Times: user=0.00 sys=0.00, real=0.00 secs] 
3.848: [GC (Allocation Failure) 3.848: [DefNew: 959K->63K(960K), 0.0012085 secs] 300122K->299451K(524224K), 0.0012294 secs] [Times: user=0.00 sys=0.00, real=0.00 secs] 
3.852: [GC (Allocation Failure) 3.852: [DefNew: 959K->63K(960K), 0.0012073 secs] 300379K->299748K(524224K), 0.0012468 secs] [Times: user=0.00 sys=0.00, real=0.00 secs] 
3.857: [GC (Allocation Failure) 3.857: [DefNew: 959K->64K(960K), 0.0012839 secs] 300673K->300042K(524224K), 0.0013235 secs] [Times: user=0.00 sys=0.00, real=0.00 secs] 
3.860: [GC (Allocation Failure) 3.860: [DefNew: 960K->63K(960K), 0.0012938 secs] 300973K->300325K(524224K), 0.0013183 secs] [Times: user=0.00 sys=0.00, real=0.00 secs] 
3.864: [GC (Allocation Failure) 3.864: [DefNew: 959K->64K(960K), 0.0011891 secs] 301256K->300613K(524224K), 0.0012275 secs] [Times: user=0.00 sys=0.00, real=0.00 secs] 
3.867: [GC (Allocation Failure) 3.867: [DefNew: 960K->63K(960K), 0.0011145 secs] 301556K->300881K(524224K), 0.0011540 secs] [Times: user=0.00 sys=0.00, real=0.00 secs] 
3.870: [GC (Allocation Failure) 3.870: [DefNew: 959K->63K(960K), 0.0012148 secs] 301814K->301164K(524224K), 0.0012543 secs] [Times: user=0.00 sys=0.00, real=0.00 secs] 
3.875: [GC (Allocation Failure) 3.875: [DefNew: 959K->63K(960K), 0.0013464 secs] 302076K->301519K(524224K), 0.0013997 secs] [Times: user=0.00 sys=0.00, real=0.00 secs] 
3.878: [GC (Allocation Failure) 3.878: [DefNew: 959K->63K(960K), 0.0011879 secs] 302454K->301799K(524224K), 0.0012101 secs] [Times: user=0.00 sys=0.00, real=0.00 secs] 
3.881: [GC (Allocation Failure) 3.881: [DefNew: 959K->64K(960K), 0.0017438 secs] 302717K->302140K(524224K), 0.0018023 secs] [Times: user=0.00 sys=0.00, real=0.00 secs] 
3.886: [GC (Allocation Failure) 3.886: [DefNew: 960K->63K(960K), 0.0019504 secs] 303063K->302451K(524224K), 0.0020188 secs] [Times: user=0.02 sys=0.00, real=0.00 secs] 
3.890: [GC (Allocation Failure) 3.890: [DefNew: 959K->64K(960K), 0.0016142 secs] 303367K->302801K(524224K), 0.0016679 secs] [Times: user=0.00 sys=0.00, real=0.00 secs] 
3.896: [GC (Allocation Failure) 3.896: [DefNew: 960K->63K(960K), 0.0013641 secs] 303724K->303127K(524224K), 0.0013965 secs] [Times: user=0.00 sys=0.00, real=0.00 secs] 
3.899: [GC (Allocation Failure) 3.899: [DefNew: 959K->64K(960K), 0.0012642 secs] 304060K->303423K(524224K), 0.0012887 secs] [Times: user=0.00 sys=0.00, real=0.00 secs] 
3.902: [GC (Allocation Failure) 3.902: [DefNew: 960K->64K(960K), 0.0012994 secs] 304348K->303722K(524224K), 0.0013389 secs] [Times: user=0.00 sys=0.00, real=0.00 secs] 
3.907: [GC (Allocation Failure) 3.907: [DefNew: 960K->63K(960K), 0.0014033 secs] 304645K->304025K(524224K), 0.0014428 secs] [Times: user=0.00 sys=0.00, real=0.00 secs] 
3.910: [GC (Allocation Failure) 3.910: [DefNew: 959K->63K(960K), 0.0012172 secs] 304958K->304314K(524224K), 0.0012389 secs] [Times: user=0.00 sys=0.00, real=0.00 secs] 
3.915: [GC (Allocation Failure) 3.915: [DefNew: 959K->63K(960K), 0.0012508 secs] 305245K->304602K(524224K), 0.0012903 secs] [Times: user=0.00 sys=0.00, real=0.00 secs] 
3.920: [GC (Allocation Failure) 3.920: [DefNew: 959K->63K(960K), 0.0012444 secs] 305536K->304891K(524224K), 0.0012836 secs] [Times: user=0.00 sys=0.00, real=0.00 secs] 
3.922: [GC (Allocation Failure) 3.922: [DefNew: 959K->64K(960K), 0.0013831 secs] 305822K->305179K(524224K), 0.0014131 secs] [Times: user=0.00 sys=0.00, real=0.00 secs] 
3.927: [GC (Allocation Failure) 3.927: [DefNew: 960K->64K(960K), 0.0012666 secs] 306112K->305467K(524224K), 0.0012907 secs] [Times: user=0.00 sys=0.00, real=0.00 secs] 
3.930: [GC (Allocation Failure) 3.930: [DefNew: 960K->63K(960K), 0.0012587 secs] 306393K->305775K(524224K), 0.0012978 secs] [Times: user=0.00 sys=0.00, real=0.00 secs] 
3.933: [GC (Allocation Failure) 3.933: [DefNew: 959K->63K(960K), 0.0016597 secs] 306699K->306093K(524224K), 0.0017094 secs] [Times: user=0.01 sys=0.00, real=0.00 secs] 
3.938: [GC (Allocation Failure) 3.938: [DefNew: 959K->63K(960K), 0.0016683 secs] 307012K->306421K(524224K), 0.0017398 secs] [Times: user=0.00 sys=0.00, real=0.00 secs] 
3.941: [GC (Allocation Failure) 3.941: [DefNew: 959K->64K(960K), 0.0011623 secs] 307354K->306711K(524224K), 0.0011848 secs] [Times: user=0.00 sys=0.00, real=0.00 secs] 
3.945: [GC (Allocation Failure) 3.945: [DefNew: 960K->64K(960K), 0.0011559 secs] 307640K->307000K(524224K), 0.0011958 secs] [Times: user=0.00 sys=0.00, real=0.00 secs] 
3.948: [GC (Allocation Failure) 3.948: [DefNew: 960K->64K(960K), 0.0012132 secs] 307936K->307277K(524224K), 0.0012516 secs] [Times: user=0.00 sys=0.00, real=0.00 secs] 
3.951: [GC (Allocation Failure) 3.951: [DefNew: 960K->63K(960K), 0.0012709 secs] 308209K->307562K(524224K), 0.0013088 secs] [Times: user=0.00 sys=0.00, real=0.00 secs] 
3.955: [GC (Allocation Failure) 3.955: [DefNew: 959K->64K(960K), 0.0014712 secs] 308483K->307876K(524224K), 0.0015155 secs] [Times: user=0.00 sys=0.00, real=0.00 secs] 
3.958: [GC (Allocation Failure) 3.958: [DefNew: 960K->63K(960K), 0.0014566 secs] 308798K->308196K(524224K), 0.0015000 secs] [Times: user=0.00 sys=0.00, real=0.00 secs] 
3.962: [GC (Allocation Failure) 3.962: [DefNew: 959K->63K(960K), 0.0012938 secs] 309127K->308488K(524224K), 0.0013329 secs] [Times: user=0.00 sys=0.00, real=0.00 secs] 
3.966: [GC (Allocation Failure) 3.966: [DefNew: 959K->63K(960K), 0.0013073 secs] 309408K->308813K(524224K), 0.0013472 secs] [Times: user=0.02 sys=0.00, real=0.00 secs] 
3.969: [GC (Allocation Failure) 3.969: [DefNew: 959K->64K(960K), 0.0011872 secs] 309742K->309103K(524224K), 0.0012255 secs] [Times: user=0.00 sys=0.00, real=0.00 secs] 
3.973: [GC (Allocation Failure) 3.974: [DefNew: 960K->64K(960K), 0.0013926 secs] 310023K->309445K(524224K), 0.0014270 secs] [Times: user=0.00 sys=0.00, real=0.00 secs] 
3.979: [GC (Allocation Failure) 3.979: [DefNew: 960K->63K(960K), 0.0012085 secs] 310384K->309721K(524224K), 0.0012314 secs] [Times: user=0.00 sys=0.00, real=0.00 secs] 
3.981: [GC (Allocation Failure) 3.981: [DefNew: 959K->63K(960K), 0.0021740 secs] 310654K->310006K(524224K), 0.0022147 secs] [Times: user=0.01 sys=0.00, real=0.00 secs] 
3.986: [GC (Allocation Failure) 3.987: [DefNew: 959K->63K(960K), 0.0014728 secs] 310931K->310302K(524224K), 0.0015218 secs] [Times: user=0.00 sys=0.00, real=0.00 secs] 
3.991: [GC (Allocation Failure) 3.991: [DefNew: 959K->64K(960K), 0.0015510 secs] 311219K->310644K(524224K), 0.0016059 secs] [Times: user=0.00 sys=0.00, real=0.00 secs] 
3.996: [GC (Allocation Failure) 3.996: [DefNew: 960K->63K(960K), 0.0012634 secs] 311571K->310948K(524224K), 0.0013033 secs] [Times: user=0.00 sys=0.00, real=0.00 secs] 
4.000: [GC (Allocation Failure) 4.000: [DefNew: 959K->63K(960K), 0.0013262 secs] 311875K->311248K(524224K), 0.0013657 secs] [Times: user=0.00 sys=0.00, real=0.00 secs] 
4.002: [GC (Allocation Failure) 4.002: [DefNew: 959K->63K(960K), 0.0013792 secs] 312179K->311545K(524224K), 0.0014025 secs] [Times: user=0.00 sys=0.00, real=0.00 secs] 
4.007: [GC (Allocation Failure) 4.007: [DefNew: 959K->63K(960K), 0.0012535 secs] 312477K->311826K(524224K), 0.0012816 secs] [Times: user=0.00 sys=0.00, real=0.00 secs] 
4.012: [GC (Allocation Failure) 4.012: [DefNew: 959K->63K(960K), 0.0012812 secs] 312755K->312119K(524224K), 0.0013369 secs] [Times: user=0.00 sys=0.00, real=0.00 secs] 
4.015: [GC (Allocation Failure) 4.015: [DefNew: 959K->63K(960K), 0.0014080 secs] 313053K->312402K(524224K), 0.0014345 secs] [Times: user=0.00 sys=0.00, real=0.00 secs] 
4.018: [GC (Allocation Failure) 4.018: [DefNew: 959K->63K(960K), 0.0011034 secs] 313340K->312680K(524224K), 0.0011291 secs] [Times: user=0.00 sys=0.00, real=0.00 secs] 
4.021: [GC (Allocation Failure) 4.021: [DefNew: 959K->63K(960K), 0.0012235 secs] 313609K->312975K(524224K), 0.0012642 secs] [Times: user=0.00 sys=0.00, real=0.00 secs] 
4.025: [GC (Allocation Failure) 4.025: [DefNew: 959K->63K(960K), 0.0013570 secs] 313900K->313277K(524224K), 0.0013954 secs] [Times: user=0.00 sys=0.00, real=0.00 secs] 
4.030: [GC (Allocation Failure) 4.030: [DefNew: 959K->63K(960K), 0.0014961 secs] 314193K->313605K(524224K), 0.0015356 secs] [Times: user=0.00 sys=0.00, real=0.00 secs] 
4.033: [GC (Allocation Failure) 4.033: [DefNew: 959K->64K(960K), 0.0013061 secs] 314537K->313894K(524224K), 0.0013298 secs] [Times: user=0.00 sys=0.00, real=0.00 secs] 
4.037: [GC (Allocation Failure) 4.037: [DefNew: 960K->63K(960K), 0.0011563 secs] 314832K->314173K(524224K), 0.0011958 secs] [Times: user=0.00 sys=0.00, real=0.00 secs] 
4.041: [GC (Allocation Failure) 4.041: [DefNew: 959K->64K(960K), 0.0012978 secs] 315101K->314481K(524224K), 0.0013361 secs] [Times: user=0.00 sys=0.00, real=0.00 secs] 
4.044: [GC (Allocation Failure) 4.044: [DefNew: 960K->63K(960K), 0.0013266 secs] 315407K->314775K(524224K), 0.0013547 secs] [Times: user=0.02 sys=0.00, real=0.00 secs] 
4.048: [GC (Allocation Failure) 4.048: [DefNew: 959K->63K(960K), 0.0014214 secs] 315696K->315082K(524224K), 0.0014708 secs] [Times: user=0.00 sys=0.00, real=0.00 secs] 
4.052: [GC (Allocation Failure) 4.052: [DefNew: 959K->63K(960K), 0.0016071 secs] 316009K->315527K(524224K), 0.0016359 secs] [Times: user=0.00 sys=0.00, real=0.00 secs] 
4.058: [GC (Allocation Failure) 4.058: [DefNew: 959K->63K(960K), 0.0014242 secs] 316446K->315838K(524224K), 0.0014637 secs] [Times: user=0.00 sys=0.00, real=0.00 secs] 
4.062: [GC (Allocation Failure) 4.062: [DefNew: 959K->64K(960K), 0.0011797 secs] 316768K->316124K(524224K), 0.0012034 secs] [Times: user=0.00 sys=0.00, real=0.00 secs] 
4.065: [GC (Allocation Failure) 4.065: [DefNew: 960K->64K(960K), 0.0012800 secs] 317057K->316410K(524224K), 0.0013207 secs] [Times: user=0.00 sys=0.00, real=0.00 secs] 
4.069: [GC (Allocation Failure) 4.069: [DefNew: 960K->63K(960K), 0.0011658 secs] 317344K->316692K(524224K), 0.0011891 secs] [Times: user=0.00 sys=0.00, real=0.00 secs] 
4.071: [GC (Allocation Failure) 4.071: [DefNew: 959K->63K(960K), 0.0012725 secs] 317627K->316971K(524224K), 0.0012982 secs] [Times: user=0.00 sys=0.00, real=0.00 secs] 
4.077: [GC (Allocation Failure) 4.077: [DefNew: 959K->63K(960K), 0.0016395 secs] 317887K->317301K(524224K), 0.0016826 secs] [Times: user=0.00 sys=0.00, real=0.00 secs] 
4.081: [GC (Allocation Failure) 4.081: [DefNew: 959K->63K(960K), 0.0011970 secs] 318236K->317586K(524224K), 0.0012215 secs] [Times: user=0.00 sys=0.00, real=0.00 secs] 
4.083: [GC (Allocation Failure) 4.083: [DefNew: 959K->63K(960K), 0.0011741 secs] 318520K->317876K(524224K), 0.0011990 secs] [Times: user=0.00 sys=0.00, real=0.00 secs] 
4.087: [GC (Allocation Failure) 4.087: [DefNew: 959K->64K(960K), 0.0011556 secs] 318807K->318164K(524224K), 0.0011777 secs] [Times: user=0.00 sys=0.00, real=0.00 secs] 
4.091: [GC (Allocation Failure) 4.091: [DefNew: 960K->63K(960K), 0.0012417 secs] 319088K->318480K(524224K), 0.0012816 secs] [Times: user=0.00 sys=0.00, real=0.00 secs] 
4.093: [GC (Allocation Failure) 4.093: [DefNew: 959K->63K(960K), 0.0013630 secs] 319415K->318759K(524224K), 0.0013863 secs] [Times: user=0.00 sys=0.00, real=0.00 secs] 
4.097: [GC (Allocation Failure) 4.097: [DefNew: 959K->64K(960K), 0.0015605 secs] 319682K->319071K(524224K), 0.0015889 secs] [Times: user=0.00 sys=0.00, real=0.00 secs] 
4.100: [GC (Allocation Failure) 4.100: [DefNew: 960K->64K(960K), 0.0012859 secs] 319992K->319378K(524224K), 0.0013116 secs] [Times: user=0.00 sys=0.00, real=0.00 secs] 
4.105: [GC (Allocation Failure) 4.105: [DefNew: 960K->63K(960K), 0.0015854 secs] 320291K->319752K(524224K), 0.0016221 secs] [Times: user=0.00 sys=0.00, real=0.00 secs] 
4.111: [GC (Allocation Failure) 4.111: [DefNew: 959K->63K(960K), 0.0012816 secs] 320682K->320051K(524224K), 0.0013073 secs] [Times: user=0.00 sys=0.00, real=0.00 secs] 
4.113: [GC (Allocation Failure) 4.113: [DefNew: 959K->64K(960K), 0.0011654 secs] 320986K->320333K(524224K), 0.0011864 secs] [Times: user=0.00 sys=0.00, real=0.00 secs] 
4.117: [GC (Allocation Failure) 4.117: [DefNew: 960K->64K(960K), 0.0012334 secs] 321259K->320636K(524224K), 0.0012725 secs] [Times: user=0.00 sys=0.00, real=0.00 secs] 
4.122: [GC (Allocation Failure) 4.122: [DefNew: 960K->64K(960K), 0.0015044 secs] 321562K->320942K(524224K), 0.0015490 secs] [Times: user=0.00 sys=0.00, real=0.00 secs] 
4.125: [GC (Allocation Failure) 4.125: [DefNew: 960K->63K(960K), 0.0012543 secs] 321873K->321231K(524224K), 0.0012796 secs] [Times: user=0.00 sys=0.00, real=0.00 secs] 
4.129: [GC (Allocation Failure) 4.129: [DefNew: 959K->63K(960K), 0.0012851 secs] 322156K->321527K(524224K), 0.0013250 secs] [Times: user=0.00 sys=0.00, real=0.00 secs] 
4.132: [GC (Allocation Failure) 4.132: [DefNew: 959K->63K(960K), 0.0012440 secs] 322454K->321825K(524224K), 0.0012855 secs] [Times: user=0.00 sys=0.00, real=0.00 secs] 
4.136: [GC (Allocation Failure) 4.136: [DefNew: 959K->64K(960K), 0.0013080 secs] 322748K->322125K(524224K), 0.0013483 secs] [Times: user=0.00 sys=0.00, real=0.00 secs] 
4.141: [GC (Allocation Failure) 4.141: [DefNew: 960K->64K(960K), 0.0012642 secs] 323054K->322414K(524224K), 0.0012891 secs] [Times: user=0.00 sys=0.00, real=0.00 secs] 
4.143: [GC (Allocation Failure) 4.143: [DefNew: 960K->63K(960K), 0.0013258 secs] 323347K->322698K(524224K), 0.0013669 secs] [Times: user=0.00 sys=0.00, real=0.00 secs] 
4.148: [GC (Allocation Failure) 4.148: [DefNew: 959K->63K(960K), 0.0012721 secs] 323619K->323009K(524224K), 0.0013104 secs] [Times: user=0.00 sys=0.00, real=0.00 secs] 
4.153: [GC (Allocation Failure) 4.153: [DefNew: 959K->63K(960K), 0.0012879 secs] 323942K->323295K(524224K), 0.0013278 secs] [Times: user=0.02 sys=0.00, real=0.00 secs] 
4.156: [GC (Allocation Failure) 4.156: [DefNew: 959K->63K(960K), 0.0013922 secs] 324226K->323578K(524224K), 0.0014325 secs] [Times: user=0.00 sys=0.00, real=0.00 secs] 
4.162: [GC (Allocation Failure) 4.162: [DefNew: 959K->64K(960K), 0.0011955 secs] 324506K->323870K(524224K), 0.0012219 secs] [Times: user=0.00 sys=0.00, real=0.00 secs] 
4.164: [GC (Allocation Failure) 4.164: [DefNew: 960K->63K(960K), 0.0011382 secs] 324806K->324147K(524224K), 0.0011544 secs] [Times: user=0.00 sys=0.00, real=0.00 secs] 
4.168: [GC (Allocation Failure) 4.168: [DefNew: 959K->64K(960K), 0.0011066 secs] 325083K->324436K(524224K), 0.0011279 secs] [Times: user=0.01 sys=0.00, real=0.00 secs] 
4.172: [GC (Allocation Failure) 4.172: [DefNew: 960K->63K(960K), 0.0013159 secs] 325350K->324807K(524224K), 0.0013460 secs] [Times: user=0.00 sys=0.00, real=0.00 secs] 
4.174: [GC (Allocation Failure) 4.174: [DefNew: 959K->64K(960K), 0.0012002 secs] 325744K->325089K(524224K), 0.0012196 secs] [Times: user=0.00 sys=0.00, real=0.00 secs] 
4.178: [GC (Allocation Failure) 4.178: [DefNew: 960K->63K(960K), 0.0011295 secs] 326024K->325373K(524224K), 0.0011524 secs] [Times: user=0.00 sys=0.00, real=0.00 secs] 
4.182: [GC (Allocation Failure) 4.182: [DefNew: 959K->63K(960K), 0.0010647 secs] 326311K->325649K(524224K), 0.0010840 secs] [Times: user=0.00 sys=0.00, real=0.00 secs] 
4.184: [GC (Allocation Failure) 4.184: [DefNew: 959K->64K(960K), 0.0011374 secs] 326588K->325922K(524224K), 0.0011583 secs] [Times: user=0.02 sys=0.00, real=0.00 secs] 
4.188: [GC (Allocation Failure) 4.188: [DefNew: 960K->63K(960K), 0.0010485 secs] 326856K->326197K(524224K), 0.0010706 secs] [Times: user=0.00 sys=0.00, real=0.00 secs] 
4.190: [GC (Allocation Failure) 4.190: [DefNew: 959K->64K(960K), 0.0012986 secs] 327125K->326491K(524224K), 0.0013373 secs] [Times: user=0.00 sys=0.00, real=0.00 secs] 
4.195: [GC (Allocation Failure) 4.195: [DefNew: 960K->63K(960K), 0.0012330 secs] 327427K->326775K(524224K), 0.0012559 secs] [Times: user=0.00 sys=0.00, real=0.00 secs] 
4.199: [GC (Allocation Failure) 4.199: [DefNew: 959K->63K(960K), 0.0012215 secs] 327703K->327080K(524224K), 0.0012488 secs] [Times: user=0.00 sys=0.00, real=0.00 secs] 
4.201: [GC (Allocation Failure) 4.278: [DefNew: 959K->63K(960K), 0.0017766 secs] 328011K->327372K(524224K), 0.0786646 secs] [Times: user=0.01 sys=0.00, real=0.08 secs] 
4.284: [GC (Allocation Failure) 4.284: [DefNew: 959K->63K(960K), 0.0018520 secs] 328283K->327718K(524224K), 0.0018983 secs] [Times: user=0.00 sys=0.00, real=0.00 secs] 
4.289: [GC (Allocation Failure) 4.289: [DefNew: 959K->64K(960K), 0.0017845 secs] 328633K->328055K(524224K), 0.0018299 secs] [Times: user=0.00 sys=0.00, real=0.00 secs] 
4.292: [GC (Allocation Failure) 4.292: [DefNew: 960K->63K(960K), 0.0013310 secs] 328988K->328338K(524224K), 0.0013705 secs] [Times: user=0.00 sys=0.00, real=0.00 secs] 
4.297: [GC (Allocation Failure) 4.297: [DefNew: 959K->64K(960K), 0.0014708 secs] 329251K->328686K(524224K), 0.0015052 secs] [Times: user=0.00 sys=0.00, real=0.00 secs] 
4.300: [GC (Allocation Failure) 4.300: [DefNew: 960K->63K(960K), 0.0012113 secs] 329622K->328972K(524224K), 0.0012334 secs] [Times: user=0.00 sys=0.00, real=0.00 secs] 
4.303: [GC (Allocation Failure) 4.303: [DefNew: 959K->63K(960K), 0.0013029 secs] 329893K->329282K(524224K), 0.0013444 secs] [Times: user=0.00 sys=0.00, real=0.00 secs] 
4.308: [GC (Allocation Failure) 4.308: [DefNew: 959K->63K(960K), 0.0014657 secs] 330200K->329601K(524224K), 0.0015079 secs] [Times: user=0.00 sys=0.00, real=0.00 secs] 
4.311: [GC (Allocation Failure) 4.311: [DefNew: 959K->64K(960K), 0.0015087 secs] 330523K->329937K(524224K), 0.0015561 secs] [Times: user=0.00 sys=0.00, real=0.00 secs] 
4.315: [GC (Allocation Failure) 4.315: [DefNew: 960K->64K(960K), 0.0012535 secs] 330874K->330209K(524224K), 0.0012776 secs] [Times: user=0.00 sys=0.00, real=0.00 secs] 
4.317: [GC (Allocation Failure) 4.317: [DefNew: 960K->64K(960K), 0.0011986 secs] 331140K->330496K(524224K), 0.0012393 secs] [Times: user=0.00 sys=0.00, real=0.00 secs] 
4.322: [GC (Allocation Failure) 4.322: [DefNew: 960K->64K(960K), 0.0013732 secs] 331418K->330808K(524224K), 0.0014163 secs] [Times: user=0.00 sys=0.00, real=0.00 secs] 
4.327: [GC (Allocation Failure) 4.327: [DefNew: 960K->64K(960K), 0.0013981 secs] 331735K->331107K(524224K), 0.0014396 secs] [Times: user=0.00 sys=0.00, real=0.00 secs] 
4.330: [GC (Allocation Failure) 4.330: [DefNew: 960K->63K(960K), 0.0016075 secs] 332029K->331413K(524224K), 0.0016510 secs] [Times: user=0.00 sys=0.00, real=0.00 secs] 
4.335: [GC (Allocation Failure) 4.335: [DefNew: 959K->63K(960K), 0.0016482 secs] 332333K->331720K(524224K), 0.0017296 secs] [Times: user=0.00 sys=0.00, real=0.00 secs] 
4.341: [GC (Allocation Failure) 4.341: [DefNew: 959K->63K(960K), 0.0021586 secs] 332623K->332112K(524224K), 0.0022451 secs] [Times: user=0.02 sys=0.00, real=0.00 secs] 
4.344: [GC (Allocation Failure) 4.344: [DefNew: 959K->63K(960K), 0.0019820 secs] 333039K->332419K(524224K), 0.0020093 secs] [Times: user=0.00 sys=0.00, real=0.00 secs] 
4.347: [GC (Allocation Failure) 4.348: [DefNew: 959K->63K(960K), 0.0011832 secs] 333353K->332700K(524224K), 0.0012045 secs] [Times: user=0.00 sys=0.00, real=0.00 secs] 
4.350: [GC (Allocation Failure) 4.350: [DefNew: 959K->63K(960K), 0.0012318 secs] 333627K->333000K(524224K), 0.0012717 secs] [Times: user=0.00 sys=0.00, real=0.00 secs] 
4.353: [GC (Allocation Failure) 4.353: [DefNew: 959K->64K(960K), 0.0012543 secs] 333931K->333292K(524224K), 0.0012958 secs] [Times: user=0.00 sys=0.00, real=0.00 secs] 
4.356: [GC (Allocation Failure) 4.356: [DefNew: 960K->63K(960K), 0.0015328 secs] 334223K->333578K(524224K), 0.0015806 secs] [Times: user=0.02 sys=0.00, real=0.00 secs] 
4.359: [GC (Allocation Failure) 4.359: [DefNew: 959K->63K(960K), 0.0013776 secs] 334501K->333904K(524224K), 0.0014242 secs] [Times: user=0.00 sys=0.00, real=0.00 secs] 
4.364: [GC (Allocation Failure) 4.364: [DefNew: 959K->63K(960K), 0.0012097 secs] 334838K->334189K(524224K), 0.0012322 secs] [Times: user=0.00 sys=0.00, real=0.00 secs] 
4.367: [GC (Allocation Failure) 4.367: [DefNew: 959K->63K(960K), 0.0013140 secs] 335118K->334478K(524224K), 0.0013547 secs] [Times: user=0.00 sys=0.00, real=0.00 secs] 
4.370: [GC (Allocation Failure) 4.370: [DefNew: 959K->63K(960K), 0.0012930 secs] 335407K->334764K(524224K), 0.0013321 secs] [Times: user=0.00 sys=0.00, real=0.00 secs] 
4.375: [GC (Allocation Failure) 4.375: [DefNew: 959K->64K(960K), 0.0016703 secs] 335680K->335174K(524224K), 0.0017387 secs] [Times: user=0.00 sys=0.00, real=0.00 secs] 
4.378: [GC (Allocation Failure) 4.378: [DefNew: 960K->63K(960K), 0.0012516 secs] 336115K->335446K(524224K), 0.0012733 secs] [Times: user=0.00 sys=0.00, real=0.00 secs] 
4.381: [GC (Allocation Failure) 4.381: [DefNew: 959K->64K(960K), 0.0012326 secs] 336376K->335743K(524224K), 0.0012717 secs] [Times: user=0.00 sys=0.00, real=0.00 secs] 
4.384: [GC (Allocation Failure) 4.385: [DefNew: 960K->63K(960K), 0.0019168 secs] 336672K->336052K(524224K), 0.0019706 secs] [Times: user=0.00 sys=0.00, real=0.00 secs] 
4.388: [GC (Allocation Failure) 4.388: [DefNew: 959K->63K(960K), 0.0014396 secs] 336966K->336402K(524224K), 0.0014677 secs] [Times: user=0.02 sys=0.00, real=0.00 secs] 
4.393: [GC (Allocation Failure) 4.393: [DefNew: 959K->63K(960K), 0.0017466 secs] 337321K->336718K(524224K), 0.0018169 secs] [Times: user=0.00 sys=0.00, real=0.00 secs] 
4.397: [GC (Allocation Failure) 4.397: [DefNew: 959K->63K(960K), 0.0014309 secs] 337642K->337019K(524224K), 0.0014562 secs] [Times: user=0.00 sys=0.00, real=0.00 secs] 
4.401: [GC (Allocation Failure) 4.401: [DefNew: 959K->63K(960K), 0.0013728 secs] 337948K->337315K(524224K), 0.0014017 secs] [Times: user=0.00 sys=0.00, real=0.00 secs] 
4.405: [GC (Allocation Failure) 4.405: [DefNew: 959K->63K(960K), 0.0015056 secs] 338246K->337601K(524224K), 0.0015696 secs] [Times: user=0.00 sys=0.00, real=0.00 secs] 
4.408: [GC (Allocation Failure) 4.408: [DefNew: 959K->63K(960K), 0.0012915 secs] 338528K->337895K(524224K), 0.0013191 secs] [Times: user=0.00 sys=0.00, real=0.00 secs] 
4.414: [GC (Allocation Failure) 4.414: [DefNew: 959K->63K(960K), 0.0012468 secs] 338818K->338204K(524224K), 0.0012863 secs] [Times: user=0.00 sys=0.00, real=0.00 secs] 
4.418: [GC (Allocation Failure) 4.418: [DefNew: 959K->64K(960K), 0.0013535 secs] 339129K->338506K(524224K), 0.0013930 secs] [Times: user=0.00 sys=0.00, real=0.00 secs] 
4.420: [GC (Allocation Failure) 4.420: [DefNew: 960K->64K(960K), 0.0013479 secs] 339438K->338794K(524224K), 0.0013713 secs] [Times: user=0.00 sys=0.00, real=0.00 secs] 
4.425: [GC (Allocation Failure) 4.425: [DefNew: 960K->63K(960K), 0.0012286 secs] 339726K->339081K(524224K), 0.0012519 secs] [Times: user=0.00 sys=0.00, real=0.00 secs] 
4.428: [GC (Allocation Failure) 4.428: [DefNew: 959K->63K(960K), 0.0013041 secs] 340010K->339374K(524224K), 0.0013436 secs] [Times: user=0.00 sys=0.00, real=0.00 secs] 
4.432: [GC (Allocation Failure) 4.432: [DefNew: 959K->64K(960K), 0.0013274 secs] 340299K->339676K(524224K), 0.0013701 secs] [Times: user=0.00 sys=0.00, real=0.00 secs] 
4.437: [GC (Allocation Failure) 4.437: [DefNew: 960K->64K(960K), 0.0017359 secs] 340597K->339985K(524224K), 0.0018074 secs] [Times: user=0.00 sys=0.00, real=0.00 secs] 
4.439: [GC (Allocation Failure) 4.439: [DefNew: 960K->63K(960K), 0.0014104 secs] 340909K->340289K(524224K), 0.0014396 secs] [Times: user=0.00 sys=0.00, real=0.00 secs] 
4.444: [GC (Allocation Failure) 4.444: [DefNew: 959K->63K(960K), 0.0014206 secs] 341209K->340610K(524224K), 0.0014566 secs] [Times: user=0.00 sys=0.00, real=0.00 secs] 
4.447: [GC (Allocation Failure) 4.447: [DefNew: 959K->64K(960K), 0.0012796 secs] 341541K->340896K(524224K), 0.0013017 secs] [Times: user=0.00 sys=0.00, real=0.00 secs] 
4.452: [GC (Allocation Failure) 4.452: [DefNew: 960K->64K(960K), 0.0013282 secs] 341818K->341206K(524224K), 0.0013614 secs] [Times: user=0.00 sys=0.00, real=0.00 secs] 
4.457: [GC (Allocation Failure) 4.457: [DefNew: 960K->63K(960K), 0.0012990 secs] 342140K->341488K(524224K), 0.0013254 secs] [Times: user=0.00 sys=0.00, real=0.00 secs] 
4.459: [GC (Allocation Failure) 4.459: [DefNew: 959K->64K(960K), 0.0011974 secs] 342420K->341772K(524224K), 0.0012192 secs] [Times: user=0.00 sys=0.00, real=0.00 secs] 
4.463: [GC (Allocation Failure) 4.463: [DefNew: 960K->63K(960K), 0.0011591 secs] 342705K->342053K(524224K), 0.0011800 secs] [Times: user=0.00 sys=0.00, real=0.00 secs] 
4.467: [GC (Allocation Failure) 4.467: [DefNew: 959K->64K(960K), 0.0011872 secs] 342988K->342336K(524224K), 0.0012093 secs] [Times: user=0.00 sys=0.00, real=0.00 secs] 
4.470: [GC (Allocation Failure) 4.470: [DefNew: 960K->63K(960K), 0.0016600 secs] 343265K->342646K(524224K), 0.0017406 secs] [Times: user=0.00 sys=0.00, real=0.00 secs] 
4.474: [GC (Allocation Failure) 4.474: [DefNew: 959K->64K(960K), 0.0012472 secs] 343578K->342935K(524224K), 0.0012729 secs] [Times: user=0.00 sys=0.00, real=0.00 secs] 
4.477: [GC (Allocation Failure) 4.477: [DefNew: 960K->63K(960K), 0.0012855 secs] 343874K->343212K(524224K), 0.0013246 secs] [Times: user=0.00 sys=0.00, real=0.00 secs] 
4.480: [GC (Allocation Failure) 4.480: [DefNew: 959K->64K(960K), 0.0013136 secs] 344144K->343504K(524224K), 0.0013543 secs] [Times: user=0.00 sys=0.00, real=0.00 secs] 
4.484: [GC (Allocation Failure) 4.484: [DefNew: 960K->63K(960K), 0.0017560 secs] 344424K->343823K(524224K), 0.0018046 secs] [Times: user=0.00 sys=0.00, real=0.00 secs] 
4.487: [GC (Allocation Failure) 4.487: [DefNew: 959K->63K(960K), 0.0013325 secs] 344753K->344115K(524224K), 0.0013562 secs] [Times: user=0.00 sys=0.00, real=0.00 secs] 
4.492: [GC (Allocation Failure) 4.492: [DefNew: 959K->63K(960K), 0.0012559 secs] 345041K->344417K(524224K), 0.0012958 secs] [Times: user=0.00 sys=0.00, real=0.00 secs] 
4.497: [GC (Allocation Failure) 4.497: [DefNew: 959K->64K(960K), 0.0015198 secs] 345333K->344765K(524224K), 0.0015550 secs] [Times: user=0.01 sys=0.00, real=0.00 secs] 
4.501: [GC (Allocation Failure) 4.501: [DefNew: 960K->63K(960K), 0.0016604 secs] 345688K->345081K(524224K), 0.0017071 secs] [Times: user=0.00 sys=0.00, real=0.00 secs] 
4.505: [GC (Allocation Failure) 4.505: [DefNew: 959K->63K(960K), 0.0018042 secs] 345997K->345418K(524224K), 0.0018398 secs] [Times: user=0.00 sys=0.00, real=0.00 secs] 
4.508: [GC (Allocation Failure) 4.508: [DefNew: 959K->63K(960K), 0.0013045 secs] 346346K->345719K(524224K), 0.0013452 secs] [Times: user=0.00 sys=0.00, real=0.00 secs] 
4.513: [GC (Allocation Failure) 4.513: [DefNew: 959K->64K(960K), 0.0013507 secs] 346642K->346037K(524224K), 0.0013906 secs] [Times: user=0.00 sys=0.00, real=0.00 secs] 
4.519: [GC (Allocation Failure) 4.519: [DefNew: 960K->63K(960K), 0.0013294 secs] 346950K->346393K(524224K), 0.0013614 secs] [Times: user=0.00 sys=0.00, real=0.00 secs] 
4.523: [GC (Allocation Failure) 4.523: [DefNew: 959K->63K(960K), 0.0053926 secs] 347309K->346930K(524224K), 0.0054755 secs] [Times: user=0.00 sys=0.00, real=0.01 secs] 
4.531: [GC (Allocation Failure) 4.531: [DefNew: 959K->63K(960K), 0.0028614 secs] 347834K->347746K(524224K), 0.0029353 secs] [Times: user=0.00 sys=0.00, real=0.00 secs] 
4.535: [GC (Allocation Failure) 4.535: [DefNew: 959K->64K(960K), 0.0018287 secs] 348670K->348017K(524224K), 0.0018509 secs] [Times: user=0.00 sys=0.00, real=0.00 secs] 
4.540: [GC (Allocation Failure) 4.540: [DefNew: 960K->64K(960K), 0.0012433 secs] 348933K->348321K(524224K), 0.0012828 secs] [Times: user=0.00 sys=0.00, real=0.00 secs] 
4.543: [GC (Allocation Failure) 4.543: [DefNew: 960K->63K(960K), 0.0012725 secs] 349251K->348599K(524224K), 0.0013116 secs] [Times: user=0.00 sys=0.00, real=0.00 secs] 
4.546: [GC (Allocation Failure) 4.546: [DefNew: 959K->63K(960K), 0.0013728 secs] 349529K->348879K(524224K), 0.0014029 secs] [Times: user=0.00 sys=0.00, real=0.00 secs] 
4.550: [GC (Allocation Failure) 4.550: [DefNew: 959K->64K(960K), 0.0016016 secs] 349798K->349200K(524224K), 0.0016691 secs] [Times: user=0.00 sys=0.00, real=0.00 secs] 
4.553: [GC (Allocation Failure) 4.553: [DefNew: 960K->63K(960K), 0.0011421 secs] 350129K->349489K(524224K), 0.0011635 secs] [Times: user=0.00 sys=0.00, real=0.00 secs] 
4.557: [GC (Allocation Failure) 4.557: [DefNew: 959K->64K(960K), 0.0012606 secs] 350417K->349779K(524224K), 0.0012994 secs] [Times: user=0.00 sys=0.00, real=0.00 secs] 
4.562: [GC (Allocation Failure) 4.562: [DefNew: 960K->63K(960K), 0.0015056 secs] 350697K->350189K(524224K), 0.0015392 secs] [Times: user=0.00 sys=0.00, real=0.00 secs] 
4.565: [GC (Allocation Failure) 4.565: [DefNew: 959K->64K(960K), 0.0016083 secs] 351113K->350493K(524224K), 0.0016494 secs] [Times: user=0.00 sys=0.00, real=0.00 secs] 
4.570: [GC (Allocation Failure) 4.570: [DefNew: 960K->63K(960K), 0.0013120 secs] 351413K->350807K(524224K), 0.0013527 secs] [Times: user=0.00 sys=0.00, real=0.00 secs] 
4.573: [GC (Allocation Failure) 4.573: [DefNew: 959K->63K(960K), 0.0014728 secs] 351727K->351133K(524224K), 0.0015131 secs] [Times: user=0.00 sys=0.00, real=0.00 secs] 
4.577: [GC (Allocation Failure) 4.577: [DefNew: 959K->63K(960K), 0.0014033 secs] 352050K->351452K(524224K), 0.0014436 secs] [Times: user=0.00 sys=0.00, real=0.00 secs] 
4.582: [GC (Allocation Failure) 4.582: [DefNew: 959K->64K(960K), 0.0012721 secs] 352368K->351790K(524224K), 0.0013061 secs] [Times: user=0.00 sys=0.00, real=0.00 secs] 
4.585: [GC (Allocation Failure) 4.585: [DefNew: 960K->64K(960K), 0.0012417 secs] 352721K->352079K(524224K), 0.0012630 secs] [Times: user=0.00 sys=0.00, real=0.00 secs] 
4.588: [GC (Allocation Failure) 4.588: [DefNew: 960K->63K(960K), 0.0014491 secs] 353000K->352400K(524224K), 0.0014827 secs] [Times: user=0.00 sys=0.00, real=0.00 secs] 
4.593: [GC (Allocation Failure) 4.593: [DefNew: 959K->63K(960K), 0.0017260 secs] 353318K->352734K(524224K), 0.0017766 secs] [Times: user=0.00 sys=0.00, real=0.00 secs] 
4.596: [GC (Allocation Failure) 4.596: [DefNew: 959K->64K(960K), 0.0015589 secs] 353659K->353044K(524224K), 0.0015874 secs] [Times: user=0.00 sys=0.00, real=0.00 secs] 
4.601: [GC (Allocation Failure) 4.601: [DefNew: 960K->63K(960K), 0.0012646 secs] 353964K->353355K(524224K), 0.0013037 secs] [Times: user=0.00 sys=0.00, real=0.00 secs] 
4.603: [GC (Allocation Failure) 4.603: [DefNew: 959K->64K(960K), 0.0011552 secs] 354288K->353642K(524224K), 0.0011769 secs] [Times: user=0.00 sys=0.00, real=0.00 secs] 
4.606: [GC (Allocation Failure) 4.606: [DefNew: 960K->64K(960K), 0.0018438 secs] 354560K->353959K(524224K), 0.0018943 secs] [Times: user=0.02 sys=0.00, real=0.00 secs] 
4.610: [GC (Allocation Failure) 4.610: [DefNew: 960K->64K(960K), 0.0018149 secs] 354889K->354255K(524224K), 0.0018639 secs] [Times: user=0.00 sys=0.00, real=0.00 secs] 
4.613: [GC (Allocation Failure) 4.613: [DefNew: 960K->63K(960K), 0.0011982 secs] 355192K->354536K(524224K), 0.0012211 secs] [Times: user=0.00 sys=0.00, real=0.00 secs] 
4.616: [GC (Allocation Failure) 4.616: [DefNew: 959K->63K(960K), 0.0012002 secs] 355464K->354818K(524224K), 0.0012401 secs] [Times: user=0.00 sys=0.00, real=0.00 secs] 
4.621: [GC (Allocation Failure) 4.621: [DefNew: 959K->64K(960K), 0.0013152 secs] 355745K->355118K(524224K), 0.0013649 secs] [Times: user=0.00 sys=0.00, real=0.00 secs] 
4.624: [GC (Allocation Failure) 4.624: [DefNew: 960K->63K(960K), 0.0012176 secs] 356048K->355411K(524224K), 0.0012437 secs] [Times: user=0.00 sys=0.00, real=0.00 secs] 
4.628: [GC (Allocation Failure) 4.628: [DefNew: 959K->63K(960K), 0.0015976 secs] 356331K->355723K(524224K), 0.0016391 secs] [Times: user=0.00 sys=0.00, real=0.00 secs] 
4.631: [GC (Allocation Failure) 4.631: [DefNew: 959K->64K(960K), 0.0011907 secs] 356660K->355997K(524224K), 0.0012128 secs] [Times: user=0.00 sys=0.00, real=0.00 secs] 
4.635: [GC (Allocation Failure) 4.635: [DefNew: 960K->63K(960K), 0.0013037 secs] 356915K->356307K(524224K), 0.0013432 secs] [Times: user=0.00 sys=0.00, real=0.00 secs] 
4.640: [GC (Allocation Failure) 4.640: [DefNew: 959K->63K(960K), 0.0018663 secs] 357219K->356661K(524224K), 0.0019070 secs] [Times: user=0.00 sys=0.00, real=0.00 secs] 
4.643: [GC (Allocation Failure) 4.643: [DefNew: 959K->63K(960K), 0.0013799 secs] 357584K->356980K(524224K), 0.0014068 secs] [Times: user=0.00 sys=0.00, real=0.00 secs] 
4.648: [GC (Allocation Failure) 4.648: [DefNew: 959K->63K(960K), 0.0015095 secs] 357902K->357354K(524224K), 0.0015601 secs] [Times: user=0.00 sys=0.00, real=0.00 secs] 
4.651: [GC (Allocation Failure) 4.651: [DefNew: 959K->64K(960K), 0.0014408 secs] 358280K->357658K(524224K), 0.0015064 secs] [Times: user=0.00 sys=0.00, real=0.00 secs] 
4.656: [GC (Allocation Failure) 4.656: [DefNew: 960K->64K(960K), 0.0016419 secs] 358577K->357989K(524224K), 0.0016936 secs] [Times: user=0.00 sys=0.00, real=0.00 secs] 
4.661: [GC (Allocation Failure) 4.661: [DefNew: 960K->64K(960K), 0.0013377 secs] 358915K->358289K(524224K), 0.0013641 secs] [Times: user=0.00 sys=0.00, real=0.00 secs] 
4.664: [GC (Allocation Failure) 4.664: [DefNew: 960K->63K(960K), 0.0012610 secs] 359224K->358579K(524224K), 0.0012824 secs] [Times: user=0.00 sys=0.00, real=0.00 secs] 
4.669: [GC (Allocation Failure) 4.669: [DefNew: 959K->63K(960K), 0.0013120 secs] 359502K->358890K(524224K), 0.0013527 secs] [Times: user=0.02 sys=0.00, real=0.00 secs] 
4.672: [GC (Allocation Failure) 4.672: [DefNew: 959K->64K(960K), 0.0015238 secs] 359812K->359242K(524224K), 0.0015688 secs] [Times: user=0.00 sys=0.00, real=0.00 secs] 
4.676: [GC (Allocation Failure) 4.676: [DefNew: 960K->63K(960K), 0.0011844 secs] 360171K->359536K(524224K), 0.0012085 secs] [Times: user=0.00 sys=0.00, real=0.00 secs] 
4.679: [GC (Allocation Failure) 4.679: [DefNew: 959K->64K(960K), 0.0013128 secs] 360465K->359837K(524224K), 0.0013527 secs] [Times: user=0.00 sys=0.00, real=0.00 secs] 
4.681: [GC (Allocation Failure) 4.681: [DefNew: 960K->64K(960K), 0.0012346 secs] 360761K->360140K(524224K), 0.0012571 secs] [Times: user=0.00 sys=0.00, real=0.00 secs] 
4.686: [GC (Allocation Failure) 4.686: [DefNew: 960K->63K(960K), 0.0013934 secs] 361061K->360451K(524224K), 0.0014518 secs] [Times: user=0.00 sys=0.00, real=0.00 secs] 
4.692: [GC (Allocation Failure) 4.692: [DefNew: 959K->63K(960K), 0.0013167 secs] 361370K->360788K(524224K), 0.0013424 secs] [Times: user=0.00 sys=0.00, real=0.00 secs] 
4.694: [GC (Allocation Failure) 4.694: [DefNew: 959K->63K(960K), 0.0016028 secs] 361713K->361112K(524224K), 0.0016770 secs] [Times: user=0.00 sys=0.00, real=0.00 secs] 
4.698: [GC (Allocation Failure) 4.698: [DefNew: 959K->64K(960K), 0.0014700 secs] 362028K->361430K(524224K), 0.0015147 secs] [Times: user=0.00 sys=0.00, real=0.00 secs] 
4.701: [GC (Allocation Failure) 4.701: [DefNew: 960K->64K(960K), 0.0017707 secs] 362356K->361745K(524224K), 0.0018177 secs] [Times: user=0.00 sys=0.00, real=0.00 secs] 
4.706: [GC (Allocation Failure) 4.706: [DefNew: 960K->63K(960K), 0.0014384 secs] 362675K->362037K(524224K), 0.0014629 secs] [Times: user=0.00 sys=0.00, real=0.00 secs] 
4.711: [GC (Allocation Failure) 4.711: [DefNew: 959K->64K(960K), 0.0013080 secs] 362964K->362338K(524224K), 0.0013472 secs] [Times: user=0.00 sys=0.00, real=0.00 secs] 
4.713: [GC (Allocation Failure) 4.713: [DefNew: 960K->63K(960K), 0.0011611 secs] 363274K->362613K(524224K), 0.0011856 secs] [Times: user=0.00 sys=0.00, real=0.00 secs] 
4.716: [GC (Allocation Failure) 4.716: [DefNew: 959K->63K(960K), 0.0012986 secs] 363536K->362921K(524224K), 0.0013393 secs] [Times: user=0.02 sys=0.00, real=0.00 secs] 
4.721: [GC (Allocation Failure) 4.721: [DefNew: 959K->64K(960K), 0.0013590 secs] 363842K->363228K(524224K), 0.0013954 secs] [Times: user=0.00 sys=0.00, real=0.00 secs] 
4.723: [GC (Allocation Failure) 4.723: [DefNew: 960K->63K(960K), 0.0013329 secs] 364159K->363517K(524224K), 0.0013598 secs] [Times: user=0.00 sys=0.00, real=0.00 secs] 
4.728: [GC (Allocation Failure) 4.728: [DefNew: 959K->63K(960K), 0.0012448 secs] 364447K->363808K(524224K), 0.0012839 secs] [Times: user=0.00 sys=0.00, real=0.00 secs] 
4.730: [GC (Allocation Failure) 4.730: [DefNew: 959K->63K(960K), 0.0011405 secs] 364740K->364095K(524224K), 0.0011615 secs] [Times: user=0.00 sys=0.00, real=0.00 secs] 
4.734: [GC (Allocation Failure) 4.734: [DefNew: 959K->64K(960K), 0.0019500 secs] 365016K->364417K(524224K), 0.0020037 secs] [Times: user=0.00 sys=0.00, real=0.00 secs] 
4.739: [GC (Allocation Failure) 4.739: [DefNew: 960K->63K(960K), 0.0014491 secs] 365352K->364702K(524224K), 0.0014720 secs] [Times: user=0.00 sys=0.00, real=0.00 secs] 
4.741: [GC (Allocation Failure) 4.741: [DefNew: 959K->63K(960K), 0.0011682 secs] 365640K->364979K(524224K), 0.0011899 secs] [Times: user=0.00 sys=0.00, real=0.00 secs] 
4.745: [GC (Allocation Failure) 4.745: [DefNew: 959K->64K(960K), 0.0016830 secs] 365908K->365274K(524224K), 0.0017276 secs] [Times: user=0.00 sys=0.00, real=0.00 secs] 
4.749: [GC (Allocation Failure) 4.750: [DefNew: 960K->64K(960K), 0.0016585 secs] 366208K->365563K(524224K), 0.0016968 secs] [Times: user=0.00 sys=0.00, real=0.00 secs] 
4.753: [GC (Allocation Failure) 4.753: [DefNew: 960K->63K(960K), 0.0026750 secs] 366476K->366002K(524224K), 0.0027299 secs] [Times: user=0.00 sys=0.00, real=0.00 secs] 
4.758: [GC (Allocation Failure) 4.758: [DefNew: 959K->64K(960K), 0.0015949 secs] 366914K->366401K(524224K), 0.0016257 secs] [Times: user=0.00 sys=0.00, real=0.00 secs] 
4.762: [GC (Allocation Failure) 4.762: [DefNew: 960K->63K(960K), 0.0015842 secs] 367324K->366707K(524224K), 0.0016253 secs] [Times: user=0.02 sys=0.00, real=0.00 secs] 
4.766: [GC (Allocation Failure) 4.766: [DefNew: 959K->63K(960K), 0.0014368 secs] 367617K->367053K(524224K), 0.0014767 secs] [Times: user=0.00 sys=0.00, real=0.00 secs] 
4.770: [GC (Allocation Failure) 4.770: [DefNew: 959K->63K(960K), 0.0014266 secs] 367974K->367388K(524224K), 0.0014598 secs] [Times: user=0.00 sys=0.00, real=0.00 secs] 
4.774: [GC (Allocation Failure) 4.774: [DefNew: 959K->64K(960K), 0.0015605 secs] 368310K->367698K(524224K), 0.0016118 secs] [Times: user=0.00 sys=0.00, real=0.00 secs] 
4.779: [GC (Allocation Failure) 4.779: [DefNew: 960K->64K(960K), 0.0021566 secs] 368622K->368002K(524224K), 0.0022100 secs] [Times: user=0.00 sys=0.00, real=0.00 secs] 
4.783: [GC (Allocation Failure) 4.783: [DefNew: 960K->63K(960K), 0.0012883 secs] 368929K->368300K(524224K), 0.0013108 secs] [Times: user=0.00 sys=0.00, real=0.00 secs] 
4.788: [GC (Allocation Failure) 4.788: [DefNew: 959K->63K(960K), 0.0012634 secs] 369225K->368601K(524224K), 0.0013017 secs] [Times: user=0.00 sys=0.00, real=0.00 secs] 
4.792: [GC (Allocation Failure) 4.792: [DefNew: 959K->63K(960K), 0.0013306 secs] 369533K->368901K(524224K), 0.0013693 secs] [Times: user=0.00 sys=0.00, real=0.00 secs] 
4.795: [GC (Allocation Failure) 4.795: [DefNew: 959K->64K(960K), 0.0012634 secs] 369827K->369207K(524224K), 0.0013033 secs] [Times: user=0.00 sys=0.00, real=0.00 secs] 
4.799: [GC (Allocation Failure) 4.800: [DefNew: 960K->63K(960K), 0.0020476 secs] 370118K->369568K(524224K), 0.0021033 secs] [Times: user=0.00 sys=0.00, real=0.00 secs] 
4.803: [GC (Allocation Failure) 4.803: [DefNew: 959K->63K(960K), 0.0013152 secs] 370499K->369853K(524224K), 0.0013373 secs] [Times: user=0.00 sys=0.00, real=0.00 secs] 
4.809: [GC (Allocation Failure) 4.809: [DefNew: 959K->63K(960K), 0.0018888 secs] 370769K->370313K(524224K), 0.0019524 secs] [Times: user=0.02 sys=0.00, real=0.00 secs] 
4.814: [GC (Allocation Failure) 4.814: [DefNew: 959K->64K(960K), 0.0017316 secs] 371229K->370671K(524224K), 0.0017805 secs] [Times: user=0.00 sys=0.00, real=0.00 secs] 
4.818: [GC (Allocation Failure) 4.818: [DefNew: 960K->64K(960K), 0.0013211 secs] 371604K->370955K(524224K), 0.0013428 secs] [Times: user=0.00 sys=0.00, real=0.00 secs] 
4.823: [GC (Allocation Failure) 4.823: [DefNew: 960K->63K(960K), 0.0014665 secs] 371879K->371279K(524224K), 0.0014977 secs] [Times: user=0.00 sys=0.00, real=0.00 secs] 
4.827: [GC (Allocation Failure) 4.827: [DefNew: 959K->63K(960K), 0.0016774 secs] 372204K->371584K(524224K), 0.0017201 secs] [Times: user=0.00 sys=0.00, real=0.00 secs] 
4.831: [GC (Allocation Failure) 4.831: [DefNew: 959K->63K(960K), 0.0012492 secs] 372516K->371868K(524224K), 0.0012713 secs] [Times: user=0.00 sys=0.00, real=0.00 secs] 
4.836: [GC (Allocation Failure) 4.836: [DefNew: 959K->63K(960K), 0.0015301 secs] 372801K->372153K(524224K), 0.0015680 secs] [Times: user=0.00 sys=0.00, real=0.00 secs] 
4.840: [GC (Allocation Failure) 4.840: [DefNew: 959K->64K(960K), 0.0016205 secs] 373073K->372466K(524224K), 0.0016679 secs] [Times: user=0.02 sys=0.00, real=0.00 secs] 
4.843: [GC (Allocation Failure) 4.843: [DefNew: 960K->63K(960K), 0.0013558 secs] 373387K->372774K(524224K), 0.0013946 secs] [Times: user=0.00 sys=0.00, real=0.00 secs] 
4.849: [GC (Allocation Failure) 4.849: [DefNew: 959K->63K(960K), 0.0012725 secs] 373697K->373082K(524224K), 0.0012962 secs] [Times: user=0.00 sys=0.00, real=0.00 secs] 
4.852: [GC (Allocation Failure) 4.852: [DefNew: 959K->63K(960K), 0.0011382 secs] 374019K->373356K(524224K), 0.0011552 secs] [Times: user=0.00 sys=0.00, real=0.00 secs] 
4.855: [GC (Allocation Failure) 4.855: [DefNew: 959K->64K(960K), 0.0014404 secs] 374278K->373665K(524224K), 0.0014795 secs] [Times: user=0.00 sys=0.00, real=0.00 secs] 
4.860: [GC (Allocation Failure) 4.860: [DefNew: 960K->63K(960K), 0.0024806 secs] 374579K->373996K(524224K), 0.0025402 secs] [Times: user=0.00 sys=0.00, real=0.00 secs] 
4.865: [GC (Allocation Failure) 4.865: [DefNew: 959K->64K(960K), 0.0020077 secs] 374905K->374346K(524224K), 0.0020389 secs] [Times: user=0.00 sys=0.00, real=0.00 secs] 
4.870: [GC (Allocation Failure) 4.870: [DefNew: 960K->63K(960K), 0.0014100 secs] 375272K->374651K(524224K), 0.0014499 secs] [Times: user=0.00 sys=0.00, real=0.00 secs] 
4.874: [GC (Allocation Failure) 4.874: [DefNew: 959K->64K(960K), 0.0017078 secs] 375572K->375074K(524224K), 0.0017742 secs] [Times: user=0.00 sys=0.00, real=0.00 secs] 
4.878: [GC (Allocation Failure) 4.878: [DefNew: 960K->63K(960K), 0.0014297 secs] 376003K->375369K(524224K), 0.0014562 secs] [Times: user=0.00 sys=0.00, real=0.00 secs] 
4.881: [GC (Allocation Failure) 4.881: [DefNew: 959K->63K(960K), 0.0010931 secs] 376304K->375653K(524224K), 0.0011145 secs] [Times: user=0.00 sys=0.00, real=0.00 secs] 
4.885: [GC (Allocation Failure) 4.885: [DefNew: 959K->64K(960K), 0.0013258 secs] 376569K->376003K(524224K), 0.0013645 secs] [Times: user=0.00 sys=0.00, real=0.00 secs] 
4.889: [GC (Allocation Failure) 4.889: [DefNew: 960K->63K(960K), 0.0016553 secs] 376925K->376310K(524224K), 0.0017071 secs] [Times: user=0.00 sys=0.00, real=0.00 secs] 
4.892: [GC (Allocation Failure) 4.892: [DefNew: 959K->63K(960K), 0.0016423 secs] 377237K->376610K(524224K), 0.0016719 secs] [Times: user=0.00 sys=0.00, real=0.00 secs] 
4.897: [GC (Allocation Failure) 4.897: [DefNew: 959K->63K(960K), 0.0046518 secs] 377536K->377043K(524224K), 0.0047324 secs] [Times: user=0.00 sys=0.00, real=0.00 secs] 
4.905: [GC (Allocation Failure) 4.905: [DefNew: 959K->63K(960K), 0.0072249 secs] 377949K->377866K(524224K), 0.0073308 secs] [Times: user=0.00 sys=0.00, real=0.01 secs] 
4.914: [GC (Allocation Failure) 4.915: [DefNew: 959K->63K(960K), 0.0085148 secs] 378771K->378680K(524224K), 0.0086021 secs] [Times: user=0.02 sys=0.00, real=0.01 secs] 
4.926: [GC (Allocation Failure) 4.926: [DefNew: 959K->64K(960K), 0.0018837 secs] 379598K->378966K(524224K), 0.0019081 secs] [Times: user=0.00 sys=0.00, real=0.00 secs] 
4.929: [GC (Allocation Failure) 4.929: [DefNew: 960K->63K(960K), 0.0013290 secs] 379885K->379253K(524224K), 0.0013681 secs] [Times: user=0.00 sys=0.00, real=0.00 secs] 
4.934: [GC (Allocation Failure) 4.934: [DefNew: 959K->64K(960K), 0.0013207 secs] 380166K->379563K(524224K), 0.0013594 secs] [Times: user=0.01 sys=0.00, real=0.00 secs] 
4.937: [GC (Allocation Failure) 4.937: [DefNew: 960K->63K(960K), 0.0013041 secs] 380481K->379877K(524224K), 0.0013436 secs] [Times: user=0.00 sys=0.00, real=0.00 secs] 
4.942: [GC (Allocation Failure) 4.942: [DefNew: 959K->63K(960K), 0.0013890 secs] 380794K->380225K(524224K), 0.0014222 secs] [Times: user=0.00 sys=0.00, real=0.00 secs] 
4.946: [GC (Allocation Failure) 4.946: [DefNew: 959K->63K(960K), 0.0013981 secs] 381155K->380524K(524224K), 0.0014368 secs] [Times: user=0.00 sys=0.00, real=0.00 secs] 
4.949: [GC (Allocation Failure) 4.949: [DefNew: 959K->64K(960K), 0.0014293 secs] 381442K->380857K(524224K), 0.0014744 secs] [Times: user=0.02 sys=0.00, real=0.00 secs] 
4.955: [GC (Allocation Failure) 4.955: [DefNew: 960K->64K(960K), 0.0016004 secs] 381765K->381246K(524224K), 0.0016292 secs] [Times: user=0.00 sys=0.00, real=0.00 secs] 
4.958: [GC (Allocation Failure) 4.958: [DefNew: 960K->64K(960K), 0.0013748 secs] 382176K->381548K(524224K), 0.0014167 secs] [Times: user=0.00 sys=0.00, real=0.00 secs] 
4.963: [GC (Allocation Failure) 4.963: [DefNew: 960K->63K(960K), 0.0013835 secs] 382462K->381897K(524224K), 0.0014191 secs] [Times: user=0.00 sys=0.00, real=0.00 secs] 
4.969: [GC (Allocation Failure) 4.969: [DefNew: 959K->63K(960K), 0.0021231 secs] 382821K->382234K(524224K), 0.0021827 secs] [Times: user=0.00 sys=0.00, real=0.00 secs] 
4.973: [GC (Allocation Failure) 4.973: [DefNew: 959K->63K(960K), 0.0021104 secs] 383152K->382548K(524224K), 0.0021424 secs] [Times: user=0.00 sys=0.00, real=0.00 secs] 
4.979: [GC (Allocation Failure) 4.979: [DefNew: 959K->63K(960K), 0.0021337 secs] 383465K->382900K(524224K), 0.0021697 secs] [Times: user=0.00 sys=0.00, real=0.00 secs] 
4.983: [GC (Allocation Failure) 4.983: [DefNew: 959K->63K(960K), 0.0016024 secs] 383821K->383257K(524224K), 0.0016498 secs] [Times: user=0.00 sys=0.00, real=0.00 secs] 
4.987: [GC (Allocation Failure) 4.987: [DefNew: 959K->63K(960K), 0.0013551 secs] 384183K->383560K(524224K), 0.0013772 secs] [Times: user=0.00 sys=0.00, real=0.00 secs] 
4.992: [GC (Allocation Failure) 4.992: [DefNew: 959K->63K(960K), 0.0013314 secs] 384482K->383867K(524224K), 0.0013574 secs] [Times: user=0.00 sys=0.00, real=0.00 secs] 
4.994: [GC (Allocation Failure) 4.994: [DefNew: 959K->64K(960K), 0.0012701 secs] 384797K->384155K(524224K), 0.0012918 secs] [Times: user=0.00 sys=0.00, real=0.00 secs] 
4.997: [GC (Allocation Failure) 4.997: [DefNew: 960K->63K(960K), 0.0013938 secs] 385072K->384473K(524224K), 0.0014333 secs] [Times: user=0.02 sys=0.00, real=0.00 secs] 
5.002: [GC (Allocation Failure) 5.002: [DefNew: 959K->64K(960K), 0.0015423 secs] 385399K->384772K(524224K), 0.0015743 secs] [Times: user=0.00 sys=0.00, real=0.00 secs] 
5.005: [GC (Allocation Failure) 5.005: [DefNew: 960K->63K(960K), 0.0013080 secs] 385707K->385055K(524224K), 0.0013310 secs] [Times: user=0.00 sys=0.00, real=0.00 secs] 
5.010: [GC (Allocation Failure) 5.010: [DefNew: 959K->64K(960K), 0.0013701 secs] 385977K->385382K(524224K), 0.0014096 secs] [Times: user=0.00 sys=0.00, real=0.00 secs] 
5.013: [GC (Allocation Failure) 5.013: [DefNew: 960K->63K(960K), 0.0019038 secs] 386300K->385725K(524224K), 0.0019603 secs] [Times: user=0.00 sys=0.00, real=0.00 secs] 
5.018: [GC (Allocation Failure) 5.018: [DefNew: 959K->64K(960K), 0.0015518 secs] 386647K->386042K(524224K), 0.0015870 secs] [Times: user=0.00 sys=0.00, real=0.00 secs] 
5.022: [GC (Allocation Failure) 5.022: [DefNew: 960K->63K(960K), 0.0019694 secs] 386960K->386510K(524224K), 0.0020192 secs] [Times: user=0.00 sys=0.00, real=0.00 secs] 
5.025: [GC (Allocation Failure) 5.025: [DefNew: 959K->64K(960K), 0.0016521 secs] 387434K->386816K(524224K), 0.0016913 secs] [Times: user=0.00 sys=0.00, real=0.00 secs] 
5.029: [GC (Allocation Failure) 5.029: [DefNew: 960K->64K(960K), 0.0014013 secs] 387739K->387120K(524224K), 0.0014420 secs] [Times: user=0.00 sys=0.00, real=0.00 secs] 
5.032: [GC (Allocation Failure) 5.032: [DefNew: 960K->63K(960K), 0.0017734 secs] 388049K->387435K(524224K), 0.0018169 secs] [Times: user=0.00 sys=0.00, real=0.00 secs] 
5.037: [GC (Allocation Failure) 5.037: [DefNew: 959K->63K(960K), 0.0012697 secs] 388364K->387729K(524224K), 0.0012926 secs] [Times: user=0.00 sys=0.00, real=0.00 secs] 
5.042: [GC (Allocation Failure) 5.042: [DefNew: 959K->63K(960K), 0.0012804 secs] 388653K->388030K(524224K), 0.0013073 secs] [Times: user=0.00 sys=0.00, real=0.00 secs] 
5.044: [GC (Allocation Failure) 5.044: [DefNew: 959K->63K(960K), 0.0012243 secs] 388963K->388317K(524224K), 0.0012464 secs] [Times: user=0.02 sys=0.00, real=0.00 secs] 
5.048: [GC (Allocation Failure) 5.048: [DefNew: 959K->63K(960K), 0.0012460 secs] 389246K->388606K(524224K), 0.0012681 secs] [Times: user=0.00 sys=0.00, real=0.00 secs] 
5.052: [GC (Allocation Failure) 5.052: [DefNew: 959K->64K(960K), 0.0012243 secs] 389533K->388901K(524224K), 0.0012448 secs] [Times: user=0.00 sys=0.00, real=0.00 secs] 
5.054: [GC (Allocation Failure) 5.054: [DefNew: 960K->64K(960K), 0.0012077 secs] 389837K->389180K(524224K), 0.0012290 secs] [Times: user=0.00 sys=0.00, real=0.00 secs] 
5.057: [GC (Allocation Failure) 5.057: [DefNew: 960K->63K(960K), 0.0011895 secs] 390112K->389467K(524224K), 0.0012136 secs] [Times: user=0.00 sys=0.00, real=0.00 secs] 
5.059: [GC (Allocation Failure) 5.059: [DefNew: 959K->64K(960K), 0.0011911 secs] 390394K->389763K(524224K), 0.0012089 secs] [Times: user=0.00 sys=0.00, real=0.00 secs] 
5.063: [GC (Allocation Failure) 5.063: [DefNew: 960K->64K(960K), 0.0013981 secs] 390686K->390077K(524224K), 0.0014325 secs] [Times: user=0.00 sys=0.00, real=0.00 secs] 
5.068: [GC (Allocation Failure) 5.068: [DefNew: 960K->63K(960K), 0.0014728 secs] 391003K->390376K(524224K), 0.0015036 secs] [Times: user=0.00 sys=0.00, real=0.00 secs] 
5.071: [GC (Allocation Failure) 5.071: [DefNew: 959K->63K(960K), 0.0014119 secs] 391294K->390710K(524224K), 0.0014396 secs] [Times: user=0.00 sys=0.00, real=0.00 secs] 
5.075: [GC (Allocation Failure) 5.075: [DefNew: 959K->63K(960K), 0.0017395 secs] 391621K->391085K(524224K), 0.0017707 secs] [Times: user=0.02 sys=0.00, real=0.00 secs] 
5.078: [GC (Allocation Failure) 5.078: [DefNew: 959K->63K(960K), 0.0014187 secs] 392013K->391384K(524224K), 0.0014605 secs] [Times: user=0.00 sys=0.00, real=0.00 secs] 
5.083: [GC (Allocation Failure) 5.083: [DefNew: 959K->64K(960K), 0.0013705 secs] 392299K->391712K(524224K), 0.0014021 secs] [Times: user=0.00 sys=0.00, real=0.00 secs] 
5.088: [GC (Allocation Failure) 5.088: [DefNew: 960K->63K(960K), 0.0014270 secs] 392635K->392019K(524224K), 0.0014661 secs] [Times: user=0.00 sys=0.00, real=0.00 secs] 
5.092: [GC (Allocation Failure) 5.092: [DefNew: 959K->64K(960K), 0.0012855 secs] 392940K->392335K(524224K), 0.0013242 secs] [Times: user=0.00 sys=0.00, real=0.00 secs] 
5.097: [GC (Allocation Failure) 5.097: [DefNew: 960K->63K(960K), 0.0014337 secs] 393244K->392712K(524224K), 0.0014791 secs] [Times: user=0.00 sys=0.00, real=0.00 secs] 
5.100: [GC (Allocation Failure) 5.100: [DefNew: 959K->64K(960K), 0.0013898 secs] 393635K->393015K(524224K), 0.0014641 secs] [Times: user=0.00 sys=0.00, real=0.00 secs] 
5.104: [GC (Allocation Failure) 5.104: [DefNew: 960K->63K(960K), 0.0014206 secs] 393937K->393325K(524224K), 0.0014609 secs] [Times: user=0.00 sys=0.00, real=0.00 secs] 
5.109: [GC (Allocation Failure) 5.109: [DefNew: 959K->64K(960K), 0.0019255 secs] 394237K->393690K(524224K), 0.0019714 secs] [Times: user=0.00 sys=0.00, real=0.00 secs] 
5.112: [GC (Allocation Failure) 5.112: [DefNew: 960K->64K(960K), 0.0014341 secs] 394610K->393998K(524224K), 0.0014601 secs] [Times: user=0.00 sys=0.00, real=0.00 secs] 
5.117: [GC (Allocation Failure) 5.117: [DefNew: 960K->63K(960K), 0.0013171 secs] 394921K->394314K(524224K), 0.0013570 secs] [Times: user=0.00 sys=0.00, real=0.00 secs] 
5.122: [GC (Allocation Failure) 5.122: [DefNew: 959K->63K(960K), 0.0017667 secs] 395239K->394628K(524224K), 0.0018331 secs] [Times: user=0.02 sys=0.00, real=0.00 secs] 
5.126: [GC (Allocation Failure) 5.126: [DefNew: 959K->63K(960K), 0.0012926 secs] 395552K->394932K(524224K), 0.0013219 secs] [Times: user=0.00 sys=0.00, real=0.00 secs] 
5.129: [GC (Allocation Failure) 5.129: [DefNew: 959K->63K(960K), 0.0013436 secs] 395859K->395224K(524224K), 0.0013847 secs] [Times: user=0.00 sys=0.00, real=0.00 secs] 
5.132: [GC (Allocation Failure) 5.132: [DefNew: 959K->64K(960K), 0.0013875 secs] 396146K->395533K(524224K), 0.0014274 secs] [Times: user=0.00 sys=0.00, real=0.00 secs] 
5.136: [GC (Allocation Failure) 5.136: [DefNew: 960K->64K(960K), 0.0014183 secs] 396449K->395856K(524224K), 0.0014578 secs] [Times: user=0.00 sys=0.00, real=0.00 secs] 
5.141: [GC (Allocation Failure) 5.141: [DefNew: 960K->63K(960K), 0.0014357 secs] 396779K->396168K(524224K), 0.0014728 secs] [Times: user=0.00 sys=0.00, real=0.00 secs] 
5.144: [GC (Allocation Failure) 5.144: [DefNew: 959K->64K(960K), 0.0015609 secs] 397085K->396492K(524224K), 0.0016020 secs] [Times: user=0.00 sys=0.00, real=0.00 secs] 
5.148: [GC (Allocation Failure) 5.148: [DefNew: 960K->63K(960K), 0.0013799 secs] 397419K->396794K(524224K), 0.0014060 secs] [Times: user=0.00 sys=0.00, real=0.00 secs] 
5.151: [GC (Allocation Failure) 5.152: [DefNew: 959K->63K(960K), 0.0011797 secs] 397731K->397076K(524224K), 0.0012010 secs] [Times: user=0.00 sys=0.00, real=0.00 secs] 
5.156: [GC (Allocation Failure) 5.156: [DefNew: 959K->63K(960K), 0.0016589 secs] 397993K->397411K(524224K), 0.0017098 secs] [Times: user=0.00 sys=0.00, real=0.00 secs] 
5.160: [GC (Allocation Failure) 5.160: [DefNew: 959K->63K(960K), 0.0013681 secs] 398333K->397716K(524224K), 0.0013918 secs] [Times: user=0.00 sys=0.00, real=0.00 secs] 
5.164: [GC (Allocation Failure) 5.164: [DefNew: 959K->64K(960K), 0.0013353 secs] 398645K->398013K(524224K), 0.0013756 secs] [Times: user=0.00 sys=0.00, real=0.00 secs] 
5.169: [GC (Allocation Failure) 5.169: [DefNew: 960K->64K(960K), 0.0016917 secs] 398933K->398367K(524224K), 0.0017497 secs] [Times: user=0.01 sys=0.00, real=0.00 secs] 
5.172: [GC (Allocation Failure) 5.172: [DefNew: 960K->63K(960K), 0.0023036 secs] 399286K->398710K(524224K), 0.0024012 secs] [Times: user=0.00 sys=0.00, real=0.00 secs] 
5.177: [GC (Allocation Failure) 5.177: [DefNew: 959K->63K(960K), 0.0014511 secs] 399630K->399028K(524224K), 0.0014850 secs] [Times: user=0.00 sys=0.00, real=0.00 secs] 
5.181: [GC (Allocation Failure) 5.181: [DefNew: 959K->64K(960K), 0.0019619 secs] 399948K->399359K(524224K), 0.0020002 secs] [Times: user=0.00 sys=0.00, real=0.00 secs] 
5.185: [GC (Allocation Failure) 5.185: [DefNew: 960K->64K(960K), 0.0014436 secs] 400274K->399689K(524224K), 0.0015170 secs] [Times: user=0.02 sys=0.00, real=0.00 secs] 
5.189: [GC (Allocation Failure) 5.189: [DefNew: 960K->64K(960K), 0.0015949 secs] 400612K->399996K(524224K), 0.0016233 secs] [Times: user=0.00 sys=0.00, real=0.00 secs] 
5.192: [GC (Allocation Failure) 5.192: [DefNew: 960K->64K(960K), 0.0014214 secs] 400909K->400355K(524224K), 0.0014443 secs] [Times: user=0.00 sys=0.00, real=0.00 secs] 
5.197: [GC (Allocation Failure) 5.197: [DefNew: 960K->63K(960K), 0.0013128 secs] 401288K->400645K(524224K), 0.0013381 secs] [Times: user=0.00 sys=0.00, real=0.00 secs] 
5.202: [GC (Allocation Failure) 5.202: [DefNew: 959K->64K(960K), 0.0013171 secs] 401558K->400989K(524224K), 0.0013507 secs] [Times: user=0.00 sys=0.00, real=0.00 secs] 
5.205: [GC (Allocation Failure) 5.205: [DefNew: 960K->63K(960K), 0.0013001 secs] 401921K->401272K(524224K), 0.0013634 secs] [Times: user=0.00 sys=0.00, real=0.00 secs] 
5.210: [GC (Allocation Failure) 5.211: [DefNew: 959K->63K(960K), 0.0016122 secs] 402189K->401602K(524224K), 0.0016529 secs] [Times: user=0.00 sys=0.00, real=0.00 secs] 
5.215: [GC (Allocation Failure) 5.215: [DefNew: 959K->63K(960K), 0.0013614 secs] 402522K->401914K(524224K), 0.0014001 secs] [Times: user=0.01 sys=0.00, real=0.00 secs] 
5.218: [GC (Allocation Failure) 5.219: [DefNew: 959K->64K(960K), 0.0013175 secs] 402840K->402224K(524224K), 0.0013586 secs] [Times: user=0.00 sys=0.00, real=0.00 secs] 
5.223: [GC (Allocation Failure) 5.223: [DefNew: 960K->64K(960K), 0.0014574 secs] 403144K->402542K(524224K), 0.0014827 secs] [Times: user=0.00 sys=0.00, real=0.00 secs] 
5.227: [GC (Allocation Failure) 5.227: [DefNew: 960K->63K(960K), 0.0013918 secs] 403465K->402850K(524224K), 0.0014313 secs] [Times: user=0.00 sys=0.00, real=0.00 secs] 
5.231: [GC (Allocation Failure) 5.231: [DefNew: 959K->64K(960K), 0.0013219 secs] 403767K->403164K(524224K), 0.0013602 secs] [Times: user=0.02 sys=0.00, real=0.00 secs] 
5.236: [GC (Allocation Failure) 5.236: [DefNew: 960K->63K(960K), 0.0019745 secs] 404077K->403533K(524224K), 0.0020117 secs] [Times: user=0.00 sys=0.00, real=0.00 secs] 
5.239: [GC (Allocation Failure) 5.239: [DefNew: 959K->63K(960K), 0.0017695 secs] 404460K->403834K(524224K), 0.0017987 secs] [Times: user=0.00 sys=0.00, real=0.00 secs] 
5.244: [GC (Allocation Failure) 5.244: [DefNew: 959K->64K(960K), 0.0013077 secs] 404755K->404143K(524224K), 0.0013479 secs] [Times: user=0.00 sys=0.00, real=0.00 secs] 
5.248: [GC (Allocation Failure) 5.248: [DefNew: 960K->63K(960K), 0.0023550 secs] 405056K->404499K(524224K), 0.0024312 secs] [Times: user=0.00 sys=0.00, real=0.00 secs] 
5.253: [GC (Allocation Failure) 5.253: [DefNew: 959K->64K(960K), 0.0012753 secs] 405428K->404792K(524224K), 0.0012978 secs] [Times: user=0.00 sys=0.00, real=0.00 secs] 
5.258: [GC (Allocation Failure) 5.258: [DefNew: 960K->64K(960K), 0.0013246 secs] 405716K->405102K(524224K), 0.0013634 secs] [Times: user=0.00 sys=0.00, real=0.00 secs] 
5.260: [GC (Allocation Failure) 5.260: [DefNew: 960K->63K(960K), 0.0013946 secs] 406034K->405387K(524224K), 0.0014187 secs] [Times: user=0.00 sys=0.00, real=0.00 secs] 
5.264: [GC (Allocation Failure) 5.264: [DefNew: 959K->63K(960K), 0.0013973 secs] 406309K->405701K(524224K), 0.0014357 secs] [Times: user=0.00 sys=0.00, real=0.00 secs] 
5.269: [GC (Allocation Failure) 5.269: [DefNew: 959K->63K(960K), 0.0020026 secs] 406624K->406012K(524224K), 0.0020701 secs] [Times: user=0.00 sys=0.00, real=0.00 secs] 
5.272: [GC (Allocation Failure) 5.272: [DefNew: 959K->63K(960K), 0.0011919 secs] 406948K->406292K(524224K), 0.0012164 secs] [Times: user=0.00 sys=0.00, real=0.00 secs] 
5.277: [GC (Allocation Failure) 5.277: [DefNew: 959K->63K(960K), 0.0012701 secs] 407218K->406609K(524224K), 0.0012966 secs] [Times: user=0.00 sys=0.00, real=0.00 secs] 
5.280: [GC (Allocation Failure) 5.280: [DefNew: 959K->63K(960K), 0.0013697 secs] 407533K->406915K(524224K), 0.0014100 secs] [Times: user=0.00 sys=0.00, real=0.00 secs] 
5.285: [GC (Allocation Failure) 5.285: [DefNew: 959K->63K(960K), 0.0013270 secs] 407836K->407236K(524224K), 0.0013657 secs] [Times: user=0.00 sys=0.00, real=0.00 secs] 
5.290: [GC (Allocation Failure) 5.290: [DefNew: 959K->63K(960K), 0.0016115 secs] 408151K->407593K(524224K), 0.0016810 secs] [Times: user=0.00 sys=0.00, real=0.00 secs] 
5.293: [GC (Allocation Failure) 5.293: [DefNew: 959K->64K(960K), 0.0013823 secs] 408518K->407911K(524224K), 0.0014052 secs] [Times: user=0.02 sys=0.00, real=0.00 secs] 
5.298: [GC (Allocation Failure) 5.298: [DefNew: 960K->63K(960K), 0.0012658 secs] 408836K->408211K(524224K), 0.0012899 secs] [Times: user=0.00 sys=0.00, real=0.00 secs] 
5.300: [GC (Allocation Failure) 5.300: [DefNew: 959K->64K(960K), 0.0012243 secs] 409144K->408492K(524224K), 0.0012452 secs] [Times: user=0.00 sys=0.00, real=0.00 secs] 
5.304: [GC (Allocation Failure) 5.304: [DefNew: 960K->63K(960K), 0.0066773 secs] 409398K->409290K(524224K), 0.0067777 secs] [Times: user=0.02 sys=0.00, real=0.01 secs] 
5.315: [GC (Allocation Failure) 5.315: [DefNew: 959K->64K(960K), 0.0068124 secs] 410195K->410111K(524224K), 0.0068816 secs] [Times: user=0.00 sys=0.00, real=0.01 secs] 
5.323: [GC (Allocation Failure) 5.323: [DefNew: 960K->64K(960K), 0.0025956 secs] 411025K->410429K(524224K), 0.0026276 secs] [Times: user=0.00 sys=0.02, real=0.00 secs] 
5.328: [GC (Allocation Failure) 5.328: [DefNew: 960K->63K(960K), 0.0014503 secs] 411343K->410750K(524224K), 0.0014910 secs] [Times: user=0.00 sys=0.00, real=0.00 secs] 
5.332: [GC (Allocation Failure) 5.332: [DefNew: 959K->64K(960K), 0.0021290 secs] 411666K->411088K(524224K), 0.0022230 secs] [Times: user=0.00 sys=0.00, real=0.00 secs] 
5.336: [GC (Allocation Failure) 5.336: [DefNew: 960K->63K(960K), 0.0013720 secs] 412010K->411387K(524224K), 0.0014096 secs] [Times: user=0.00 sys=0.00, real=0.00 secs] 
5.342: [GC (Allocation Failure) 5.342: [DefNew: 959K->63K(960K), 0.0022439 secs] 412303K->411720K(524224K), 0.0023016 secs] [Times: user=0.00 sys=0.00, real=0.00 secs] 
5.346: [GC (Allocation Failure) 5.346: [DefNew: 959K->64K(960K), 0.0012196 secs] 412648K->412012K(524224K), 0.0012429 secs] [Times: user=0.00 sys=0.00, real=0.00 secs] 
5.350: [GC (Allocation Failure) 5.350: [DefNew: 960K->64K(960K), 0.0011413 secs] 412942K->412303K(524224K), 0.0011583 secs] [Times: user=0.00 sys=0.00, real=0.00 secs] 
5.352: [GC (Allocation Failure) 5.352: [DefNew: 960K->63K(960K), 0.0013077 secs] 413225K->412606K(524224K), 0.0013468 secs] [Times: user=0.00 sys=0.00, real=0.00 secs] 
5.356: [GC (Allocation Failure) 5.356: [DefNew: 959K->63K(960K), 0.0016561 secs] 413520K->412935K(524224K), 0.0016980 secs] [Times: user=0.02 sys=0.00, real=0.00 secs] 
5.361: [GC (Allocation Failure) 5.361: [DefNew: 959K->63K(960K), 0.0020421 secs] 413854K->413248K(524224K), 0.0020760 secs] [Times: user=0.00 sys=0.00, real=0.00 secs] 
5.364: [GC (Allocation Failure) 5.364: [DefNew: 959K->64K(960K), 0.0012259 secs] 414178K->413542K(524224K), 0.0012488 secs] [Times: user=0.00 sys=0.00, real=0.00 secs] 
5.368: [GC (Allocation Failure) 5.368: [DefNew: 960K->64K(960K), 0.0041169 secs] 414473K->413933K(524224K), 0.0041912 secs] [Times: user=0.00 sys=0.00, real=0.00 secs] 
5.375: [GC (Allocation Failure) 5.375: [DefNew: 960K->64K(960K), 0.0073410 secs] 414835K->414763K(524224K), 0.0074572 secs] [Times: user=0.00 sys=0.00, real=0.01 secs] 
5.385: [GC (Allocation Failure) 5.385: [DefNew: 960K->63K(960K), 0.0069329 secs] 415661K->415617K(524224K), 0.0070076 secs] [Times: user=0.01 sys=0.00, real=0.01 secs] 
5.394: [GC (Allocation Failure) 5.394: [DefNew: 959K->64K(960K), 0.0019520 secs] 416523K->415917K(524224K), 0.0019785 secs] [Times: user=0.00 sys=0.00, real=0.00 secs] 
5.399: [GC (Allocation Failure) 5.399: [DefNew: 960K->63K(960K), 0.0013578 secs] 416820K->416238K(524224K), 0.0013973 secs] [Times: user=0.00 sys=0.00, real=0.00 secs] 
5.404: [GC (Allocation Failure) 5.404: [DefNew: 959K->63K(960K), 0.0014380 secs] 417148K->416552K(524224K), 0.0014767 secs] [Times: user=0.00 sys=0.00, real=0.00 secs] 
5.407: [GC (Allocation Failure) 5.407: [DefNew: 959K->63K(960K), 0.0017995 secs] 417460K->416876K(524224K), 0.0018698 secs] [Times: user=0.00 sys=0.00, real=0.00 secs] 
5.412: [GC (Allocation Failure) 5.412: [DefNew: 959K->64K(960K), 0.0013128 secs] 417792K->417176K(524224K), 0.0013377 secs] [Times: user=0.00 sys=0.00, real=0.00 secs] 
5.414: [GC (Allocation Failure) 5.414: [DefNew: 960K->63K(960K), 0.0012109 secs] 418099K->417450K(524224K), 0.0012322 secs] [Times: user=0.00 sys=0.00, real=0.00 secs] 
5.417: [GC (Allocation Failure) 5.417: [DefNew: 959K->63K(960K), 0.0013886 secs] 418365K->417776K(524224K), 0.0014281 secs] [Times: user=0.00 sys=0.00, real=0.00 secs] 
5.422: [GC (Allocation Failure) 5.422: [DefNew: 959K->64K(960K), 0.0015107 secs] 418688K->418119K(524224K), 0.0015447 secs] [Times: user=0.00 sys=0.00, real=0.00 secs] 
5.426: [GC (Allocation Failure) 5.426: [DefNew: 960K->63K(960K), 0.0018169 secs] 419031K->418478K(524224K), 0.0018528 secs] [Times: user=0.00 sys=0.00, real=0.00 secs] 
5.430: [GC (Allocation Failure) 5.430: [DefNew: 959K->64K(960K), 0.0014507 secs] 419393K->418802K(524224K), 0.0014914 secs] [Times: user=0.00 sys=0.00, real=0.00 secs] 
5.433: [GC (Allocation Failure) 5.433: [DefNew: 960K->63K(960K), 0.0014854 secs] 419723K->419109K(524224K), 0.0015463 secs] [Times: user=0.02 sys=0.00, real=0.00 secs] 
5.438: [GC (Allocation Failure) 5.438: [DefNew: 959K->64K(960K), 0.0014515 secs] 420019K->419456K(524224K), 0.0015166 secs] [Times: user=0.00 sys=0.00, real=0.00 secs] 
5.444: [GC (Allocation Failure) 5.444: [DefNew: 960K->63K(960K), 0.0012978 secs] 420378K->419762K(524224K), 0.0013231 secs] [Times: user=0.00 sys=0.00, real=0.00 secs] 
5.447: [GC (Allocation Failure) 5.447: [DefNew: 959K->64K(960K), 0.0011793 secs] 420689K->420058K(524224K), 0.0012014 secs] [Times: user=0.00 sys=0.00, real=0.00 secs] 
5.451: [GC (Allocation Failure) 5.451: [DefNew: 960K->64K(960K), 0.0013507 secs] 420970K->420408K(524224K), 0.0013918 secs] [Times: user=0.00 sys=0.00, real=0.00 secs] 
5.454: [GC (Allocation Failure) 5.454: [DefNew: 960K->63K(960K), 0.0014775 secs] 421328K->420722K(524224K), 0.0015360 secs] [Times: user=0.00 sys=0.00, real=0.00 secs] 
5.459: [GC (Allocation Failure) 5.459: [DefNew: 959K->64K(960K), 0.0013558 secs] 421646K->421035K(524224K), 0.0013831 secs] [Times: user=0.00 sys=0.00, real=0.00 secs] 
5.463: [GC (Allocation Failure) 5.463: [DefNew: 960K->63K(960K), 0.0013199 secs] 421967K->421330K(524224K), 0.0013578 secs] [Times: user=0.00 sys=0.00, real=0.00 secs] 
5.466: [GC (Allocation Failure) 5.466: [DefNew: 959K->63K(960K), 0.0016711 secs] 422256K->421647K(524224K), 0.0017533 secs] [Times: user=0.01 sys=0.00, real=0.00 secs] 
5.471: [GC (Allocation Failure) 5.471: [DefNew: 959K->63K(960K), 0.0015317 secs] 422564K->422013K(524224K), 0.0015791 secs] [Times: user=0.00 sys=0.00, real=0.00 secs] 
5.475: [GC (Allocation Failure) 5.475: [DefNew: 959K->63K(960K), 0.0014479 secs] 422935K->422314K(524224K), 0.0014870 secs] [Times: user=0.00 sys=0.00, real=0.00 secs] 
5.478: [GC (Allocation Failure) 5.478: [DefNew: 959K->63K(960K), 0.0015546 secs] 423232K->422644K(524224K), 0.0016198 secs] [Times: user=0.00 sys=0.00, real=0.00 secs] 
5.483: [GC (Allocation Failure) 5.483: [DefNew: 959K->64K(960K), 0.0021586 secs] 423566K->422946K(524224K), 0.0021930 secs] [Times: user=0.00 sys=0.00, real=0.00 secs] 
5.486: [GC (Allocation Failure) 5.486: [DefNew: 960K->63K(960K), 0.0016999 secs] 423863K->423271K(524224K), 0.0017343 secs] [Times: user=0.00 sys=0.00, real=0.00 secs] 
5.490: [GC (Allocation Failure) 5.490: [DefNew: 959K->63K(960K), 0.0015257 secs] 424185K->423598K(524224K), 0.0015751 secs] [Times: user=0.00 sys=0.00, real=0.00 secs] 
5.495: [GC (Allocation Failure) 5.495: [DefNew: 959K->63K(960K), 0.0013792 secs] 424517K->423925K(524224K), 0.0014195 secs] [Times: user=0.00 sys=0.00, real=0.00 secs] 
5.498: [GC (Allocation Failure) 5.498: [DefNew: 959K->64K(960K), 0.0014692 secs] 424842K->424251K(524224K), 0.0015123 secs] [Times: user=0.00 sys=0.00, real=0.00 secs] 
5.502: [GC (Allocation Failure) 5.502: [DefNew: 960K->63K(960K), 0.0014538 secs] 425169K->424569K(524224K), 0.0014953 secs] [Times: user=0.00 sys=0.00, real=0.00 secs] 
5.505: [GC (Allocation Failure) 5.505: [DefNew: 959K->63K(960K), 0.0016577 secs] 425488K->424927K(524224K), 0.0017011 secs] [Times: user=0.00 sys=0.00, real=0.00 secs] 
5.511: [GC (Allocation Failure) 5.511: [DefNew: 959K->63K(960K), 0.0015036 secs] 425847K->425246K(524224K), 0.0015771 secs] [Times: user=0.00 sys=0.00, real=0.00 secs] 
5.516: [GC (Allocation Failure) 5.516: [DefNew: 959K->63K(960K), 0.0013661 secs] 426172K->425547K(524224K), 0.0014076 secs] [Times: user=0.00 sys=0.00, real=0.00 secs] 
5.519: [GC (Allocation Failure) 5.519: [DefNew: 959K->64K(960K), 0.0013065 secs] 426464K->425872K(524224K), 0.0013468 secs] [Times: user=0.00 sys=0.00, real=0.00 secs] 
5.524: [GC (Allocation Failure) 5.524: [DefNew: 960K->63K(960K), 0.0013420 secs] 426787K->426215K(524224K), 0.0013673 secs] [Times: user=0.00 sys=0.00, real=0.00 secs] 
5.528: [GC (Allocation Failure) 5.528: [DefNew: 959K->63K(960K), 0.0014025 secs] 427147K->426502K(524224K), 0.0014258 secs] [Times: user=0.00 sys=0.00, real=0.00 secs] 
5.533: [GC (Allocation Failure) 5.533: [DefNew: 959K->64K(960K), 0.0016375 secs] 427414K->426903K(524224K), 0.0016715 secs] [Times: user=0.00 sys=0.00, real=0.00 secs] 
5.537: [GC (Allocation Failure) 5.537: [DefNew: 960K->64K(960K), 0.0015048 secs] 427834K->427193K(524224K), 0.0015514 secs] [Times: user=0.00 sys=0.00, real=0.00 secs] 
5.541: [GC (Allocation Failure) 5.541: [DefNew: 960K->64K(960K), 0.0019895 secs] 428108K->427560K(524224K), 0.0020294 secs] [Times: user=0.00 sys=0.00, real=0.00 secs] 
5.545: [GC (Allocation Failure) 5.545: [DefNew: 960K->63K(960K), 0.0016597 secs] 428475K->427982K(524224K), 0.0017237 secs] [Times: user=0.00 sys=0.00, real=0.00 secs] 
5.548: [GC (Allocation Failure) 5.548: [DefNew: 959K->64K(960K), 0.0017478 secs] 428896K->428332K(524224K), 0.0017790 secs] [Times: user=0.00 sys=0.00, real=0.00 secs] 
5.553: [GC (Allocation Failure) 5.553: [DefNew: 960K->63K(960K), 0.0014060 secs] 429254K->428643K(524224K), 0.0014451 secs] [Times: user=0.00 sys=0.00, real=0.00 secs] 
5.558: [GC (Allocation Failure) 5.558: [DefNew: 959K->63K(960K), 0.0013298 secs] 429563K->428952K(524224K), 0.0013681 secs] [Times: user=0.00 sys=0.00, real=0.00 secs] 
5.562: [GC (Allocation Failure) 5.562: [DefNew: 959K->64K(960K), 0.0024379 secs] 429871K->429300K(524224K), 0.0332796 secs] [Times: user=0.00 sys=0.00, real=0.03 secs] 
5.600: [GC (Allocation Failure) 5.600: [DefNew: 960K->63K(960K), 0.0017766 secs] 430216K->429666K(524224K), 0.0018643 secs] [Times: user=0.00 sys=0.00, real=0.00 secs] 
5.602: [GC (Allocation Failure) 5.602: [DefNew: 959K->64K(960K), 0.0013227 secs] 430589K->429969K(524224K), 0.0013436 secs] [Times: user=0.00 sys=0.00, real=0.00 secs] 
5.606: [GC (Allocation Failure) 5.606: [DefNew: 960K->63K(960K), 0.0015601 secs] 430882K->430299K(524224K), 0.0016036 secs] [Times: user=0.02 sys=0.00, real=0.00 secs] 
5.611: [GC (Allocation Failure) 5.611: [DefNew: 959K->63K(960K), 0.0014037 secs] 431215K->430657K(524224K), 0.0014503 secs] [Times: user=0.00 sys=0.00, real=0.00 secs] 
5.614: [GC (Allocation Failure) 5.614: [DefNew: 959K->63K(960K), 0.0012535 secs] 431585K->430959K(524224K), 0.0012753 secs] [Times: user=0.00 sys=0.00, real=0.00 secs] 
5.619: [GC (Allocation Failure) 5.619: [DefNew: 959K->63K(960K), 0.0014080 secs] 431873K->431314K(524224K), 0.0014483 secs] [Times: user=0.00 sys=0.00, real=0.00 secs] 
5.623: [GC (Allocation Failure) 5.623: [DefNew: 959K->63K(960K), 0.0020085 secs] 432232K->431656K(524224K), 0.0020559 secs] [Times: user=0.00 sys=0.00, real=0.00 secs] 
5.627: [GC (Allocation Failure) 5.627: [DefNew: 959K->63K(960K), 0.0014021 secs] 432579K->431962K(524224K), 0.0014274 secs] [Times: user=0.00 sys=0.00, real=0.00 secs] 
5.632: [GC (Allocation Failure) 5.632: [DefNew: 959K->63K(960K), 0.0013634 secs] 432889K->432268K(524224K), 0.0014060 secs] [Times: user=0.00 sys=0.00, real=0.00 secs] 
5.635: [GC (Allocation Failure) 5.635: [DefNew: 959K->63K(960K), 0.0013867 secs] 433187K->432585K(524224K), 0.0014274 secs] [Times: user=0.00 sys=0.00, real=0.00 secs] 
5.640: [GC (Allocation Failure) 5.640: [DefNew: 959K->63K(960K), 0.0014609 secs] 433495K->432950K(524224K), 0.0014945 secs] [Times: user=0.00 sys=0.00, real=0.00 secs] 
5.643: [GC (Allocation Failure) 5.643: [DefNew: 959K->64K(960K), 0.0014183 secs] 433872K->433264K(524224K), 0.0014404 secs] [Times: user=0.00 sys=0.00, real=0.00 secs] 
5.648: [GC (Allocation Failure) 5.648: [DefNew: 960K->63K(960K), 0.0019674 secs] 434172K->433632K(524224K), 0.0020168 secs] [Times: user=0.00 sys=0.00, real=0.00 secs] 
5.654: [GC (Allocation Failure) 5.654: [DefNew: 959K->64K(960K), 0.0014756 secs] 434550K->433965K(524224K), 0.0015158 secs] [Times: user=0.00 sys=0.00, real=0.00 secs] 
5.657: [GC (Allocation Failure) 5.658: [DefNew: 960K->64K(960K), 0.0016518 secs] 434882K->434317K(524224K), 0.0017146 secs] [Times: user=0.00 sys=0.00, real=0.00 secs] 
5.662: [GC (Allocation Failure) 5.662: [DefNew: 960K->63K(960K), 0.0013622 secs] 435243K->434622K(524224K), 0.0013859 secs] [Times: user=0.00 sys=0.00, real=0.00 secs] 
5.665: [GC (Allocation Failure) 5.665: [DefNew: 959K->64K(960K), 0.0012010 secs] 435554K->434910K(524224K), 0.0012219 secs] [Times: user=0.00 sys=0.00, real=0.00 secs] 
5.668: [GC (Allocation Failure) 5.668: [DefNew: 960K->63K(960K), 0.0013519 secs] 435829K->435235K(524224K), 0.0013938 secs] [Times: user=0.02 sys=0.00, real=0.00 secs] 
5.673: [GC (Allocation Failure) 5.673: [DefNew: 959K->64K(960K), 0.0015384 secs] 436155K->435578K(524224K), 0.0015672 secs] [Times: user=0.00 sys=0.00, real=0.00 secs] 
5.676: [GC (Allocation Failure) 5.676: [DefNew: 960K->63K(960K), 0.0013634 secs] 436501K->435889K(524224K), 0.0013859 secs] [Times: user=0.00 sys=0.00, real=0.00 secs] 
5.681: [GC (Allocation Failure) 5.681: [DefNew: 959K->64K(960K), 0.0012764 secs] 436817K->436187K(524224K), 0.0012982 secs] [Times: user=0.00 sys=0.00, real=0.00 secs] 
5.686: [GC (Allocation Failure) 5.686: [DefNew: 960K->64K(960K), 0.0014613 secs] 437109K->436505K(524224K), 0.0015079 secs] [Times: user=0.00 sys=0.00, real=0.00 secs] 
5.689: [GC (Allocation Failure) 5.689: [DefNew: 960K->63K(960K), 0.0012559 secs] 437433K->436805K(524224K), 0.0012784 secs] [Times: user=0.00 sys=0.00, real=0.00 secs] 
5.694: [GC (Allocation Failure) 5.694: [DefNew: 959K->63K(960K), 0.0012113 secs] 437728K->437115K(524224K), 0.0012334 secs] [Times: user=0.00 sys=0.00, real=0.00 secs] 
5.696: [GC (Allocation Failure) 5.696: [DefNew: 959K->64K(960K), 0.0012156 secs] 438045K->437409K(524224K), 0.0012358 secs] [Times: user=0.00 sys=0.00, real=0.00 secs] 
5.700: [GC (Allocation Failure) 5.700: [DefNew: 960K->63K(960K), 0.0013061 secs] 438333K->437710K(524224K), 0.0013282 secs] [Times: user=0.02 sys=0.00, real=0.00 secs] 
5.703: [GC (Allocation Failure) 5.703: [DefNew: 959K->63K(960K), 0.0015182 secs] 438638K->438001K(524224K), 0.0015439 secs] [Times: user=0.00 sys=0.00, real=0.00 secs] 
5.707: [GC (Allocation Failure) 5.707: [DefNew: 959K->63K(960K), 0.0019978 secs] 438913K->438375K(524224K), 0.0020365 secs] [Times: user=0.00 sys=0.00, real=0.00 secs] 
5.713: [GC (Allocation Failure) 5.713: [DefNew: 959K->63K(960K), 0.0014163 secs] 439294K->438686K(524224K), 0.0014424 secs] [Times: user=0.00 sys=0.00, real=0.00 secs] 
5.716: [GC (Allocation Failure) 5.716: [DefNew: 959K->63K(960K), 0.0018082 secs] 439605K->439027K(524224K), 0.0018532 secs] [Times: user=0.00 sys=0.00, real=0.00 secs] 
5.722: [GC (Allocation Failure) 5.722: [DefNew: 959K->63K(960K), 0.0049430 secs] 439947K->439502K(524224K), 0.0050311 secs] [Times: user=0.00 sys=0.00, real=0.01 secs] 
5.731: [GC (Allocation Failure) 5.731: [DefNew: 959K->63K(960K), 0.0065367 secs] 440403K->440322K(524224K), 0.0066110 secs] [Times: user=0.02 sys=0.00, real=0.01 secs] 
5.739: [GC (Allocation Failure) 5.739: [DefNew: 959K->64K(960K), 0.0025209 secs] 441236K->440593K(524224K), 0.0025505 secs] [Times: user=0.00 sys=0.00, real=0.00 secs] 
5.745: [GC (Allocation Failure) 5.745: [DefNew: 960K->63K(960K), 0.0013764 secs] 441503K->440926K(524224K), 0.0014159 secs] [Times: user=0.00 sys=0.00, real=0.00 secs] 
5.748: [GC (Allocation Failure) 5.748: [DefNew: 959K->63K(960K), 0.0018149 secs] 441836K->441245K(524224K), 0.0018588 secs] [Times: user=0.00 sys=0.00, real=0.00 secs] 
5.753: [GC (Allocation Failure) 5.753: [DefNew: 959K->63K(960K), 0.0017481 secs] 442164K->441542K(524224K), 0.0017730 secs] [Times: user=0.00 sys=0.00, real=0.00 secs] 
5.757: [GC (Allocation Failure) 5.757: [DefNew: 959K->63K(960K), 0.0013558 secs] 442474K->441834K(524224K), 0.0013981 secs] [Times: user=0.00 sys=0.00, real=0.00 secs] 
5.760: [GC (Allocation Failure) 5.760: [DefNew: 959K->64K(960K), 0.0016612 secs] 442751K->442181K(524224K), 0.0017110 secs] [Times: user=0.00 sys=0.00, real=0.00 secs] 
5.766: [GC (Allocation Failure) 5.766: [DefNew: 960K->63K(960K), 0.0018544 secs] 443092K->442538K(524224K), 0.0018923 secs] [Times: user=0.00 sys=0.00, real=0.00 secs] 
5.770: [GC (Allocation Failure) 5.770: [DefNew: 959K->63K(960K), 0.0015640 secs] 443455K->442866K(524224K), 0.0016043 secs] [Times: user=0.00 sys=0.00, real=0.00 secs] 
5.774: [GC (Allocation Failure) 5.774: [DefNew: 959K->63K(960K), 0.0017557 secs] 443780K->443187K(524224K), 0.0018347 secs] [Times: user=0.00 sys=0.00, real=0.00 secs] 
5.779: [GC (Allocation Failure) 5.779: [DefNew: 959K->63K(960K), 0.0013898 secs] 444106K->443501K(524224K), 0.0014333 secs] [Times: user=0.00 sys=0.00, real=0.00 secs] 
5.782: [GC (Allocation Failure) 5.782: [DefNew: 959K->63K(960K), 0.0014586 secs] 444423K->443818K(524224K), 0.0015028 secs] [Times: user=0.00 sys=0.00, real=0.00 secs] 
5.787: [GC (Allocation Failure) 5.787: [DefNew: 959K->64K(960K), 0.0013432 secs] 444732K->444144K(524224K), 0.0013657 secs] [Times: user=0.00 sys=0.00, real=0.00 secs] 
5.790: [GC (Allocation Failure) 5.790: [DefNew: 960K->64K(960K), 0.0013918 secs] 445078K->444427K(524224K), 0.0014191 secs] [Times: user=0.00 sys=0.00, real=0.00 secs] 
5.795: [GC (Allocation Failure) 5.795: [DefNew: 960K->63K(960K), 0.0014198 secs] 445345K->444754K(524224K), 0.0014578 secs] [Times: user=0.00 sys=0.00, real=0.00 secs] 
5.800: [GC (Allocation Failure) 5.800: [DefNew: 959K->63K(960K), 0.0022700 secs] 445669K->445118K(524224K), 0.0023218 secs] [Times: user=0.00 sys=0.00, real=0.00 secs] 
5.804: [GC (Allocation Failure) 5.804: [DefNew: 959K->63K(960K), 0.0012918 secs] 446047K->445417K(524224K), 0.0013140 secs] [Times: user=0.00 sys=0.00, real=0.00 secs] 
5.807: [GC (Allocation Failure) 5.807: [DefNew: 959K->63K(960K), 0.0012674 secs] 446346K->445702K(524224K), 0.0012907 secs] [Times: user=0.00 sys=0.00, real=0.00 secs] 
5.809: [GC (Allocation Failure) 5.809: [DefNew: 959K->64K(960K), 0.0011836 secs] 446633K->445996K(524224K), 0.0012053 secs] [Times: user=0.00 sys=0.00, real=0.00 secs] 
5.812: [GC (Allocation Failure) 5.812: [DefNew: 960K->63K(960K), 0.0017402 secs] 446908K->446367K(524224K), 0.0017877 secs] [Times: user=0.00 sys=0.00, real=0.00 secs] 
5.818: [GC (Allocation Failure) 5.818: [DefNew: 959K->63K(960K), 0.0014823 secs] 447290K->446673K(524224K), 0.0015245 secs] [Times: user=0.00 sys=0.00, real=0.00 secs] 
5.821: [GC (Allocation Failure) 5.821: [DefNew: 959K->64K(960K), 0.0013989 secs] 447595K->446977K(524224K), 0.0014278 secs] [Times: user=0.00 sys=0.00, real=0.00 secs] 
5.825: [GC (Allocation Failure) 5.825: [DefNew: 960K->63K(960K), 0.0017659 secs] 447893K->447344K(524224K), 0.0018110 secs] [Times: user=0.02 sys=0.00, real=0.00 secs] 
5.830: [GC (Allocation Failure) 5.830: [DefNew: 959K->64K(960K), 0.0014933 secs] 448264K->447662K(524224K), 0.0015380 secs] [Times: user=0.00 sys=0.00, real=0.00 secs] 
5.833: [GC (Allocation Failure) 5.833: [DefNew: 960K->63K(960K), 0.0015490 secs] 448587K->447997K(524224K), 0.0015925 secs] [Times: user=0.00 sys=0.00, real=0.00 secs] 
5.837: [GC (Allocation Failure) 5.837: [DefNew: 959K->63K(960K), 0.0014838 secs] 448919K->448307K(524224K), 0.0015249 secs] [Times: user=0.00 sys=0.00, real=0.00 secs] 
5.841: [GC (Allocation Failure) 5.841: [DefNew: 959K->63K(960K), 0.0016790 secs] 449226K->448726K(524224K), 0.0017379 secs] [Times: user=0.01 sys=0.00, real=0.00 secs] 
5.846: [GC (Allocation Failure) 5.846: [DefNew: 959K->63K(960K), 0.0015684 secs] 449647K->449045K(524224K), 0.0016095 secs] [Times: user=0.00 sys=0.00, real=0.00 secs] 
5.850: [GC (Allocation Failure) 5.850: [DefNew: 959K->64K(960K), 0.0013456 secs] 449969K->449367K(524224K), 0.0013697 secs] [Times: user=0.00 sys=0.00, real=0.00 secs] 
5.853: [GC (Allocation Failure) 5.853: [DefNew: 960K->63K(960K), 0.0013582 secs] 450289K->449674K(524224K), 0.0013977 secs] [Times: user=0.00 sys=0.00, real=0.00 secs] 
5.858: [GC (Allocation Failure) 5.858: [DefNew: 959K->63K(960K), 0.0025643 secs] 450592K->450039K(524224K), 0.0026710 secs] [Times: user=0.00 sys=0.00, real=0.00 secs] 
5.862: [GC (Allocation Failure) 5.862: [DefNew: 959K->63K(960K), 0.0014341 secs] 450961K->450347K(524224K), 0.0014586 secs] [Times: user=0.00 sys=0.00, real=0.00 secs] 
5.865: [GC (Allocation Failure) 5.865: [DefNew: 959K->64K(960K), 0.0013863 secs] 451270K->450655K(524224K), 0.0014266 secs] [Times: user=0.00 sys=0.00, real=0.00 secs] 
5.870: [GC (Allocation Failure) 5.870: [DefNew: 960K->63K(960K), 0.0013997 secs] 451574K->450983K(524224K), 0.0014412 secs] [Times: user=0.00 sys=0.00, real=0.00 secs] 
5.873: [GC (Allocation Failure) 5.873: [DefNew: 959K->63K(960K), 0.0015581 secs] 451897K->451307K(524224K), 0.0016024 secs] [Times: user=0.00 sys=0.00, real=0.00 secs] 
5.878: [GC (Allocation Failure) 5.878: [DefNew: 959K->63K(960K), 0.0018706 secs] 452215K->451714K(524224K), 0.0019078 secs] [Times: user=0.00 sys=0.00, real=0.00 secs] 
5.881: [GC (Allocation Failure) 5.881: [DefNew: 959K->64K(960K), 0.0017936 secs] 452625K->452071K(524224K), 0.0018276 secs] [Times: user=0.00 sys=0.00, real=0.00 secs] 
5.886: [GC (Allocation Failure) 5.886: [DefNew: 960K->64K(960K), 0.0016636 secs] 452988K->452450K(524224K), 0.0017067 secs] [Times: user=0.00 sys=0.00, real=0.00 secs] 
5.890: [GC (Allocation Failure) 5.890: [DefNew: 960K->64K(960K), 0.0017695 secs] 453368K->452763K(524224K), 0.0018145 secs] [Times: user=0.00 sys=0.00, real=0.00 secs] 
5.893: [GC (Allocation Failure) 5.893: [DefNew: 960K->63K(960K), 0.0016395 secs] 453682K->453089K(524224K), 0.0016834 secs] [Times: user=0.00 sys=0.00, real=0.00 secs] 
5.897: [GC (Allocation Failure) 5.897: [DefNew: 959K->63K(960K), 0.0014420 secs] 454004K->453421K(524224K), 0.0014700 secs] [Times: user=0.00 sys=0.00, real=0.00 secs] 
5.901: [GC (Allocation Failure) 5.901: [DefNew: 959K->64K(960K), 0.0015621 secs] 454345K->453729K(524224K), 0.0016028 secs] [Times: user=0.00 sys=0.00, real=0.00 secs] 
5.906: [GC (Allocation Failure) 5.906: [DefNew: 960K->63K(960K), 0.0015834 secs] 454641K->454090K(524224K), 0.0016229 secs] [Times: user=0.00 sys=0.00, real=0.00 secs] 
5.911: [GC (Allocation Failure) 5.911: [DefNew: 959K->63K(960K), 0.0013527 secs] 455007K->454406K(524224K), 0.0013799 secs] [Times: user=0.00 sys=0.00, real=0.00 secs] 
5.915: [GC (Allocation Failure) 5.915: [DefNew: 959K->63K(960K), 0.0013740 secs] 455328K->454710K(524224K), 0.0014127 secs] [Times: user=0.00 sys=0.00, real=0.00 secs] 
5.920: [GC (Allocation Failure) 5.920: [DefNew: 959K->63K(960K), 0.0020970 secs] 455626K->455083K(524224K), 0.0021685 secs] [Times: user=0.00 sys=0.00, real=0.00 secs] 
5.924: [GC (Allocation Failure) 5.924: [DefNew: 959K->63K(960K), 0.0015004 secs] 456010K->455382K(524224K), 0.0015261 secs] [Times: user=0.00 sys=0.00, real=0.00 secs] 
5.929: [GC (Allocation Failure) 5.929: [DefNew: 959K->63K(960K), 0.0014436 secs] 456297K->455714K(524224K), 0.0014835 secs] [Times: user=0.00 sys=0.00, real=0.00 secs] 
5.933: [GC (Allocation Failure) 5.934: [DefNew: 959K->64K(960K), 0.0019405 secs] 456636K->456022K(524224K), 0.0019872 secs] [Times: user=0.02 sys=0.00, real=0.00 secs] 
5.936: [GC (Allocation Failure) 5.936: [DefNew: 960K->63K(960K), 0.0014068 secs] 456942K->456351K(524224K), 0.0014329 secs] [Times: user=0.00 sys=0.00, real=0.00 secs] 
5.941: [GC (Allocation Failure) 5.942: [DefNew: 959K->63K(960K), 0.0019050 secs] 457267K->456779K(524224K), 0.0019729 secs] [Times: user=0.00 sys=0.00, real=0.00 secs] 
5.945: [GC (Allocation Failure) 5.945: [DefNew: 959K->63K(960K), 0.0015478 secs] 457696K->457114K(524224K), 0.0015905 secs] [Times: user=0.00 sys=0.00, real=0.00 secs] 
5.949: [GC (Allocation Failure) 5.949: [DefNew: 959K->63K(960K), 0.0015107 secs] 458026K->457464K(524224K), 0.0015514 secs] [Times: user=0.00 sys=0.00, real=0.00 secs] 
5.953: [GC (Allocation Failure) 5.953: [DefNew: 959K->64K(960K), 0.0014621 secs] 458382K->457802K(524224K), 0.0014969 secs] [Times: user=0.00 sys=0.00, real=0.00 secs] 
5.955: [GC (Allocation Failure) 5.955: [DefNew: 960K->64K(960K), 0.0012689 secs] 458727K->458108K(524224K), 0.0012907 secs] [Times: user=0.00 sys=0.00, real=0.00 secs] 
5.959: [GC (Allocation Failure) 5.959: [DefNew: 960K->64K(960K), 0.0012998 secs] 459031K->458423K(524224K), 0.0013286 secs] [Times: user=0.00 sys=0.00, real=0.00 secs] 
5.961: [GC (Allocation Failure) 5.961: [DefNew: 960K->64K(960K), 0.0012942 secs] 459350K->458722K(524224K), 0.0013167 secs] [Times: user=0.00 sys=0.00, real=0.00 secs] 
5.965: [GC (Allocation Failure) 5.965: [DefNew: 960K->64K(960K), 0.0014680 secs] 459633K->459063K(524224K), 0.0015103 secs] [Times: user=0.01 sys=0.00, real=0.00 secs] 
5.970: [GC (Allocation Failure) 5.970: [DefNew: 960K->63K(960K), 0.0014404 secs] 459978K->459381K(524224K), 0.0014803 secs] [Times: user=0.00 sys=0.00, real=0.00 secs] 
5.974: [GC (Allocation Failure) 5.974: [DefNew: 959K->64K(960K), 0.0015913 secs] 460295K->459727K(524224K), 0.0016407 secs] [Times: user=0.00 sys=0.00, real=0.00 secs] 
5.979: [GC (Allocation Failure) 5.979: [DefNew: 960K->63K(960K), 0.0013792 secs] 460645K->460051K(524224K), 0.0014179 secs] [Times: user=0.00 sys=0.00, real=0.00 secs] 
5.982: [GC (Allocation Failure) 5.983: [DefNew: 959K->64K(960K), 0.0025280 secs] 460974K->460372K(524224K), 0.0025703 secs] [Times: user=0.00 sys=0.00, real=0.00 secs] 
5.988: [GC (Allocation Failure) 5.988: [DefNew: 960K->63K(960K), 0.0015688 secs] 461292K->460706K(524224K), 0.0016036 secs] [Times: user=0.00 sys=0.00, real=0.00 secs] 
5.994: [GC (Allocation Failure) 5.994: [DefNew: 959K->63K(960K), 0.0017537 secs] 461618K->461053K(524224K), 0.0017928 secs] [Times: user=0.00 sys=0.00, real=0.00 secs] 
5.998: [GC (Allocation Failure) 5.998: [DefNew: 959K->63K(960K), 0.0017474 secs] 461973K->461409K(524224K), 0.0017904 secs] [Times: user=0.00 sys=0.00, real=0.00 secs] 
6.002: [GC (Allocation Failure) 6.002: [DefNew: 959K->63K(960K), 0.0047862 secs] 462330K->461828K(524224K), 0.0048632 secs] [Times: user=0.00 sys=0.00, real=0.00 secs] 
6.011: [GC (Allocation Failure) 6.011: [DefNew: 959K->64K(960K), 0.0053294 secs] 462728K->462669K(524224K), 0.0053993 secs] [Times: user=0.02 sys=0.00, real=0.01 secs] 
6.019: [GC (Allocation Failure) 6.019: [DefNew: 960K->63K(960K), 0.0018750 secs] 463581K->462953K(524224K), 0.0018975 secs] [Times: user=0.00 sys=0.00, real=0.00 secs] 
6.024: [GC (Allocation Failure) 6.024: [DefNew: 959K->64K(960K), 0.0013282 secs] 463869K->463241K(524224K), 0.0013558 secs] [Times: user=0.00 sys=0.00, real=0.00 secs] 
6.026: [GC (Allocation Failure) 6.026: [DefNew: 960K->63K(960K), 0.0012531 secs] 464155K->463551K(524224K), 0.0012753 secs] [Times: user=0.00 sys=0.00, real=0.00 secs] 
6.030: [GC (Allocation Failure) 6.030: [DefNew: 959K->63K(960K), 0.0013772 secs] 464463K->463874K(524224K), 0.0014171 secs] [Times: user=0.00 sys=0.00, real=0.00 secs] 
6.033: [GC (Allocation Failure) 6.033: [DefNew: 959K->63K(960K), 0.0013871 secs] 464784K->464190K(524224K), 0.0014116 secs] [Times: user=0.00 sys=0.00, real=0.00 secs] 
6.037: [GC (Allocation Failure) 6.037: [DefNew: 959K->63K(960K), 0.0013685 secs] 465112K->464490K(524224K), 0.0014072 secs] [Times: user=0.00 sys=0.00, real=0.00 secs] 
6.042: [GC (Allocation Failure) 6.042: [DefNew: 959K->63K(960K), 0.0014969 secs] 465404K->464844K(524224K), 0.0015613 secs] [Times: user=0.00 sys=0.00, real=0.00 secs] 
6.045: [GC (Allocation Failure) 6.045: [DefNew: 959K->63K(960K), 0.0025367 secs] 465758K->465206K(524224K), 0.0026133 secs] [Times: user=0.00 sys=0.00, real=0.00 secs] 
6.076: [GC (Allocation Failure) 6.076: [DefNew: 959K->63K(960K), 0.0208458 secs] 474325K->473712K(524224K), 0.0208944 secs] [Times: user=0.02 sys=0.00, real=0.02 secs] 
6.098: [GC (Allocation Failure) 6.098: [DefNew: 959K->63K(960K), 0.0019820 secs] 474632K->474022K(524224K), 0.0020326 secs] [Times: user=0.00 sys=0.00, real=0.00 secs] 
6.102: [GC (Allocation Failure) 6.102: [DefNew: 959K->63K(960K), 0.0013491 secs] 474945K->474342K(524224K), 0.0013882 secs] [Times: user=0.00 sys=0.00, real=0.00 secs] 
6.107: [GC (Allocation Failure) 6.107: [DefNew: 959K->64K(960K), 0.0016277 secs] 475270K->474630K(524224K), 0.0016782 secs] [Times: user=0.00 sys=0.00, real=0.00 secs] 
6.110: [GC (Allocation Failure) 6.110: [DefNew: 960K->63K(960K), 0.0016304 secs] 475550K->474937K(524224K), 0.0016889 secs] [Times: user=0.00 sys=0.00, real=0.00 secs] 
6.116: [GC (Allocation Failure) 6.116: [DefNew: 959K->64K(960K), 0.0012358 secs] 475868K->475226K(524224K), 0.0012741 secs] [Times: user=0.00 sys=0.00, real=0.00 secs] 
6.118: [GC (Allocation Failure) 6.118: [DefNew: 960K->63K(960K), 0.0011093 secs] 476165K->475498K(524224K), 0.0011311 secs] [Times: user=0.00 sys=0.00, real=0.00 secs] 
6.121: [GC (Allocation Failure) 6.121: [DefNew: 959K->63K(960K), 0.0013061 secs] 476424K->475801K(524224K), 0.0013464 secs] [Times: user=0.00 sys=0.00, real=0.00 secs] 
6.126: [GC (Allocation Failure) 6.126: [DefNew: 959K->63K(960K), 0.0013412 secs] 476723K->476106K(524224K), 0.0013815 secs] [Times: user=0.00 sys=0.00, real=0.00 secs] 
6.129: [GC (Allocation Failure) 6.129: [DefNew: 959K->63K(960K), 0.0013950 secs] 477025K->476421K(524224K), 0.0014432 secs] [Times: user=0.00 sys=0.00, real=0.00 secs] 
6.134: [GC (Allocation Failure) 6.134: [DefNew: 959K->63K(960K), 0.0011204 secs] 477355K->476701K(524224K), 0.0011429 secs] [Times: user=0.00 sys=0.00, real=0.00 secs] 
6.138: [GC (Allocation Failure) 6.138: [DefNew: 959K->63K(960K), 0.0017055 secs] 477632K->476995K(524224K), 0.0018058 secs] [Times: user=0.00 sys=0.00, real=0.00 secs] 
6.141: [GC (Allocation Failure) 6.141: [DefNew: 959K->63K(960K), 0.0012460 secs] 477929K->477274K(524224K), 0.0012693 secs] [Times: user=0.00 sys=0.00, real=0.00 secs] 
6.146: [GC (Allocation Failure) 6.146: [DefNew: 959K->64K(960K), 0.0014108 secs] 478199K->477576K(524224K), 0.0014554 secs] [Times: user=0.00 sys=0.00, real=0.00 secs] 
6.150: [GC (Allocation Failure) 6.150: [DefNew: 960K->63K(960K), 0.0012583 secs] 478502K->477879K(524224K), 0.0012982 secs] [Times: user=0.00 sys=0.00, real=0.00 secs] 
6.154: [GC (Allocation Failure) 6.154: [DefNew: 959K->63K(960K), 0.0013420 secs] 478802K->478180K(524224K), 0.0013815 secs] [Times: user=0.00 sys=0.00, real=0.00 secs] 
6.159: [GC (Allocation Failure) 6.159: [DefNew: 959K->63K(960K), 0.0014921 secs] 479097K->478500K(524224K), 0.0015447 secs] [Times: user=0.00 sys=0.00, real=0.00 secs] 
6.162: [GC (Allocation Failure) 6.162: [DefNew: 959K->63K(960K), 0.0012595 secs] 479431K->478790K(524224K), 0.0012804 secs] [Times: user=0.00 sys=0.00, real=0.00 secs] 
6.166: [GC (Allocation Failure) 6.166: [DefNew: 959K->63K(960K), 0.0011793 secs] 479728K->479067K(524224K), 0.0012176 secs] [Times: user=0.00 sys=0.00, real=0.00 secs] 
6.169: [GC (Allocation Failure) 6.169: [DefNew: 959K->64K(960K), 0.0013156 secs] 480006K->479346K(524224K), 0.0013867 secs] [Times: user=0.02 sys=0.00, real=0.00 secs] 
6.172: [GC (Allocation Failure) 6.172: [DefNew: 960K->63K(960K), 0.0022914 secs] 480275K->479642K(524224K), 0.0023538 secs] [Times: user=0.00 sys=0.00, real=0.00 secs] 
6.178: [GC (Allocation Failure) 6.178: [DefNew: 959K->63K(960K), 0.0012468 secs] 480572K->479931K(524224K), 0.0012705 secs] [Times: user=0.00 sys=0.00, real=0.00 secs] 
6.180: [GC (Allocation Failure) 6.180: [DefNew: 959K->63K(960K), 0.0011923 secs] 480866K->480216K(524224K), 0.0012322 secs] [Times: user=0.00 sys=0.00, real=0.00 secs] 
6.183: [GC (Allocation Failure) 6.183: [DefNew: 959K->63K(960K), 0.0012930 secs] 481145K->480502K(524224K), 0.0013325 secs] [Times: user=0.00 sys=0.00, real=0.00 secs] 
6.188: [GC (Allocation Failure) 6.188: [DefNew: 959K->64K(960K), 0.0013859 secs] 481419K->480829K(524224K), 0.0014511 secs] [Times: user=0.00 sys=0.00, real=0.00 secs] 
6.191: [GC (Allocation Failure) 6.191: [DefNew: 960K->63K(960K), 0.0012006 secs] 481763K->481113K(524224K), 0.0012227 secs] [Times: user=0.00 sys=0.00, real=0.00 secs] 
6.195: [GC (Allocation Failure) 6.195: [DefNew: 959K->64K(960K), 0.0012547 secs] 482032K->481430K(524224K), 0.0012950 secs] [Times: user=0.00 sys=0.00, real=0.00 secs] 
6.199: [GC (Allocation Failure) 6.199: [DefNew: 960K->64K(960K), 0.0019903 secs] 482367K->481712K(524224K), 0.0020271 secs] [Times: user=0.01 sys=0.00, real=0.00 secs] 
6.202: [GC (Allocation Failure) 6.202: [DefNew: 960K->63K(960K), 0.0012780 secs] 482642K->481993K(524224K), 0.0013171 secs] [Times: user=0.00 sys=0.00, real=0.00 secs] 
6.207: [GC (Allocation Failure) 6.207: [DefNew: 959K->63K(960K), 0.0015818 secs] 482915K->482307K(524224K), 0.0016344 secs] [Times: user=0.00 sys=0.00, real=0.00 secs] 
6.210: [GC (Allocation Failure) 6.210: [DefNew: 959K->64K(960K), 0.0012670 secs] 483243K->482587K(524224K), 0.0012895 secs] [Times: user=0.00 sys=0.00, real=0.00 secs] 
6.214: [GC (Allocation Failure) 6.214: [DefNew: 960K->64K(960K), 0.0011382 secs] 483521K->482867K(524224K), 0.0011599 secs] [Times: user=0.00 sys=0.00, real=0.00 secs] 
6.217: [GC (Allocation Failure) 6.217: [DefNew: 960K->64K(960K), 0.0010999 secs] 483801K->483150K(524224K), 0.0011220 secs] [Times: user=0.00 sys=0.00, real=0.00 secs] 
6.219: [GC (Allocation Failure) 6.219: [DefNew: 960K->63K(960K), 0.0014759 secs] 484073K->483463K(524224K), 0.0015380 secs] [Times: user=0.00 sys=0.00, real=0.00 secs] 
6.224: [GC (Allocation Failure) 6.224: [DefNew: 959K->63K(960K), 0.0014562 secs] 484393K->483750K(524224K), 0.0014993 secs] [Times: user=0.00 sys=0.00, real=0.00 secs] 
6.229: [GC (Allocation Failure) 6.229: [DefNew: 959K->63K(960K), 0.0013590 secs] 484676K->484066K(524224K), 0.0013985 secs] [Times: user=0.00 sys=0.00, real=0.00 secs] 
6.232: [GC (Allocation Failure) 6.232: [DefNew: 959K->63K(960K), 0.0016818 secs] 484988K->484373K(524224K), 0.0017256 secs] [Times: user=0.00 sys=0.00, real=0.00 secs] 
6.236: [GC (Allocation Failure) 6.237: [DefNew: 959K->63K(960K), 0.0011445 secs] 485304K->484655K(524224K), 0.0011674 secs] [Times: user=0.00 sys=0.00, real=0.00 secs] 
6.239: [GC (Allocation Failure) 6.239: [DefNew: 959K->63K(960K), 0.0013266 secs] 485578K->484973K(524224K), 0.0013681 secs] [Times: user=0.00 sys=0.00, real=0.00 secs] 
6.243: [GC (Allocation Failure) 6.243: [DefNew: 959K->63K(960K), 0.0013590 secs] 485902K->485266K(524224K), 0.0013871 secs] [Times: user=0.00 sys=0.00, real=0.00 secs] 
6.247: [GC (Allocation Failure) 6.247: [DefNew: 959K->64K(960K), 0.0012634 secs] 486196K->485552K(524224K), 0.0013021 secs] [Times: user=0.02 sys=0.00, real=0.00 secs] 
6.250: [GC (Allocation Failure) 6.250: [DefNew: 960K->64K(960K), 0.0013890 secs] 486485K->485830K(524224K), 0.0014234 secs] [Times: user=0.00 sys=0.00, real=0.00 secs] 
6.255: [GC (Allocation Failure) 6.255: [DefNew: 960K->64K(960K), 0.0017063 secs] 486745K->486153K(524224K), 0.0017414 secs] [Times: user=0.00 sys=0.00, real=0.00 secs] 
6.259: [GC (Allocation Failure) 6.259: [DefNew: 960K->63K(960K), 0.0016873 secs] 487068K->486597K(524224K), 0.0017363 secs] [Times: user=0.00 sys=0.00, real=0.00 secs] 
6.263: [GC (Allocation Failure) 6.263: [DefNew: 959K->63K(960K), 0.0015194 secs] 487517K->486909K(524224K), 0.0015593 secs] [Times: user=0.01 sys=0.00, real=0.00 secs] 
6.267: [GC (Allocation Failure) 6.267: [DefNew: 959K->63K(960K), 0.0013768 secs] 487837K->487204K(524224K), 0.0014167 secs] [Times: user=0.00 sys=0.00, real=0.00 secs] 
6.270: [GC (Allocation Failure) 6.270: [DefNew: 959K->63K(960K), 0.0012626 secs] 488134K->487489K(524224K), 0.0013029 secs] [Times: user=0.00 sys=0.00, real=0.00 secs] 
6.274: [GC (Allocation Failure) 6.275: [DefNew: 959K->63K(960K), 0.0016304 secs] 488409K->487804K(524224K), 0.0016956 secs] [Times: user=0.00 sys=0.00, real=0.00 secs] 
6.280: [GC (Allocation Failure) 6.280: [DefNew: 959K->63K(960K), 0.0012701 secs] 488733K->488098K(524224K), 0.0013084 secs] [Times: user=0.00 sys=0.00, real=0.00 secs] 
6.282: [GC (Allocation Failure) 6.282: [DefNew: 959K->63K(960K), 0.0023905 secs] 489035K->488380K(524224K), 0.0024320 secs] [Times: user=0.00 sys=0.00, real=0.00 secs] 
6.288: [GC (Allocation Failure) 6.288: [DefNew: 959K->63K(960K), 0.0040158 secs] 489314K->488771K(524224K), 0.0040956 secs] [Times: user=0.00 sys=0.00, real=0.00 secs] 
6.294: [GC (Allocation Failure) 6.294: [DefNew: 959K->63K(960K), 0.0068097 secs] 489676K->489589K(524224K), 0.0068847 secs] [Times: user=0.00 sys=0.00, real=0.01 secs] 
6.305: [GC (Allocation Failure) 6.305: [DefNew: 959K->63K(960K), 0.0033165 secs] 490506K->489976K(524224K), 0.0034193 secs] [Times: user=0.00 sys=0.00, real=0.00 secs] 
6.311: [GC (Allocation Failure) 6.311: [DefNew: 959K->64K(960K), 0.0014696 secs] 490889K->490303K(524224K), 0.0015008 secs] [Times: user=0.00 sys=0.00, real=0.00 secs] 
6.313: [GC (Allocation Failure) 6.313: [DefNew: 960K->63K(960K), 0.0015664 secs] 491235K->490585K(524224K), 0.0015846 secs] [Times: user=0.00 sys=0.00, real=0.00 secs] 
6.318: [GC (Allocation Failure) 6.318: [DefNew: 959K->63K(960K), 0.0011943 secs] 491517K->490879K(524224K), 0.0012176 secs] [Times: user=0.00 sys=0.00, real=0.00 secs] 
6.321: [GC (Allocation Failure) 6.321: [DefNew: 959K->63K(960K), 0.0015494 secs] 491802K->491198K(524224K), 0.0016166 secs] [Times: user=0.00 sys=0.00, real=0.00 secs] 
6.325: [GC (Allocation Failure) 6.325: [DefNew: 959K->64K(960K), 0.0015079 secs] 492111K->491540K(524224K), 0.0015459 secs] [Times: user=0.02 sys=0.00, real=0.00 secs] 
6.330: [GC (Allocation Failure) 6.330: [DefNew: 960K->64K(960K), 0.0013274 secs] 492473K->491822K(524224K), 0.0013539 secs] [Times: user=0.00 sys=0.00, real=0.00 secs] 
6.333: [GC (Allocation Failure) 6.333: [DefNew: 960K->64K(960K), 0.0011733 secs] 492759K->492100K(524224K), 0.0011955 secs] [Times: user=0.00 sys=0.00, real=0.00 secs] 
6.337: [GC (Allocation Failure) 6.337: [DefNew: 960K->64K(960K), 0.0011413 secs] 493033K->492380K(524224K), 0.0011591 secs] [Times: user=0.00 sys=0.00, real=0.00 secs] 
6.341: [GC (Allocation Failure) 6.341: [DefNew: 960K->64K(960K), 0.0016616 secs] 493297K->492711K(524224K), 0.0017355 secs] [Times: user=0.00 sys=0.00, real=0.00 secs] 
6.345: [GC (Allocation Failure) 6.345: [DefNew: 960K->63K(960K), 0.0014254 secs] 493632K->493018K(524224K), 0.0014542 secs] [Times: user=0.00 sys=0.00, real=0.00 secs] 
6.350: [GC (Allocation Failure) 6.350: [DefNew: 959K->63K(960K), 0.0012563 secs] 493944K->493316K(524224K), 0.0012816 secs] [Times: user=0.00 sys=0.00, real=0.00 secs] 
6.353: [GC (Allocation Failure) 6.353: [DefNew: 959K->64K(960K), 0.0011852 secs] 494257K->493591K(524224K), 0.0012069 secs] [Times: user=0.00 sys=0.00, real=0.00 secs] 
6.357: [GC (Allocation Failure) 6.357: [DefNew: 960K->64K(960K), 0.0016273 secs] 494521K->493899K(524224K), 0.0017150 secs] [Times: user=0.02 sys=0.00, real=0.00 secs] 
6.362: [GC (Allocation Failure) 6.362: [DefNew: 960K->64K(960K), 0.0021061 secs] 494808K->494268K(524224K), 0.0021878 secs] [Times: user=0.00 sys=0.00, real=0.00 secs] 
6.366: [GC (Allocation Failure) 6.366: [DefNew: 960K->63K(960K), 0.0014108 secs] 495194K->494565K(524224K), 0.0014424 secs] [Times: user=0.00 sys=0.00, real=0.00 secs] 
6.369: [GC (Allocation Failure) 6.369: [DefNew: 959K->63K(960K), 0.0012038 secs] 495496K->494851K(524224K), 0.0012282 secs] [Times: user=0.00 sys=0.00, real=0.00 secs] 
6.371: [GC (Allocation Failure) 6.371: [DefNew: 959K->63K(960K), 0.0012065 secs] 495788K->495129K(524224K), 0.0012290 secs] [Times: user=0.00 sys=0.00, real=0.00 secs] 
6.375: [GC (Allocation Failure) 6.375: [DefNew: 959K->64K(960K), 0.0015609 secs] 496062K->495530K(524224K), 0.0016000 secs] [Times: user=0.00 sys=0.00, real=0.00 secs] 
6.381: [GC (Allocation Failure) 6.381: [DefNew: 960K->63K(960K), 0.0014432 secs] 496448K->495846K(524224K), 0.0014783 secs] [Times: user=0.00 sys=0.00, real=0.00 secs] 
6.384: [GC (Allocation Failure) 6.384: [DefNew: 959K->63K(960K), 0.0012302 secs] 496778K->496132K(524224K), 0.0012527 secs] [Times: user=0.00 sys=0.00, real=0.00 secs] 
6.388: [GC (Allocation Failure) 6.388: [DefNew: 959K->63K(960K), 0.0013096 secs] 497052K->496456K(524224K), 0.0013460 secs] [Times: user=0.00 sys=0.00, real=0.00 secs] 
6.393: [GC (Allocation Failure) 6.393: [DefNew: 959K->63K(960K), 0.0025489 secs] 497391K->496736K(524224K), 0.0025979 secs] [Times: user=0.00 sys=0.00, real=0.00 secs] 
6.397: [GC (Allocation Failure) 6.397: [DefNew: 959K->63K(960K), 0.0013274 secs] 497656K->497047K(524224K), 0.0013547 secs] [Times: user=0.00 sys=0.00, real=0.00 secs] 
6.402: [GC (Allocation Failure) 6.402: [DefNew: 959K->64K(960K), 0.0014072 secs] 497969K->497367K(524224K), 0.0014329 secs] [Times: user=0.00 sys=0.00, real=0.00 secs] 
6.405: [GC (Allocation Failure) 6.405: [DefNew: 960K->64K(960K), 0.0013100 secs] 498300K->497650K(524224K), 0.0013349 secs] [Times: user=0.00 sys=0.00, real=0.00 secs] 
6.409: [GC (Allocation Failure) 6.409: [DefNew: 960K->64K(960K), 0.0023407 secs] 498579K->497945K(524224K), 0.0024581 secs] [Times: user=0.00 sys=0.00, real=0.00 secs] 
6.416: [GC (Allocation Failure) 6.416: [DefNew: 960K->63K(960K), 0.0012749 secs] 498871K->498278K(524224K), 0.0013069 secs] [Times: user=0.00 sys=0.00, real=0.00 secs] 
6.419: [GC (Allocation Failure) 6.419: [DefNew: 959K->63K(960K), 0.0018560 secs] 499210K->498574K(524224K), 0.0019026 secs] [Times: user=0.00 sys=0.00, real=0.00 secs] 
6.423: [GC (Allocation Failure) 6.423: [DefNew: 959K->64K(960K), 0.0011974 secs] 499505K->498859K(524224K), 0.0012227 secs] [Times: user=0.00 sys=0.00, real=0.00 secs] 
6.428: [GC (Allocation Failure) 6.428: [DefNew: 960K->63K(960K), 0.0019623 secs] 499785K->499163K(524224K), 0.0020101 secs] [Times: user=0.00 sys=0.00, real=0.00 secs] 
6.431: [GC (Allocation Failure) 6.431: [DefNew: 959K->63K(960K), 0.0012804 secs] 500097K->499443K(524224K), 0.0013029 secs] [Times: user=0.00 sys=0.00, real=0.00 secs] 
6.436: [GC (Allocation Failure) 6.436: [DefNew: 959K->64K(960K), 0.0011919 secs] 500377K->499725K(524224K), 0.0012156 secs] [Times: user=0.00 sys=0.00, real=0.00 secs] 
6.438: [GC (Allocation Failure) 6.438: [DefNew: 960K->64K(960K), 0.0011694 secs] 500662K->500005K(524224K), 0.0011915 secs] [Times: user=0.00 sys=0.00, real=0.00 secs] 
6.442: [GC (Allocation Failure) 6.442: [DefNew: 960K->64K(960K), 0.0018248 secs] 500926K->500336K(524224K), 0.0018627 secs] [Times: user=0.00 sys=0.00, real=0.00 secs] 
6.448: [GC (Allocation Failure) 6.448: [DefNew: 960K->63K(960K), 0.0013867 secs] 501248K->500698K(524224K), 0.0014226 secs] [Times: user=0.00 sys=0.00, real=0.00 secs] 
6.451: [GC (Allocation Failure) 6.451: [DefNew: 959K->63K(960K), 0.0012717 secs] 501633K->500983K(524224K), 0.0012950 secs] [Times: user=0.00 sys=0.00, real=0.00 secs] 
6.456: [GC (Allocation Failure) 6.456: [DefNew: 959K->64K(960K), 0.0014688 secs] 501913K->501271K(524224K), 0.0014921 secs] [Times: user=0.00 sys=0.00, real=0.00 secs] 
6.462: [GC (Allocation Failure) 6.462: [DefNew: 960K->64K(960K), 0.0021997 secs] 502190K->501596K(524224K), 0.0022866 secs] [Times: user=0.00 sys=0.00, real=0.00 secs] 
6.466: [GC (Allocation Failure) 6.466: [DefNew: 960K->63K(960K), 0.0016581 secs] 502523K->501897K(524224K), 0.0016964 secs] [Times: user=0.02 sys=0.00, real=0.00 secs] 
6.471: [GC (Allocation Failure) 6.471: [DefNew: 959K->63K(960K), 0.0018165 secs] 502822K->502208K(524224K), 0.0018485 secs] [Times: user=0.00 sys=0.00, real=0.00 secs] 
6.474: [GC (Allocation Failure) 6.474: [DefNew: 959K->63K(960K), 0.0015166 secs] 503134K->502504K(524224K), 0.0015644 secs] [Times: user=0.00 sys=0.00, real=0.00 secs] 
6.479: [GC (Allocation Failure) 6.479: [DefNew: 959K->63K(960K), 0.0013724 secs] 503428K->502804K(524224K), 0.0014108 secs] [Times: user=0.00 sys=0.00, real=0.00 secs] 
6.484: [GC (Allocation Failure) 6.484: [DefNew: 959K->63K(960K), 0.0013697 secs] 503723K->503117K(524224K), 0.0014341 secs] [Times: user=0.00 sys=0.00, real=0.00 secs] 
6.487: [GC (Allocation Failure) 6.487: [DefNew: 959K->64K(960K), 0.0012448 secs] 504054K->503395K(524224K), 0.0012666 secs] [Times: user=0.00 sys=0.00, real=0.00 secs] 
6.491: [GC (Allocation Failure) 6.491: [DefNew: 960K->63K(960K), 0.0012646 secs] 504334K->503679K(524224K), 0.0012899 secs] [Times: user=0.00 sys=0.00, real=0.00 secs] 
6.495: [GC (Allocation Failure) 6.495: [DefNew: 959K->64K(960K), 0.0012456 secs] 504604K->503999K(524224K), 0.0012851 secs] [Times: user=0.00 sys=0.00, real=0.00 secs] 
6.497: [GC (Allocation Failure) 6.497: [DefNew: 960K->63K(960K), 0.0011943 secs] 504932K->504277K(524224K), 0.0012164 secs] [Times: user=0.02 sys=0.00, real=0.00 secs] 
6.500: [GC (Allocation Failure) 6.500: [DefNew: 959K->64K(960K), 0.0015613 secs] 505199K->504591K(524224K), 0.0016450 secs] [Times: user=0.00 sys=0.00, real=0.00 secs] 
6.503: [GC (Allocation Failure) 6.503: [DefNew: 960K->63K(960K), 0.0016395 secs] 505503K->504978K(524224K), 0.0017098 secs] [Times: user=0.00 sys=0.00, real=0.00 secs] 
6.508: [GC (Allocation Failure) 6.508: [DefNew: 959K->63K(960K), 0.0015779 secs] 505899K->505281K(524224K), 0.0016363 secs] [Times: user=0.00 sys=0.00, real=0.00 secs] 
6.512: [GC (Allocation Failure) 6.512: [DefNew: 959K->63K(960K), 0.0013843 secs] 506208K->505579K(524224K), 0.0014258 secs] [Times: user=0.00 sys=0.00, real=0.00 secs] 
6.515: [GC (Allocation Failure) 6.515: [DefNew: 959K->63K(960K), 0.0017715 secs] 506508K->505874K(524224K), 0.0018441 secs] [Times: user=0.00 sys=0.00, real=0.00 secs] 
6.520: [GC (Allocation Failure) 6.520: [DefNew: 959K->63K(960K), 0.0013760 secs] 506791K->506217K(524224K), 0.0014104 secs] [Times: user=0.00 sys=0.00, real=0.00 secs] 
6.522: [GC (Allocation Failure) 6.522: [DefNew: 959K->64K(960K), 0.0013476 secs] 507153K->506494K(524224K), 0.0013748 secs] [Times: user=0.00 sys=0.00, real=0.00 secs] 
6.526: [GC (Allocation Failure) 6.526: [DefNew: 960K->64K(960K), 0.0014428 secs] 507422K->506844K(524224K), 0.0014756 secs] [Times: user=0.00 sys=0.00, real=0.00 secs] 
6.531: [GC (Allocation Failure) 6.531: [DefNew: 960K->64K(960K), 0.0013349 secs] 507766K->507145K(524224K), 0.0013815 secs] [Times: user=0.00 sys=0.00, real=0.00 secs] 
6.534: [GC (Allocation Failure) 6.534: [DefNew: 960K->63K(960K), 0.0011970 secs] 508076K->507433K(524224K), 0.0012144 secs] [Times: user=0.00 sys=0.00, real=0.00 secs] 
6.537: [GC (Allocation Failure) 6.537: [DefNew: 959K->64K(960K), 0.0013159 secs] 508366K->507722K(524224K), 0.0013551 secs] [Times: user=0.00 sys=0.00, real=0.00 secs] 
6.542: [GC (Allocation Failure) 6.542: [DefNew: 960K->63K(960K), 0.0014783 secs] 508651K->508014K(524224K), 0.0015415 secs] [Times: user=0.00 sys=0.00, real=0.00 secs] 
6.545: [GC (Allocation Failure) 6.545: [DefNew: 959K->64K(960K), 0.0013630 secs] 508945K->508305K(524224K), 0.0014029 secs] [Times: user=0.00 sys=0.00, real=0.00 secs] 
6.550: [GC (Allocation Failure) 6.550: [DefNew: 960K->64K(960K), 0.0015925 secs] 509227K->508610K(524224K), 0.0016253 secs] [Times: user=0.00 sys=0.00, real=0.00 secs] 
6.554: [GC (Allocation Failure) 6.554: [DefNew: 960K->63K(960K), 0.0021606 secs] 509519K->508975K(524224K), 0.0022384 secs] [Times: user=0.00 sys=0.00, real=0.00 secs] 
6.559: [GC (Allocation Failure) 6.559: [DefNew: 959K->63K(960K), 0.0013764 secs] 509897K->509300K(524224K), 0.0014084 secs] [Times: user=0.00 sys=0.00, real=0.00 secs] 
6.563: [GC (Allocation Failure) 6.564: [DefNew: 959K->63K(960K), 0.0013634 secs] 510229K->509587K(524224K), 0.0013918 secs] [Times: user=0.00 sys=0.00, real=0.00 secs] 
6.567: [GC (Allocation Failure) 6.567: [DefNew: 959K->64K(960K), 0.0012377 secs] 510515K->509876K(524224K), 0.0012606 secs] [Times: user=0.00 sys=0.00, real=0.00 secs] 
6.571: [GC (Allocation Failure) 6.571: [DefNew: 960K->64K(960K), 0.0013290 secs] 510794K->510182K(524224K), 0.0013562 secs] [Times: user=0.00 sys=0.00, real=0.00 secs] 
6.574: [GC (Allocation Failure) 6.574: [DefNew: 960K->63K(960K), 0.0017497 secs] 511097K->510509K(524224K), 0.0018121 secs] [Times: user=0.02 sys=0.00, real=0.00 secs] 
6.580: [GC (Allocation Failure) 6.580: [DefNew: 959K->64K(960K), 0.0013558 secs] 511443K->510793K(524224K), 0.0013807 secs] [Times: user=0.00 sys=0.00, real=0.00 secs] 
6.584: [GC (Allocation Failure) 6.584: [DefNew: 960K->64K(960K), 0.0012958 secs] 511731K->511077K(524224K), 0.0013349 secs] [Times: user=0.00 sys=0.00, real=0.00 secs] 
6.586: [GC (Allocation Failure) 6.586: [DefNew: 960K->63K(960K), 0.0011753 secs] 512011K->511362K(524224K), 0.0011966 secs] [Times: user=0.00 sys=0.00, real=0.00 secs] 
6.589: [GC (Allocation Failure) 6.589: [DefNew: 959K->64K(960K), 0.0013163 secs] 512279K->511682K(524224K), 0.0013566 secs] [Times: user=0.00 sys=0.00, real=0.00 secs] 
6.594: [GC (Allocation Failure) 6.594: [DefNew: 960K->63K(960K), 0.0013740 secs] 512597K->512042K(524224K), 0.0014076 secs] [Times: user=0.00 sys=0.00, real=0.00 secs] 
6.597: [GC (Allocation Failure) 6.597: [DefNew: 959K->64K(960K), 0.0013720 secs] 512974K->512335K(524224K), 0.0014108 secs] [Times: user=0.00 sys=0.00, real=0.00 secs] 
6.602: [GC (Allocation Failure) 6.602: [DefNew: 960K->63K(960K), 0.0013768 secs] 513254K->512642K(524224K), 0.0014175 secs] [Times: user=0.00 sys=0.00, real=0.00 secs] 
6.605: [GC (Allocation Failure) 6.605: [DefNew: 959K->63K(960K), 0.0013211 secs] 513570K->512937K(524224K), 0.0013610 secs] [Times: user=0.00 sys=0.00, real=0.00 secs] 
6.610: [GC (Allocation Failure) 6.610: [DefNew: 959K->64K(960K), 0.0014479 secs] 513851K->513262K(524224K), 0.0015522 secs] [Times: user=0.00 sys=0.00, real=0.00 secs] 
6.614: [GC (Allocation Failure) 6.614: [DefNew: 960K->64K(960K), 0.0013361 secs] 514194K->513548K(524224K), 0.0013752 secs] [Times: user=0.00 sys=0.00, real=0.00 secs] 
6.617: [GC (Allocation Failure) 6.617: [DefNew: 960K->63K(960K), 0.0012808 secs] 514473K->513850K(524224K), 0.0013195 secs] [Times: user=0.00 sys=0.00, real=0.00 secs] 
6.622: [GC (Allocation Failure) 6.622: [DefNew: 959K->63K(960K), 0.0013353 secs] 514768K->514172K(524224K), 0.0013685 secs] [Times: user=0.01 sys=0.00, real=0.00 secs] 
6.625: [GC (Allocation Failure) 6.625: [DefNew: 959K->64K(960K), 0.0017564 secs] 515103K->514470K(524224K), 0.0017916 secs] [Times: user=0.00 sys=0.00, real=0.00 secs] 
6.630: [GC (Allocation Failure) 6.630: [DefNew: 960K->63K(960K), 0.0012531 secs] 515391K->514783K(524224K), 0.0012855 secs] [Times: user=0.00 sys=0.00, real=0.00 secs] 
6.633: [GC (Allocation Failure) 6.633: [DefNew: 959K->64K(960K), 0.0012899 secs] 515722K->515059K(524224K), 0.0013294 secs] [Times: user=0.00 sys=0.00, real=0.00 secs] 
6.636: [GC (Allocation Failure) 6.636: [DefNew: 960K->63K(960K), 0.0011812 secs] 515996K->515348K(524224K), 0.0012203 secs] [Times: user=0.00 sys=0.00, real=0.00 secs] 
6.639: [GC (Allocation Failure) 6.639: [DefNew: 959K->64K(960K), 0.0012290 secs] 516281K->515632K(524224K), 0.0012670 secs] [Times: user=0.00 sys=0.00, real=0.00 secs] 
6.644: [GC (Allocation Failure) 6.644: [DefNew: 960K->63K(960K), 0.0017521 secs] 516545K->516052K(524224K), 0.0018038 secs] [Times: user=0.00 sys=0.00, real=0.00 secs] 
6.647: [GC (Allocation Failure) 6.647: [DefNew: 959K->63K(960K), 0.0014159 secs] 516987K->516338K(524224K), 0.0014384 secs] [Times: user=0.00 sys=0.00, real=0.00 secs] 
6.652: [GC (Allocation Failure) 6.652: [DefNew: 959K->63K(960K), 0.0013294 secs] 517267K->516634K(524224K), 0.0013709 secs] [Times: user=0.00 sys=0.00, real=0.00 secs] 
6.655: [GC (Allocation Failure) 6.655: [DefNew: 959K->63K(960K), 0.0016766 secs] 517557K->516945K(524224K), 0.0017221 secs] [Times: user=0.00 sys=0.00, real=0.00 secs] 
6.660: [GC (Allocation Failure) 6.660: [DefNew: 959K->63K(960K), 0.0013792 secs] 517878K->517232K(524224K), 0.0014191 secs] [Times: user=0.00 sys=0.00, real=0.00 secs] 
6.665: [GC (Allocation Failure) 6.665: [DefNew: 959K->63K(960K), 0.0013069 secs] 518157K->517534K(524224K), 0.0013460 secs] [Times: user=0.00 sys=0.00, real=0.00 secs] 
6.668: [GC (Allocation Failure) 6.668: [DefNew: 959K->63K(960K), 0.0013748 secs] 518462K->517824K(524224K), 0.0014139 secs] [Times: user=0.00 sys=0.00, real=0.00 secs] 
6.673: [GC (Allocation Failure) 6.673: [DefNew: 959K->63K(960K), 0.0014720 secs] 518744K->518143K(524224K), 0.0015087 secs] [Times: user=0.00 sys=0.00, real=0.00 secs] 
6.678: [GC (Allocation Failure) 6.679: [DefNew: 959K->64K(960K), 0.0013717 secs] 519061K->518472K(524224K), 0.0014100 secs] [Times: user=0.00 sys=0.00, real=0.00 secs] 
6.682: [GC (Allocation Failure) 6.682: [DefNew: 960K->64K(960K), 0.0014131 secs] 519399K->518771K(524224K), 0.0014503 secs] [Times: user=0.00 sys=0.00, real=0.00 secs] 
6.687: [GC (Allocation Failure) 6.687: [DefNew: 960K->64K(960K), 0.0012504 secs] 519697K->519072K(524224K), 0.0012883 secs] [Times: user=0.00 sys=0.00, real=0.00 secs] 
6.689: [GC (Allocation Failure) 6.689: [DefNew: 960K->63K(960K), 0.0020354 secs] 520004K->519356K(524224K), 0.0020598 secs] [Times: user=0.00 sys=0.00, real=0.00 secs] 
6.693: [GC (Allocation Failure) 6.693: [DefNew: 959K->63K(960K), 0.0012500 secs] 520281K->519663K(524224K), 0.0012760 secs] [Times: user=0.00 sys=0.00, real=0.00 secs] 
6.698: [GC (Allocation Failure) 6.698: [DefNew: 959K->63K(960K), 0.0012610 secs] 520593K->519953K(524224K), 0.0012998 secs] [Times: user=0.00 sys=0.00, real=0.00 secs] 
6.702: [GC (Allocation Failure) 6.702: [DefNew: 959K->63K(960K), 0.0016308 secs] 520882K->520248K(524224K), 0.0016727 secs] [Times: user=0.00 sys=0.00, real=0.00 secs] 
6.705: [GC (Allocation Failure) 6.705: [DefNew: 959K->63K(960K), 0.0012128 secs] 521180K->520543K(524224K), 0.0012764 secs] [Times: user=0.00 sys=0.00, real=0.00 secs] 
6.708: [GC (Allocation Failure) 6.708: [DefNew: 959K->63K(960K), 0.0013321 secs] 521482K->520814K(524224K), 0.0013720 secs] [Times: user=0.00 sys=0.00, real=0.00 secs] 
6.712: [GC (Allocation Failure) 6.712: [DefNew: 959K->63K(960K), 0.0013270 secs] 521739K->521109K(524224K), 0.0013661 secs] [Times: user=0.00 sys=0.00, real=0.00 secs] 
6.715: [GC (Allocation Failure) 6.715: [DefNew: 959K->64K(960K), 0.0013649 secs] 522035K->521406K(524224K), 0.0014048 secs] [Times: user=0.02 sys=0.00, real=0.00 secs] 
6.718: [GC (Allocation Failure) 6.718: [DefNew: 960K->63K(960K), 0.0011970 secs] 522335K->521700K(524224K), 0.0012215 secs] [Times: user=0.00 sys=0.00, real=0.00 secs] 
6.723: [GC (Allocation Failure) 6.723: [DefNew: 959K->63K(960K), 0.0016261 secs] 522621K->522016K(524224K), 0.0016810 secs] [Times: user=0.00 sys=0.00, real=0.00 secs] 
6.728: [GC (Allocation Failure) 6.728: [DefNew: 959K->63K(960K), 0.0018307 secs] 522936K->522336K(524224K), 0.0018884 secs] [Times: user=0.00 sys=0.00, real=0.00 secs] 
6.731: [GC (Allocation Failure) 6.731: [DefNew: 959K->63K(960K), 0.0012508 secs] 523266K->522635K(524224K), 0.0012903 secs] [Times: user=0.02 sys=0.00, real=0.00 secs] 
6.736: [GC (Allocation Failure) 6.736: [DefNew: 959K->64K(960K), 0.0014645 secs] 523547K->522979K(524224K), 0.0015502 secs] [Times: user=0.00 sys=0.00, real=0.00 secs] 
6.739: [GC (Allocation Failure) 6.739: [DefNew: 960K->960K(960K), 0.0000079 secs]6.739: [Tenured: 522958K->523255K(523264K), 0.3644976 secs] 523918K->523255K(524224K), [Metaspace: 4035K->4035K(1056768K)], 0.3645588 secs] [Times: user=0.36 sys=0.00, real=0.36 secs] 
7.107: [GC (Allocation Failure) 7.107: [Tenured: 523263K->523263K(523264K), 0.3664417 secs] 523908K->523519K(524224K), [Metaspace: 4035K->4035K(1056768K)], 0.3664879 secs] [Times: user=0.36 sys=0.00, real=0.37 secs] 
7.474: [Full GC (Allocation Failure) 7.474: [Tenured: 523263K->506652K(523264K), 0.4873916 secs] 523519K->506652K(524224K), [Metaspace: 4035K->4035K(1056768K)], 0.4874323 secs] [Times: user=0.49 sys=0.00, real=0.49 secs] 
7.964: [GC (Allocation Failure) 7.964: [DefNew: 896K->64K(960K), 0.0009391 secs] 507568K->507024K(524224K), 0.0009869 secs] [Times: user=0.00 sys=0.00, real=0.00 secs] 
7.968: [GC (Allocation Failure) 7.968: [DefNew: 960K->63K(960K), 0.0022471 secs] 507928K->507357K(524224K), 0.0022929 secs] [Times: user=0.00 sys=0.00, real=0.00 secs] 
7.972: [GC (Allocation Failure) 7.972: [DefNew: 959K->63K(960K), 0.0032482 secs] 508279K->507828K(524224K), 0.0033003 secs] [Times: user=0.00 sys=0.00, real=0.00 secs] 
7.979: [GC (Allocation Failure) 7.979: [DefNew: 959K->63K(960K), 0.0040158 secs] 508769K->508501K(524224K), 0.0040557 secs] [Times: user=0.01 sys=0.00, real=0.00 secs] 
7.987: [GC (Allocation Failure) 7.987: [DefNew: 959K->63K(960K), 0.0016446 secs] 509422K->508849K(524224K), 0.0016656 secs] [Times: user=0.00 sys=0.00, real=0.00 secs] 
7.990: [GC (Allocation Failure) 7.990: [DefNew: 959K->64K(960K), 0.0010793 secs] 509776K->509114K(524224K), 0.0010955 secs] [Times: user=0.00 sys=0.00, real=0.00 secs] 
7.994: [GC (Allocation Failure) 7.994: [DefNew: 960K->63K(960K), 0.0009537 secs] 510043K->509381K(524224K), 0.0009770 secs] [Times: user=0.00 sys=0.00, real=0.00 secs] 
7.996: [GC (Allocation Failure) 7.996: [DefNew: 959K->64K(960K), 0.0009185 secs] 510320K->509644K(524224K), 0.0009371 secs] [Times: user=0.00 sys=0.00, real=0.00 secs] 
8.000: [GC (Allocation Failure) 8.000: [DefNew: 960K->63K(960K), 0.0008838 secs] 510579K->509919K(524224K), 0.0009007 secs] [Times: user=0.00 sys=0.00, real=0.00 secs] 
8.005: [GC (Allocation Failure) 8.005: [DefNew: 959K->63K(960K), 0.0012014 secs] 510843K->510255K(524224K), 0.0012397 secs] [Times: user=0.00 sys=0.00, real=0.00 secs] 
8.007: [GC (Allocation Failure) 8.007: [DefNew: 959K->64K(960K), 0.0011157 secs] 511185K->510543K(524224K), 0.0011326 secs] [Times: user=0.00 sys=0.00, real=0.00 secs] 
8.011: [GC (Allocation Failure) 8.011: [DefNew: 960K->63K(960K), 0.0010864 secs] 511478K->510826K(524224K), 0.0011512 secs] [Times: user=0.00 sys=0.00, real=0.00 secs] 
8.014: [GC (Allocation Failure) 8.014: [DefNew: 959K->63K(960K), 0.0016336 secs] 511757K->511116K(524224K), 0.0016952 secs] [Times: user=0.00 sys=0.00, real=0.00 secs] 
8.018: [GC (Allocation Failure) 8.018: [DefNew: 959K->63K(960K), 0.0011982 secs] 512050K->511404K(524224K), 0.0012282 secs] [Times: user=0.00 sys=0.00, real=0.00 secs] 
8.022: [GC (Allocation Failure) 8.022: [DefNew: 959K->64K(960K), 0.0011820 secs] 512333K->511706K(524224K), 0.0012211 secs] [Times: user=0.00 sys=0.00, real=0.00 secs] 
8.026: [GC (Allocation Failure) 8.026: [DefNew: 960K->63K(960K), 0.0012231 secs] 512641K->511984K(524224K), 0.0012681 secs] [Times: user=0.00 sys=0.00, real=0.00 secs] 
8.028: [GC (Allocation Failure) 8.028: [DefNew: 959K->63K(960K), 0.0009841 secs] 512925K->512260K(524224K), 0.0010058 secs] [Times: user=0.02 sys=0.00, real=0.00 secs] 
8.032: [GC (Allocation Failure) 8.032: [DefNew: 959K->64K(960K), 0.0011488 secs] 513193K->512550K(524224K), 0.0011887 secs] [Times: user=0.00 sys=0.00, real=0.00 secs] 
8.034: [GC (Allocation Failure) 8.034: [DefNew: 960K->63K(960K), 0.0015984 secs] 513477K->512880K(524224K), 0.0016415 secs] [Times: user=0.00 sys=0.00, real=0.00 secs] 
8.039: [GC (Allocation Failure) 8.039: [DefNew: 959K->63K(960K), 0.0012444 secs] 513812K->513161K(524224K), 0.0012847 secs] [Times: user=0.00 sys=0.00, real=0.00 secs] 
8.044: [GC (Allocation Failure) 8.044: [DefNew: 959K->63K(960K), 0.0012124 secs] 514089K->513458K(524224K), 0.0012523 secs] [Times: user=0.02 sys=0.00, real=0.00 secs] 
8.046: [GC (Allocation Failure) 8.046: [DefNew: 959K->63K(960K), 0.0016798 secs] 514387K->513761K(524224K), 0.0017209 secs] [Times: user=0.00 sys=0.00, real=0.00 secs] 
8.050: [GC (Allocation Failure) 8.050: [DefNew: 959K->63K(960K), 0.0011196 secs] 514699K->514037K(524224K), 0.0011433 secs] [Times: user=0.00 sys=0.00, real=0.00 secs] 
8.054: [GC (Allocation Failure) 8.054: [DefNew: 959K->63K(960K), 0.0011773 secs] 514969K->514328K(524224K), 0.0012168 secs] [Times: user=0.00 sys=0.00, real=0.00 secs] 
8.056: [GC (Allocation Failure) 8.056: [DefNew: 959K->63K(960K), 0.0011907 secs] 515264K->514610K(524224K), 0.0012326 secs] [Times: user=0.00 sys=0.00, real=0.00 secs] 
8.061: [GC (Allocation Failure) 8.061: [DefNew: 959K->63K(960K), 0.0013570 secs] 515542K->514914K(524224K), 0.0013973 secs] [Times: user=0.00 sys=0.00, real=0.00 secs] 
8.065: [GC (Allocation Failure) 8.065: [DefNew: 959K->63K(960K), 0.0010959 secs] 515847K->515198K(524224K), 0.0011212 secs] [Times: user=0.00 sys=0.00, real=0.00 secs] 
8.069: [GC (Allocation Failure) 8.069: [DefNew: 959K->63K(960K), 0.0012286 secs] 516123K->515510K(524224K), 0.0012610 secs] [Times: user=0.00 sys=0.00, real=0.00 secs] 
8.074: [GC (Allocation Failure) 8.074: [DefNew: 959K->63K(960K), 0.0012828 secs] 516438K->515822K(524224K), 0.0013238 secs] [Times: user=0.00 sys=0.00, real=0.00 secs] 
8.077: [GC (Allocation Failure) 8.077: [DefNew: 959K->64K(960K), 0.0014281 secs] 516740K->516189K(524224K), 0.0014621 secs] [Times: user=0.00 sys=0.00, real=0.00 secs] 
8.082: [GC (Allocation Failure) 8.082: [DefNew: 960K->63K(960K), 0.0013373 secs] 517113K->516488K(524224K), 0.0013788 secs] [Times: user=0.00 sys=0.00, real=0.00 secs] 
8.087: [GC (Allocation Failure) 8.087: [DefNew: 959K->64K(960K), 0.0012338 secs] 517416K->516788K(524224K), 0.0012741 secs] [Times: user=0.00 sys=0.00, real=0.00 secs] 
8.089: [GC (Allocation Failure) 8.089: [DefNew: 960K->63K(960K), 0.0011236 secs] 517726K->517069K(524224K), 0.0011465 secs] [Times: user=0.00 sys=0.00, real=0.00 secs] 
8.092: [GC (Allocation Failure) 8.092: [DefNew: 959K->64K(960K), 0.0012192 secs] 517998K->517365K(524224K), 0.0012622 secs] [Times: user=0.00 sys=0.00, real=0.00 secs] 
8.095: [GC (Allocation Failure) 8.095: [DefNew: 960K->63K(960K), 0.0016039 secs] 518289K->517678K(524224K), 0.0016482 secs] [Times: user=0.00 sys=0.00, real=0.00 secs] 
8.100: [GC (Allocation Failure) 8.100: [DefNew: 959K->63K(960K), 0.0011512 secs] 518614K->517961K(524224K), 0.0012136 secs] [Times: user=0.00 sys=0.00, real=0.00 secs] 
8.104: [GC (Allocation Failure) 8.104: [DefNew: 959K->63K(960K), 0.0009699 secs] 518904K->518226K(524224K), 0.0009908 secs] [Times: user=0.00 sys=0.00, real=0.00 secs] 
8.106: [GC (Allocation Failure) 8.106: [DefNew: 959K->63K(960K), 0.0011394 secs] 519159K->518511K(524224K), 0.0011777 secs] [Times: user=0.00 sys=0.00, real=0.00 secs] 
8.111: [GC (Allocation Failure) 8.111: [DefNew: 959K->63K(960K), 0.0011362 secs] 519428K->518824K(524224K), 0.0011836 secs] [Times: user=0.00 sys=0.00, real=0.00 secs] 
8.116: [GC (Allocation Failure) 8.116: [DefNew: 959K->63K(960K), 0.0012591 secs] 519757K->519115K(524224K), 0.0012986 secs] [Times: user=0.00 sys=0.00, real=0.00 secs] 
8.119: [GC (Allocation Failure) 8.119: [DefNew: 959K->63K(960K), 0.0017237 secs] 520048K->519422K(524224K), 0.0017620 secs] [Times: user=0.00 sys=0.00, real=0.00 secs] 
8.124: [GC (Allocation Failure) 8.124: [DefNew: 959K->63K(960K), 0.0011686 secs] 520357K->519703K(524224K), 0.0012077 secs] [Times: user=0.00 sys=0.00, real=0.00 secs] 
8.127: [GC (Allocation Failure) 8.127: [DefNew: 959K->64K(960K), 0.0012073 secs] 520626K->520034K(524224K), 0.0012512 secs] [Times: user=0.00 sys=0.00, real=0.00 secs] 
8.131: [GC (Allocation Failure) 8.132: [DefNew: 960K->63K(960K), 0.0012480 secs] 520957K->520348K(524224K), 0.0012812 secs] [Times: user=0.00 sys=0.00, real=0.00 secs] 
8.134: [GC (Allocation Failure) 8.134: [DefNew: 959K->64K(960K), 0.0010501 secs] 521287K->520619K(524224K), 0.0010734 secs] [Times: user=0.00 sys=0.00, real=0.00 secs] 
8.137: [GC (Allocation Failure) 8.137: [DefNew: 960K->64K(960K), 0.0012381 secs] 521549K->520908K(524224K), 0.0012792 secs] [Times: user=0.00 sys=0.00, real=0.00 secs] 
8.141: [GC (Allocation Failure) 8.141: [DefNew: 960K->63K(960K), 0.0012361 secs] 521833K->521213K(524224K), 0.0012772 secs] [Times: user=0.00 sys=0.00, real=0.00 secs] 
8.145: [GC (Allocation Failure) 8.145: [DefNew: 959K->63K(960K), 0.0017995 secs] 522127K->521552K(524224K), 0.0018603 secs] [Times: user=0.00 sys=0.00, real=0.00 secs] 
8.148: [GC (Allocation Failure) 8.148: [DefNew: 959K->63K(960K), 0.0012377 secs] 522490K->521827K(524224K), 0.0012626 secs] [Times: user=0.00 sys=0.00, real=0.00 secs] 
8.150: [GC (Allocation Failure) 8.150: [DefNew: 959K->63K(960K), 0.0010422 secs] 522761K->522113K(524224K), 0.0010647 secs] [Times: user=0.00 sys=0.00, real=0.00 secs] 
8.153: [GC (Allocation Failure) 8.153: [DefNew: 959K->64K(960K), 0.0012421 secs] 523046K->522402K(524224K), 0.0012824 secs] [Times: user=0.00 sys=0.00, real=0.00 secs] 
8.157: [GC (Allocation Failure) 8.158: [DefNew: 960K->63K(960K), 0.0011765 secs] 523324K->522717K(524224K), 0.0012101 secs] [Times: user=0.00 sys=0.00, real=0.00 secs] 
8.160: [GC (Allocation Failure) 8.160: [DefNew: 959K->63K(960K), 0.0011046 secs] 523659K->522986K(524224K), 0.0011232 secs] [Times: user=0.00 sys=0.00, real=0.00 secs] 
8.163: [GC (Allocation Failure) 8.163: [DefNew: 959K->959K(960K), 0.0000075 secs]8.163: [Tenured: 522956K->522850K(523264K), 0.4782665 secs] 523916K->522850K(524224K), [Metaspace: 4036K->4036K(1056768K)], 0.4783661 secs] [Times: user=0.45 sys=0.03, real=0.48 secs] 
8.649: [GC (Allocation Failure) 8.649: [DefNew: 896K->63K(960K), 0.0010102 secs] 523774K->522999K(524224K), 0.0010453 secs] [Times: user=0.00 sys=0.00, real=0.00 secs] 
8.653: [GC (Allocation Failure) 8.653: [DefNew: 959K->959K(960K), 0.0000130 secs]8.653: [Tenured: 522968K->34026K(523264K), 0.0792967 secs] 523928K->34026K(524224K), [Metaspace: 4037K->4037K(1056768K)], 0.0793690 secs] [Times: user=0.09 sys=0.00, real=0.08 secs] 
8.734: [GC (Allocation Failure) 8.734: [DefNew: 896K->63K(960K), 0.0011164 secs] 34965K->34305K(524224K), 0.0012109 secs] [Times: user=0.00 sys=0.00, real=0.00 secs] 
8.739: [GC (Allocation Failure) 8.739: [DefNew: 959K->63K(960K), 0.0007293 secs] 35255K->34557K(524224K), 0.0007834 secs] [Times: user=0.00 sys=0.00, real=0.00 secs] 
8.743: [GC (Allocation Failure) 8.743: [DefNew: 959K->63K(960K), 0.0007376 secs] 35508K->34815K(524224K), 0.0008403 secs] [Times: user=0.00 sys=0.00, real=0.00 secs] 
8.745: [GC (Allocation Failure) 8.745: [DefNew: 959K->63K(960K), 0.0007613 secs] 35766K->35070K(524224K), 0.0008016 secs] [Times: user=0.00 sys=0.00, real=0.00 secs] 
8.749: [GC (Allocation Failure) 8.749: [DefNew: 959K->64K(960K), 0.0013803 secs] 36018K->35331K(524224K), 0.0014281 secs] [Times: user=0.00 sys=0.00, real=0.00 secs] 
8.754: [GC (Allocation Failure) 8.754: [DefNew: 960K->63K(960K), 0.0005669 secs] 36282K->35585K(524224K), 0.0005879 secs] [Times: user=0.00 sys=0.00, real=0.00 secs] 
8.756: [GC (Allocation Failure) 8.756: [DefNew: 959K->64K(960K), 0.0007257 secs] 36528K->35854K(524224K), 0.0007652 secs] [Times: user=0.00 sys=0.00, real=0.00 secs] 
8.761: [GC (Allocation Failure) 8.761: [DefNew: 960K->64K(960K), 0.0007779 secs] 36799K->36112K(524224K), 0.0008205 secs] [Times: user=0.00 sys=0.00, real=0.00 secs] 
8.763: [GC (Allocation Failure) 8.763: [DefNew: 960K->64K(960K), 0.0008379 secs] 37060K->36366K(524224K), 0.0008794 secs] [Times: user=0.00 sys=0.00, real=0.00 secs] 
8.767: [GC (Allocation Failure) 8.767: [DefNew: 960K->64K(960K), 0.0005610 secs] 37316K->36617K(524224K), 0.0005827 secs] [Times: user=0.00 sys=0.00, real=0.00 secs] 
8.771: [GC (Allocation Failure) 8.771: [DefNew: 960K->63K(960K), 0.0005112 secs] 37571K->36867K(524224K), 0.0005321 secs] [Times: user=0.00 sys=0.00, real=0.00 secs] 
8.773: [GC (Allocation Failure) 8.773: [DefNew: 959K->64K(960K), 0.0005195 secs] 37820K->37111K(524224K), 0.0005400 secs] [Times: user=0.00 sys=0.00, real=0.00 secs] 
8.777: [GC (Allocation Failure) 8.777: [DefNew: 960K->63K(960K), 0.0006720 secs] 38060K->37358K(524224K), 0.0007131 secs] [Times: user=0.00 sys=0.00, real=0.00 secs] 
8.781: [GC (Allocation Failure) 8.781: [DefNew: 959K->64K(960K), 0.0006471 secs] 38303K->37610K(524224K), 0.0006886 secs] [Times: user=0.00 sys=0.00, real=0.00 secs] 
8.783: [GC (Allocation Failure) 8.783: [DefNew: 960K->63K(960K), 0.0007605 secs] 38555K->37870K(524224K), 0.0008028 secs] [Times: user=0.00 sys=0.00, real=0.00 secs] 
8.787: [GC (Allocation Failure) 8.787: [DefNew: 959K->63K(960K), 0.0006321 secs] 38806K->38147K(524224K), 0.0006621 secs] [Times: user=0.00 sys=0.00, real=0.00 secs] 
8.790: [GC (Allocation Failure) 8.790: [DefNew: 959K->64K(960K), 0.0007716 secs] 39101K->38395K(524224K), 0.0008119 secs] [Times: user=0.00 sys=0.00, real=0.00 secs] 
8.792: [GC (Allocation Failure) 8.792: [DefNew: 960K->63K(960K), 0.0006799 secs] 39346K->38647K(524224K), 0.0007210 secs] [Times: user=0.00 sys=0.00, real=0.00 secs] 
8.795: [GC (Allocation Failure) 8.795: [DefNew: 959K->63K(960K), 0.0008134 secs] 39590K->38908K(524224K), 0.0008608 secs] [Times: user=0.00 sys=0.00, real=0.00 secs] 
8.799: [GC (Allocation Failure) 8.799: [DefNew: 959K->63K(960K), 0.0007320 secs] 39844K->39180K(524224K), 0.0007664 secs] [Times: user=0.00 sys=0.00, real=0.00 secs] 
8.802: [GC (Allocation Failure) 8.802: [DefNew: 959K->63K(960K), 0.0008367 secs] 40112K->39476K(524224K), 0.0008980 secs] [Times: user=0.00 sys=0.00, real=0.00 secs] 
8.805: [GC (Allocation Failure) 8.805: [DefNew: 959K->64K(960K), 0.0006921 secs] 40424K->39727K(524224K), 0.0007332 secs] [Times: user=0.00 sys=0.00, real=0.00 secs] 
8.809: [GC (Allocation Failure) 8.809: [DefNew: 960K->64K(960K), 0.0007131 secs] 40674K->39983K(524224K), 0.0007672 secs] [Times: user=0.00 sys=0.00, real=0.00 secs] 
8.811: [GC (Allocation Failure) 8.811: [DefNew: 960K->63K(960K), 0.0010015 secs] 40913K->40292K(524224K), 0.0010520 secs] [Times: user=0.00 sys=0.00, real=0.00 secs] 
8.815: [GC (Allocation Failure) 8.815: [DefNew: 959K->63K(960K), 0.0007048 secs] 41240K->40540K(524224K), 0.0007281 secs] [Times: user=0.00 sys=0.00, real=0.00 secs] 
8.819: [GC (Allocation Failure) 8.819: [DefNew: 959K->63K(960K), 0.0007083 secs] 41493K->40784K(524224K), 0.0007482 secs] [Times: user=0.00 sys=0.00, real=0.00 secs] 
8.821: [GC (Allocation Failure) 8.821: [DefNew: 959K->63K(960K), 0.0006665 secs] 41736K->41040K(524224K), 0.0007064 secs] [Times: user=0.00 sys=0.00, real=0.00 secs] 
8.825: [GC (Allocation Failure) 8.825: [DefNew: 959K->63K(960K), 0.0006886 secs] 41984K->41297K(524224K), 0.0007313 secs] [Times: user=0.01 sys=0.00, real=0.00 secs] 
8.829: [GC (Allocation Failure) 8.829: [DefNew: 959K->63K(960K), 0.0007403 secs] 42243K->41550K(524224K), 0.0007842 secs] [Times: user=0.00 sys=0.00, real=0.00 secs] 
8.831: [GC (Allocation Failure) 8.831: [DefNew: 959K->63K(960K), 0.0009079 secs] 42492K->41818K(524224K), 0.0009553 secs] [Times: user=0.00 sys=0.00, real=0.00 secs] 
8.835: [GC (Allocation Failure) 8.835: [DefNew: 959K->63K(960K), 0.0006258 secs] 42762K->42076K(524224K), 0.0006534 secs] [Times: user=0.00 sys=0.00, real=0.00 secs] 
8.837: [GC (Allocation Failure) 8.837: [DefNew: 959K->63K(960K), 0.0006017 secs] 43011K->42352K(524224K), 0.0006274 secs] [Times: user=0.00 sys=0.00, real=0.00 secs] 
8.840: [GC (Allocation Failure) 8.840: [DefNew: 959K->63K(960K), 0.0006744 secs] 43291K->42630K(524224K), 0.0006985 secs] [Times: user=0.00 sys=0.00, real=0.00 secs] 
8.843: [GC (Allocation Failure) 8.843: [DefNew: 959K->64K(960K), 0.0007332 secs] 43567K->42904K(524224K), 0.0007763 secs] [Times: user=0.00 sys=0.00, real=0.00 secs] 
8.845: [GC (Allocation Failure) 8.845: [DefNew: 960K->63K(960K), 0.0010121 secs] 43826K->43215K(524224K), 0.0010722 secs] [Times: user=0.00 sys=0.00, real=0.00 secs] 
8.848: [GC (Allocation Failure) 8.848: [DefNew: 959K->63K(960K), 0.0007609 secs] 44159K->43478K(524224K), 0.0007878 secs] [Times: user=0.00 sys=0.00, real=0.00 secs] 
8.850: [GC (Allocation Failure) 8.850: [DefNew: 959K->64K(960K), 0.0006487 secs] 44423K->43729K(524224K), 0.0006736 secs] [Times: user=0.00 sys=0.00, real=0.00 secs] 
8.853: [GC (Allocation Failure) 8.853: [DefNew: 960K->63K(960K), 0.0009138 secs] 44668K->44005K(524224K), 0.0009699 secs] [Times: user=0.00 sys=0.00, real=0.00 secs] 
8.857: [GC (Allocation Failure) 8.857: [DefNew: 959K->63K(960K), 0.0008205 secs] 44949K->44259K(524224K), 0.0008545 secs] [Times: user=0.00 sys=0.00, real=0.00 secs] 
8.862: [GC (Allocation Failure) 8.863: [DefNew: 959K->64K(960K), 0.0007565 secs] 45171K->44624K(524224K), 0.0007874 secs] [Times: user=0.00 sys=0.00, real=0.00 secs] 
8.865: [GC (Allocation Failure) 8.865: [DefNew: 960K->63K(960K), 0.0006582 secs] 45575K->44873K(524224K), 0.0006977 secs] [Times: user=0.00 sys=0.00, real=0.00 secs] 
8.868: [GC (Allocation Failure) 8.868: [DefNew: 959K->63K(960K), 0.0007885 secs] 45819K->45127K(524224K), 0.0008292 secs] [Times: user=0.00 sys=0.00, real=0.00 secs] 
8.871: [GC (Allocation Failure) 8.871: [DefNew: 959K->63K(960K), 0.0007403 secs] 46074K->45380K(524224K), 0.0007830 secs] [Times: user=0.00 sys=0.00, real=0.00 secs] 
8.873: [GC (Allocation Failure) 8.873: [DefNew: 959K->63K(960K), 0.0006420 secs] 46332K->45631K(524224K), 0.0006823 secs] [Times: user=0.00 sys=0.00, real=0.00 secs] 
8.876: [GC (Allocation Failure) 8.876: [DefNew: 959K->64K(960K), 0.0007253 secs] 46578K->45883K(524224K), 0.0007672 secs] [Times: user=0.00 sys=0.00, real=0.00 secs] 
8.881: [GC (Allocation Failure) 8.881: [DefNew: 960K->63K(960K), 0.0011141 secs] 46827K->46146K(524224K), 0.0011745 secs] [Times: user=0.00 sys=0.00, real=0.00 secs] 
8.883: [GC (Allocation Failure) 8.884: [DefNew: 959K->63K(960K), 0.0005495 secs] 47098K->46396K(524224K), 0.0005705 secs] [Times: user=0.00 sys=0.00, real=0.00 secs] 
8.888: [GC (Allocation Failure) 8.888: [DefNew: 959K->63K(960K), 0.0006925 secs] 47343K->46653K(524224K), 0.0007332 secs] [Times: user=0.02 sys=0.00, real=0.00 secs] 
8.891: [GC (Allocation Failure) 8.891: [DefNew: 959K->63K(960K), 0.0014977 secs] 47594K->46922K(524224K), 0.0015633 secs] [Times: user=0.00 sys=0.00, real=0.00 secs] 
8.895: [GC (Allocation Failure) 8.895: [DefNew: 959K->63K(960K), 0.0006495 secs] 47864K->47192K(524224K), 0.0006795 secs] [Times: user=0.00 sys=0.00, real=0.00 secs] 
8.900: [GC (Allocation Failure) 8.900: [DefNew: 959K->63K(960K), 0.0006949 secs] 48139K->47446K(524224K), 0.0007490 secs] [Times: user=0.00 sys=0.00, real=0.00 secs] 
8.903: [GC (Allocation Failure) 8.903: [DefNew: 959K->64K(960K), 0.0006341 secs] 48386K->47716K(524224K), 0.0007190 secs] [Times: user=0.00 sys=0.00, real=0.00 secs] 
8.906: [GC (Allocation Failure) 8.906: [DefNew: 960K->63K(960K), 0.0007660 secs] 48655K->47993K(524224K), 0.0008115 secs] [Times: user=0.00 sys=0.00, real=0.00 secs] 
8.911: [GC (Allocation Failure) 8.911: [DefNew: 959K->64K(960K), 0.0008336 secs] 48937K->48257K(524224K), 0.0008676 secs] [Times: user=0.00 sys=0.00, real=0.00 secs] 
8.915: [GC (Allocation Failure) 8.915: [DefNew: 960K->63K(960K), 0.0006985 secs] 49206K->48514K(524224K), 0.0007392 secs] [Times: user=0.00 sys=0.00, real=0.00 secs] 
8.918: [GC (Allocation Failure) 8.918: [DefNew: 959K->64K(960K), 0.0007162 secs] 49458K->48776K(524224K), 0.0007569 secs] [Times: user=0.00 sys=0.00, real=0.00 secs] 
8.921: [GC (Allocation Failure) 8.921: [DefNew: 960K->63K(960K), 0.0008371 secs] 49717K->49046K(524224K), 0.0008834 secs] [Times: user=0.00 sys=0.00, real=0.00 secs] 
8.923: [GC (Allocation Failure) 8.923: [DefNew: 959K->63K(960K), 0.0006131 secs] 50000K->49303K(524224K), 0.0006353 secs] [Times: user=0.00 sys=0.00, real=0.00 secs] 
8.927: [GC (Allocation Failure) 8.927: [DefNew: 959K->63K(960K), 0.0008735 secs] 50253K->49550K(524224K), 0.0009252 secs] [Times: user=0.00 sys=0.00, real=0.00 secs] 
8.929: [GC (Allocation Failure) 8.929: [DefNew: 959K->64K(960K), 0.0008103 secs] 50478K->49841K(524224K), 0.0008525 secs] [Times: user=0.00 sys=0.00, real=0.00 secs] 
8.932: [GC (Allocation Failure) 8.932: [DefNew: 960K->63K(960K), 0.0007107 secs] 50790K->50093K(524224K), 0.0007518 secs] [Times: user=0.00 sys=0.00, real=0.00 secs] 
8.936: [GC (Allocation Failure) 8.936: [DefNew: 959K->63K(960K), 0.0008715 secs] 51031K->50356K(524224K), 0.0009146 secs] [Times: user=0.00 sys=0.00, real=0.00 secs] 
8.938: [GC (Allocation Failure) 8.938: [DefNew: 959K->63K(960K), 0.0005843 secs] 51303K->50611K(524224K), 0.0006076 secs] [Times: user=0.00 sys=0.00, real=0.00 secs] 
8.940: [GC (Allocation Failure) 8.940: [DefNew: 959K->63K(960K), 0.0005321 secs] 51564K->50858K(524224K), 0.0005531 secs] [Times: user=0.00 sys=0.00, real=0.00 secs] 
8.943: [GC (Allocation Failure) 8.943: [DefNew: 959K->63K(960K), 0.0008490 secs] 51802K->51118K(524224K), 0.0008940 secs] [Times: user=0.00 sys=0.00, real=0.00 secs] 
8.947: [GC (Allocation Failure) 8.947: [DefNew: 959K->63K(960K), 0.0007028 secs] 52064K->51372K(524224K), 0.0007447 secs] [Times: user=0.00 sys=0.00, real=0.00 secs] 
8.950: [GC (Allocation Failure) 8.950: [DefNew: 959K->63K(960K), 0.0008020 secs] 52318K->51629K(524224K), 0.0008415 secs] [Times: user=0.00 sys=0.00, real=0.00 secs] 
8.953: [GC (Allocation Failure) 8.953: [DefNew: 959K->63K(960K), 0.0009339 secs] 52570K->51892K(524224K), 0.0009778 secs] [Times: user=0.00 sys=0.00, real=0.00 secs] 
8.956: [GC (Allocation Failure) 8.956: [DefNew: 959K->63K(960K), 0.0006175 secs] 52842K->52141K(524224K), 0.0006408 secs] [Times: user=0.00 sys=0.00, real=0.00 secs] 
8.958: [GC (Allocation Failure) 8.959: [DefNew: 959K->64K(960K), 0.0007605 secs] 53089K->52396K(524224K), 0.0007996 secs] [Times: user=0.00 sys=0.00, real=0.00 secs] 
8.962: [GC (Allocation Failure) 8.962: [DefNew: 960K->63K(960K), 0.0006961 secs] 53318K->52704K(524224K), 0.0007617 secs] [Times: user=0.00 sys=0.00, real=0.00 secs] 
8.967: [GC (Allocation Failure) 8.967: [DefNew: 959K->63K(960K), 0.0013689 secs] 53646K->52969K(524224K), 0.0014088 secs] [Times: user=0.00 sys=0.00, real=0.00 secs] 
8.969: [GC (Allocation Failure) 8.969: [DefNew: 959K->63K(960K), 0.0007799 secs] 53912K->53232K(524224K), 0.0008047 secs] [Times: user=0.00 sys=0.00, real=0.00 secs] 
8.974: [GC (Allocation Failure) 8.974: [DefNew: 959K->64K(960K), 0.0006748 secs] 54179K->53484K(524224K), 0.0007016 secs] [Times: user=0.00 sys=0.00, real=0.00 secs] 
8.979: [GC (Allocation Failure) 8.979: [DefNew: 960K->63K(960K), 0.0006617 secs] 54430K->53740K(524224K), 0.0006866 secs] [Times: user=0.00 sys=0.00, real=0.00 secs] 
8.981: [GC (Allocation Failure) 8.981: [DefNew: 959K->63K(960K), 0.0006546 secs] 54687K->53995K(524224K), 0.0007297 secs] [Times: user=0.02 sys=0.02, real=0.00 secs] 
8.984: [GC (Allocation Failure) 8.984: [DefNew: 959K->63K(960K), 0.0006653 secs] 54943K->54244K(524224K), 0.0006886 secs] [Times: user=0.00 sys=0.00, real=0.00 secs] 
8.987: [GC (Allocation Failure) 8.987: [DefNew: 959K->63K(960K), 0.0006519 secs] 55190K->54505K(524224K), 0.0006791 secs] [Times: user=0.00 sys=0.00, real=0.00 secs] 
8.992: [GC (Allocation Failure) 8.992: [DefNew: 959K->63K(960K), 0.0007727 secs] 55451K->54759K(524224K), 0.0008004 secs] [Times: user=0.00 sys=0.00, real=0.00 secs] 
8.996: [GC (Allocation Failure) 8.996: [DefNew: 959K->64K(960K), 0.0006819 secs] 55706K->55014K(524224K), 0.0007119 secs] [Times: user=0.00 sys=0.00, real=0.00 secs] 
8.998: [GC (Allocation Failure) 8.998: [DefNew: 960K->63K(960K), 0.0012776 secs] 55933K->55340K(524224K), 0.0013128 secs] [Times: user=0.00 sys=0.00, real=0.00 secs] 
9.001: [GC (Allocation Failure) 9.001: [DefNew: 959K->63K(960K), 0.0008972 secs] 56267K->55666K(524224K), 0.0009268 secs] [Times: user=0.00 sys=0.00, real=0.00 secs] 
9.005: [GC (Allocation Failure) 9.005: [DefNew: 959K->63K(960K), 0.0006724 secs] 56605K->55938K(524224K), 0.0006989 secs] [Times: user=0.00 sys=0.00, real=0.00 secs] 
9.007: [GC (Allocation Failure) 9.007: [DefNew: 959K->63K(960K), 0.0006700 secs] 56886K->56188K(524224K), 0.0006929 secs] [Times: user=0.00 sys=0.00, real=0.00 secs] 
9.012: [GC (Allocation Failure) 9.012: [DefNew: 959K->63K(960K), 0.0007929 secs] 57129K->56449K(524224K), 0.0008225 secs] [Times: user=0.03 sys=0.00, real=0.00 secs] 
9.017: [GC (Allocation Failure) 9.017: [DefNew: 959K->63K(960K), 0.0008079 secs] 57381K->56754K(524224K), 0.0008407 secs] [Times: user=0.00 sys=0.00, real=0.00 secs] 
9.019: [GC (Allocation Failure) 9.019: [DefNew: 959K->63K(960K), 0.0006941 secs] 57704K->57014K(524224K), 0.0007178 secs] [Times: user=0.00 sys=0.00, real=0.00 secs] 
9.024: [GC (Allocation Failure) 9.024: [DefNew: 959K->63K(960K), 0.0008431 secs] 57958K->57273K(524224K), 0.0008715 secs] [Times: user=0.00 sys=0.00, real=0.00 secs] 
9.027: [GC (Allocation Failure) 9.027: [DefNew: 959K->64K(960K), 0.0007968 secs] 58219K->57526K(524224K), 0.0008261 secs] [Times: user=0.00 sys=0.00, real=0.00 secs] 
9.030: [GC (Allocation Failure) 9.030: [DefNew: 960K->63K(960K), 0.0014846 secs] 58455K->57830K(524224K), 0.0015376 secs] [Times: user=0.00 sys=0.00, real=0.00 secs] 
9.034: [GC (Allocation Failure) 9.034: [DefNew: 959K->63K(960K), 0.0007155 secs] 58781K->58080K(524224K), 0.0007554 secs] [Times: user=0.00 sys=0.00, real=0.00 secs] 
9.038: [GC (Allocation Failure) 9.038: [DefNew: 959K->64K(960K), 0.0006598 secs] 59030K->58333K(524224K), 0.0007024 secs] [Times: user=0.00 sys=0.00, real=0.00 secs] 
9.040: [GC (Allocation Failure) 9.040: [DefNew: 960K->64K(960K), 0.0006771 secs] 59283K->58585K(524224K), 0.0007194 secs] [Times: user=0.00 sys=0.00, real=0.00 secs] 
9.044: [GC (Allocation Failure) 9.044: [DefNew: 960K->64K(960K), 0.0007901 secs] 59518K->58881K(524224K), 0.0008316 secs] [Times: user=0.00 sys=0.00, real=0.00 secs] 
9.046: [GC (Allocation Failure) 9.046: [DefNew: 960K->64K(960K), 0.0005906 secs] 59833K->59130K(524224K), 0.0006127 secs] [Times: user=0.00 sys=0.00, real=0.00 secs] 
9.049: [GC (Allocation Failure) 9.049: [DefNew: 960K->63K(960K), 0.0011421 secs] 60074K->59394K(524224K), 0.0012128 secs] [Times: user=0.00 sys=0.00, real=0.00 secs] 
9.054: [GC (Allocation Failure) 9.054: [DefNew: 959K->64K(960K), 0.0008964 secs] 60332K->59665K(524224K), 0.0009252 secs] [Times: user=0.00 sys=0.00, real=0.00 secs] 
9.057: [GC (Allocation Failure) 9.057: [DefNew: 960K->63K(960K), 0.0007921 secs] 60606K->59933K(524224K), 0.0008178 secs] [Times: user=0.00 sys=0.00, real=0.00 secs] 
9.061: [GC (Allocation Failure) 9.061: [DefNew: 959K->64K(960K), 0.0009161 secs] 60863K->60269K(524224K), 0.0009778 secs] [Times: user=0.00 sys=0.00, real=0.00 secs] 
9.064: [GC (Allocation Failure) 9.064: [DefNew: 960K->64K(960K), 0.0008679 secs] 61212K->60525K(524224K), 0.0009079 secs] [Times: user=0.00 sys=0.00, real=0.00 secs] 
9.066: [GC (Allocation Failure) 9.066: [DefNew: 960K->63K(960K), 0.0007957 secs] 61476K->60780K(524224K), 0.0008359 secs] [Times: user=0.00 sys=0.00, real=0.00 secs] 
9.070: [GC (Allocation Failure) 9.070: [DefNew: 959K->64K(960K), 0.0006206 secs] 61724K->61042K(524224K), 0.0006455 secs] [Times: user=0.00 sys=0.00, real=0.00 secs] 
9.075: [GC (Allocation Failure) 9.075: [DefNew: 960K->63K(960K), 0.0026967 secs] 61982K->61635K(524224K), 0.0027962 secs] [Times: user=0.02 sys=0.00, real=0.00 secs] 
9.079: [GC (Allocation Failure) 9.079: [DefNew: 959K->63K(960K), 0.0042742 secs] 62575K->62370K(524224K), 0.0043461 secs] [Times: user=0.00 sys=0.00, real=0.00 secs] 
9.087: [GC (Allocation Failure) 9.087: [DefNew: 959K->63K(960K), 0.0010710 secs] 63323K->62618K(524224K), 0.0010923 secs] [Times: user=0.00 sys=0.00, real=0.00 secs] 
9.090: [GC (Allocation Failure) 9.090: [DefNew: 959K->63K(960K), 0.0007633 secs] 63563K->62874K(524224K), 0.0008055 secs] [Times: user=0.00 sys=0.00, real=0.00 secs] 
9.092: [GC (Allocation Failure) 9.092: [DefNew: 959K->63K(960K), 0.0011319 secs] 63816K->63144K(524224K), 0.0011757 secs] [Times: user=0.00 sys=0.00, real=0.00 secs] 
9.097: [GC (Allocation Failure) 9.097: [DefNew: 959K->64K(960K), 0.0006546 secs] 64094K->63395K(524224K), 0.0006779 secs] [Times: user=0.00 sys=0.00, real=0.00 secs] 
9.101: [GC (Allocation Failure) 9.101: [DefNew: 960K->63K(960K), 0.0008217 secs] 64334K->63665K(524224K), 0.0008612 secs] [Times: user=0.00 sys=0.00, real=0.00 secs] 
9.103: [GC (Allocation Failure) 9.103: [DefNew: 959K->63K(960K), 0.0007992 secs] 64589K->63964K(524224K), 0.0008336 secs] [Times: user=0.00 sys=0.00, real=0.00 secs] 
9.106: [GC (Allocation Failure) 9.106: [DefNew: 959K->63K(960K), 0.0007589 secs] 64908K->64222K(524224K), 0.0008012 secs] [Times: user=0.01 sys=0.00, real=0.00 secs] 
9.108: [GC (Allocation Failure) 9.108: [DefNew: 959K->64K(960K), 0.0007253 secs] 65169K->64481K(524224K), 0.0007660 secs] [Times: user=0.00 sys=0.00, real=0.00 secs] 
9.112: [GC (Allocation Failure) 9.112: [DefNew: 960K->64K(960K), 0.0006795 secs] 65415K->64764K(524224K), 0.0007115 secs] [Times: user=0.00 sys=0.00, real=0.00 secs] 
9.117: [GC (Allocation Failure) 9.117: [DefNew: 960K->64K(960K), 0.0007135 secs] 65715K->65020K(524224K), 0.0007538 secs] [Times: user=0.00 sys=0.00, real=0.00 secs] 
9.119: [GC (Allocation Failure) 9.119: [DefNew: 960K->63K(960K), 0.0006969 secs] 65970K->65276K(524224K), 0.0007364 secs] [Times: user=0.00 sys=0.00, real=0.00 secs] 
9.123: [GC (Allocation Failure) 9.123: [DefNew: 959K->64K(960K), 0.0010445 secs] 66221K->65531K(524224K), 0.0011220 secs] [Times: user=0.00 sys=0.00, real=0.00 secs] 
9.128: [GC (Allocation Failure) 9.128: [DefNew: 960K->63K(960K), 0.0008067 secs] 66473K->65794K(524224K), 0.0008739 secs] [Times: user=0.00 sys=0.00, real=0.00 secs] 
9.130: [GC (Allocation Failure) 9.130: [DefNew: 959K->64K(960K), 0.0006285 secs] 66745K->66040K(524224K), 0.0006890 secs] [Times: user=0.00 sys=0.00, real=0.00 secs] 
9.134: [GC (Allocation Failure) 9.134: [DefNew: 960K->63K(960K), 0.0005373 secs] 66990K->66287K(524224K), 0.0005582 secs] [Times: user=0.00 sys=0.00, real=0.00 secs] 
9.138: [GC (Allocation Failure) 9.138: [DefNew: 959K->64K(960K), 0.0007162 secs] 67229K->66549K(524224K), 0.0007569 secs] [Times: user=0.00 sys=0.00, real=0.00 secs] 
9.140: [GC (Allocation Failure) 9.140: [DefNew: 960K->63K(960K), 0.0009181 secs] 67480K->66845K(524224K), 0.0009647 secs] [Times: user=0.00 sys=0.00, real=0.00 secs] 
9.143: [GC (Allocation Failure) 9.143: [DefNew: 959K->64K(960K), 0.0005590 secs] 67798K->67094K(524224K), 0.0005807 secs] [Times: user=0.00 sys=0.00, real=0.00 secs] 
9.146: [GC (Allocation Failure) 9.146: [DefNew: 960K->64K(960K), 0.0006522 secs] 68051K->67341K(524224K), 0.0006918 secs] [Times: user=0.00 sys=0.00, real=0.00 secs] 
9.148: [GC (Allocation Failure) 9.148: [DefNew: 960K->63K(960K), 0.0008387 secs] 68293K->67599K(524224K), 0.0008790 secs] [Times: user=0.00 sys=0.00, real=0.00 secs] 
9.152: [GC (Allocation Failure) 9.152: [DefNew: 959K->63K(960K), 0.0009252 secs] 68534K->67872K(524224K), 0.0009782 secs] [Times: user=0.00 sys=0.00, real=0.00 secs] 
9.157: [GC (Allocation Failure) 9.157: [DefNew: 959K->63K(960K), 0.0011184 secs] 68823K->68126K(524224K), 0.0011520 secs] [Times: user=0.00 sys=0.00, real=0.00 secs] 
9.160: [GC (Allocation Failure) 9.160: [DefNew: 959K->63K(960K), 0.0007870 secs] 69070K->68389K(524224K), 0.0008174 secs] [Times: user=0.00 sys=0.00, real=0.00 secs] 
9.164: [GC (Allocation Failure) 9.164: [DefNew: 959K->63K(960K), 0.0008162 secs] 69328K->68675K(524224K), 0.0008600 secs] [Times: user=0.00 sys=0.00, real=0.00 secs] 
9.167: [GC (Allocation Failure) 9.167: [DefNew: 959K->63K(960K), 0.0007285 secs] 69623K->68929K(524224K), 0.0007692 secs] [Times: user=0.00 sys=0.00, real=0.00 secs] 
9.169: [GC (Allocation Failure) 9.169: [DefNew: 959K->64K(960K), 0.0012077 secs] 69861K->69236K(524224K), 0.0012745 secs] [Times: user=0.02 sys=0.00, real=0.00 secs] 
9.175: [GC (Allocation Failure) 9.175: [DefNew: 960K->63K(960K), 0.0007451 secs] 70175K->69513K(524224K), 0.0007854 secs] [Times: user=0.00 sys=0.00, real=0.00 secs] 
9.179: [GC (Allocation Failure) 9.179: [DefNew: 959K->63K(960K), 0.0007139 secs] 70459K->69771K(524224K), 0.0007585 secs] [Times: user=0.00 sys=0.00, real=0.00 secs] 
9.181: [GC (Allocation Failure) 9.181: [DefNew: 959K->63K(960K), 0.0006842 secs] 70717K->70028K(524224K), 0.0007245 secs] [Times: user=0.00 sys=0.00, real=0.00 secs] 
9.184: [GC (Allocation Failure) 9.184: [DefNew: 959K->64K(960K), 0.0008201 secs] 70975K->70287K(524224K), 0.0008597 secs] [Times: user=0.00 sys=0.00, real=0.00 secs] 
9.186: [GC (Allocation Failure) 9.186: [DefNew: 960K->63K(960K), 0.0018058 secs] 71231K->70554K(524224K), 0.0019117 secs] [Times: user=0.00 sys=0.00, real=0.00 secs] 
9.191: [GC (Allocation Failure) 9.191: [DefNew: 959K->63K(960K), 0.0009233 secs] 71484K->70840K(524224K), 0.0009576 secs] [Times: user=0.00 sys=0.00, real=0.00 secs] 
9.194: [GC (Allocation Failure) 9.195: [DefNew: 959K->64K(960K), 0.0007083 secs] 71788K->71093K(524224K), 0.0007396 secs] [Times: user=0.00 sys=0.00, real=0.00 secs] 
9.197: [GC (Allocation Failure) 9.197: [DefNew: 960K->64K(960K), 0.0007174 secs] 72029K->71371K(524224K), 0.0007423 secs] [Times: user=0.00 sys=0.00, real=0.00 secs] 
9.201: [GC (Allocation Failure) 9.201: [DefNew: 960K->64K(960K), 0.0011164 secs] 72306K->71651K(524224K), 0.0011480 secs] [Times: user=0.00 sys=0.00, real=0.00 secs] 
9.206: [GC (Allocation Failure) 9.206: [DefNew: 960K->64K(960K), 0.0007822 secs] 72593K->71910K(524224K), 0.0008277 secs] [Times: user=0.00 sys=0.00, real=0.00 secs] 
9.208: [GC (Allocation Failure) 9.208: [DefNew: 960K->64K(960K), 0.0009908 secs] 72850K->72186K(524224K), 0.0010359 secs] [Times: user=0.00 sys=0.00, real=0.00 secs] 
9.212: [GC (Allocation Failure) 9.212: [DefNew: 960K->64K(960K), 0.0008277 secs] 73124K->72461K(524224K), 0.0008636 secs] [Times: user=0.00 sys=0.00, real=0.00 secs] 
9.216: [GC (Allocation Failure) 9.216: [DefNew: 960K->64K(960K), 0.0014874 secs] 73404K->72723K(524224K), 0.0015455 secs] [Times: user=0.01 sys=0.00, real=0.00 secs] 
9.221: [GC (Allocation Failure) 9.221: [DefNew: 960K->64K(960K), 0.0008695 secs] 73655K->73000K(524224K), 0.0009015 secs] [Times: user=0.00 sys=0.00, real=0.00 secs] 
9.226: [GC (Allocation Failure) 9.226: [DefNew: 960K->64K(960K), 0.0011085 secs] 73923K->73326K(524224K), 0.0011540 secs] [Times: user=0.00 sys=0.00, real=0.00 secs] 
9.229: [GC (Allocation Failure) 9.229: [DefNew: 960K->63K(960K), 0.0017118 secs] 74239K->73723K(524224K), 0.0017711 secs] [Times: user=0.00 sys=0.00, real=0.00 secs] 
9.233: [GC (Allocation Failure) 9.233: [DefNew: 959K->63K(960K), 0.0009237 secs] 74644K->74028K(524224K), 0.0009564 secs] [Times: user=0.00 sys=0.00, real=0.00 secs] 
9.238: [GC (Allocation Failure) 9.238: [DefNew: 959K->63K(960K), 0.0007518 secs] 74973K->74286K(524224K), 0.0007842 secs] [Times: user=0.00 sys=0.00, real=0.00 secs] 
9.242: [GC (Allocation Failure) 9.242: [DefNew: 959K->63K(960K), 0.0009588 secs] 75208K->74655K(524224K), 0.0009991 secs] [Times: user=0.00 sys=0.00, real=0.00 secs] 
9.246: [GC (Allocation Failure) 9.246: [DefNew: 959K->63K(960K), 0.0010102 secs] 75575K->74993K(524224K), 0.0010477 secs] [Times: user=0.02 sys=0.00, real=0.00 secs] 
9.251: [GC (Allocation Failure) 9.251: [DefNew: 959K->63K(960K), 0.0009501 secs] 75938K->75250K(524224K), 0.0009813 secs] [Times: user=0.00 sys=0.00, real=0.00 secs] 
9.254: [GC (Allocation Failure) 9.254: [DefNew: 959K->64K(960K), 0.0008474 secs] 76195K->75509K(524224K), 0.0008727 secs] [Times: user=0.00 sys=0.00, real=0.00 secs] 
9.259: [GC (Allocation Failure) 9.259: [DefNew: 960K->63K(960K), 0.0008565 secs] 76452K->75772K(524224K), 0.0008905 secs] [Times: user=0.00 sys=0.00, real=0.00 secs] 
